Archive member included to satisfy reference by file (symbol)

C:/NXP/S32DS_ARM_v2.2/S32DS/build_tools/gcc_v6.3/gcc-6.3-arm32-eabi/arm-none-eabi/newlib/lib/thumb/v7e-m\libc.a(lib_a-exit.o)
                              C:/NXP/S32DS_ARM_v2.2/S32DS/build_tools/gcc_v6.3/gcc-6.3-arm32-eabi/arm-none-eabi/newlib/lib/thumb/v7e-m/crt0.o (exit)
C:/NXP/S32DS_ARM_v2.2/S32DS/build_tools/gcc_v6.3/gcc-6.3-arm32-eabi/arm-none-eabi/newlib/lib/thumb/v7e-m\libc.a(lib_a-impure.o)
                              C:/NXP/S32DS_ARM_v2.2/S32DS/build_tools/gcc_v6.3/gcc-6.3-arm32-eabi/arm-none-eabi/newlib/lib/thumb/v7e-m\libc.a(lib_a-exit.o) (_global_impure_ptr)
C:/NXP/S32DS_ARM_v2.2/S32DS/build_tools/gcc_v6.3/gcc-6.3-arm32-eabi/arm-none-eabi/newlib/lib/thumb/v7e-m\libc.a(lib_a-init.o)
                              C:/NXP/S32DS_ARM_v2.2/S32DS/build_tools/gcc_v6.3/gcc-6.3-arm32-eabi/arm-none-eabi/newlib/lib/thumb/v7e-m/crt0.o (__libc_init_array)
C:/NXP/S32DS_ARM_v2.2/S32DS/build_tools/gcc_v6.3/gcc-6.3-arm32-eabi/arm-none-eabi/newlib/lib/thumb/v7e-m\libc.a(lib_a-memset.o)
                              C:/NXP/S32DS_ARM_v2.2/S32DS/build_tools/gcc_v6.3/gcc-6.3-arm32-eabi/arm-none-eabi/newlib/lib/thumb/v7e-m/crt0.o (memset)
C:/NXP/S32DS_ARM_v2.2/S32DS/build_tools/gcc_v6.3/gcc-6.3-arm32-eabi/arm-none-eabi/newlib/lib/thumb/v7e-m\libc.a(lib_a-__call_atexit.o)
                              C:/NXP/S32DS_ARM_v2.2/S32DS/build_tools/gcc_v6.3/gcc-6.3-arm32-eabi/arm-none-eabi/newlib/lib/thumb/v7e-m\libc.a(lib_a-exit.o) (__call_exitprocs)
C:/NXP/S32DS_ARM_v2.2/S32DS/build_tools/gcc_v6.3/gcc-6.3-arm32-eabi/arm-none-eabi/newlib/lib/thumb/v7e-m\libc.a(lib_a-fini.o)
                              C:/NXP/S32DS_ARM_v2.2/S32DS/build_tools/gcc_v6.3/gcc-6.3-arm32-eabi/arm-none-eabi/newlib/lib/thumb/v7e-m\libc.a(lib_a-__call_atexit.o) (__libc_fini_array)
C:/NXP/S32DS_ARM_v2.2/S32DS/build_tools/gcc_v6.3/gcc-6.3-arm32-eabi/arm-none-eabi/newlib/lib/thumb/v7e-m\libc.a(lib_a-atexit.o)
                              C:/NXP/S32DS_ARM_v2.2/S32DS/build_tools/gcc_v6.3/gcc-6.3-arm32-eabi/arm-none-eabi/newlib/lib/thumb/v7e-m\libc.a(lib_a-__call_atexit.o) (atexit)
C:/NXP/S32DS_ARM_v2.2/S32DS/build_tools/gcc_v6.3/gcc-6.3-arm32-eabi/arm-none-eabi/newlib/lib/thumb/v7e-m\libc.a(lib_a-__atexit.o)
                              C:/NXP/S32DS_ARM_v2.2/S32DS/build_tools/gcc_v6.3/gcc-6.3-arm32-eabi/arm-none-eabi/newlib/lib/thumb/v7e-m\libc.a(lib_a-atexit.o) (__register_exitproc)
C:/NXP/S32DS_ARM_v2.2/S32DS/build_tools/gcc_v6.3/gcc-6.3-arm32-eabi/arm-none-eabi/newlib/lib/thumb/v7e-m\libnosys.a(_exit.o)
                              C:/NXP/S32DS_ARM_v2.2/S32DS/build_tools/gcc_v6.3/gcc-6.3-arm32-eabi/arm-none-eabi/newlib/lib/thumb/v7e-m\libc.a(lib_a-exit.o) (_exit)

Allocating common symbols
Common symbol       size              file

Det_ErrorId         0x8               ./LR_DET/src/Det.o
Det_RuntimeErrorId  0x8               ./LR_DET/src/Det.o
Det_RuntimeModuleId
                    0x10              ./LR_DET/src/Det.o
Dem_OverflowEvent   0x1               ./LR_DEM/src/Dem.o
Dem_au8ExtendedData
                    0x64              ./LR_DEM/src/Dem.o
Det_TransientFaultId
                    0x8               ./LR_DET/src/Det.o
Dem_EventStatus     0x100             ./LR_DEM/src/Dem.o
Det_InstanceId      0x8               ./LR_DET/src/Det.o
Det_TransientApiId  0x8               ./LR_DET/src/Det.o
Det_numEventErrors  0x4               ./LR_DET/src/Det.o
Det_numRuntimeEventErrors
                    0x4               ./LR_DET/src/Det.o
Det_ApiId           0x8               ./LR_DET/src/Det.o
Det_numTransientEventErrors
                    0x4               ./LR_DET/src/Det.o
Det_TransientModuleId
                    0x10              ./LR_DET/src/Det.o
Det_OverflowEvent   0x1               ./LR_DET/src/Det.o
Det_RuntimeApiId    0x8               ./LR_DET/src/Det.o
Det_TransientOverflowEvent
                    0x1               ./LR_DET/src/Det.o
Det_ModuleId        0x10              ./LR_DET/src/Det.o
Det_RuntimeOverflowEvent
                    0x1               ./LR_DET/src/Det.o
Dem_EventId         0x200             ./LR_DEM/src/Dem.o
Det_TransientInstanceId
                    0x8               ./LR_DET/src/Det.o
Det_RuntimeInstanceId
                    0x8               ./LR_DET/src/Det.o

Discarded input sections

 .text          0x00000000        0x0 c:/nxp/s32ds_arm_v2.2/s32ds/build_tools/gcc_v6.3/gcc-6.3-arm32-eabi/bin/../lib/gcc/arm-none-eabi/6.3.1/thumb/v7e-m/crti.o
 .data          0x00000000        0x0 c:/nxp/s32ds_arm_v2.2/s32ds/build_tools/gcc_v6.3/gcc-6.3-arm32-eabi/bin/../lib/gcc/arm-none-eabi/6.3.1/thumb/v7e-m/crti.o
 .bss           0x00000000        0x0 c:/nxp/s32ds_arm_v2.2/s32ds/build_tools/gcc_v6.3/gcc-6.3-arm32-eabi/bin/../lib/gcc/arm-none-eabi/6.3.1/thumb/v7e-m/crti.o
 .data          0x00000000        0x4 c:/nxp/s32ds_arm_v2.2/s32ds/build_tools/gcc_v6.3/gcc-6.3-arm32-eabi/bin/../lib/gcc/arm-none-eabi/6.3.1/thumb/v7e-m/crtbegin.o
[...]
Memory Configuration

Name             Origin             Length             Attributes
m_interrupts     0x1fff8000         0x00000400         xr
m_text           0x1fff8400         0x00007c00         xr
m_data           0x20000000         0x00007000         rw
*default*        0x00000000         0xffffffff

Linker script and memory map

LOAD c:/nxp/s32ds_arm_v2.2/s32ds/build_tools/gcc_v6.3/gcc-6.3-arm32-eabi/bin/../lib/gcc/arm-none-eabi/6.3.1/thumb/v7e-m/crti.o
LOAD c:/nxp/s32ds_arm_v2.2/s32ds/build_tools/gcc_v6.3/gcc-6.3-arm32-eabi/bin/../lib/gcc/arm-none-eabi/6.3.1/thumb/v7e-m/crtbegin.o
LOAD C:/NXP/S32DS_ARM_v2.2/S32DS/build_tools/gcc_v6.3/gcc-6.3-arm32-eabi/arm-none-eabi/newlib/lib/thumb/v7e-m/crt0.o
LOAD ./EB_gen/src/Dio_Cfg.o
LOAD ./EB_gen/src/Mcu_Cfg.o
LOAD ./EB_gen/src/Mcu_PBcfg.o
LOAD ./EB_gen/src/Port_Cfg.o
LOAD ./EB_gen/src/Port_PBcfg.o
LOAD ./LR_DEM/src/Dem.o
LOAD ./LR_DET/src/Det.o
LOAD ./LR_DIO/src/Dio.o
LOAD ./LR_DIO/src/Dio_Gpio.o
LOAD ./LR_MCU/src/Mcu.o
LOAD ./LR_MCU/src/Mcu_CMU.o
LOAD ./LR_MCU/src/Mcu_CMU_Irq.o
LOAD ./LR_MCU/src/Mcu_CortexM4.o
LOAD ./LR_MCU/src/Mcu_IPW.o
LOAD ./LR_MCU/src/Mcu_IPW_Irq.o
LOAD ./LR_MCU/src/Mcu_PCC.o
LOAD ./LR_MCU/src/Mcu_PMC.o
LOAD ./LR_MCU/src/Mcu_PMC_Irq.o
LOAD ./LR_MCU/src/Mcu_RCM.o
LOAD ./LR_MCU/src/Mcu_RCM_Irq.o
LOAD ./LR_MCU/src/Mcu_SCG.o
LOAD ./LR_MCU/src/Mcu_SIM.o
LOAD ./LR_MCU/src/Mcu_SMC.o
LOAD ./LR_PORT/src/Port.o
LOAD ./LR_PORT/src/Port_Ipw.o
LOAD ./LR_PORT/src/Port_Port_Ci.o
LOAD ./LR_RTE/src/SchM_Dio.o
LOAD ./LR_RTE/src/SchM_Port.o
LOAD ./Project_Settings/Startup_Code/startup.o
LOAD ./Project_Settings/Startup_Code/startup_S32K144.o
LOAD ./Project_Settings/Startup_Code/system_S32K144.o
LOAD ./src/main.o
START GROUP
LOAD c:/nxp/s32ds_arm_v2.2/s32ds/build_tools/gcc_v6.3/gcc-6.3-arm32-eabi/bin/../lib/gcc/arm-none-eabi/6.3.1/thumb/v7e-m\libgcc.a
LOAD C:/NXP/S32DS_ARM_v2.2/S32DS/build_tools/gcc_v6.3/gcc-6.3-arm32-eabi/arm-none-eabi/newlib/lib/thumb/v7e-m\libc.a
END GROUP
START GROUP
LOAD c:/nxp/s32ds_arm_v2.2/s32ds/build_tools/gcc_v6.3/gcc-6.3-arm32-eabi/bin/../lib/gcc/arm-none-eabi/6.3.1/thumb/v7e-m\libgcc.a
LOAD C:/NXP/S32DS_ARM_v2.2/S32DS/build_tools/gcc_v6.3/gcc-6.3-arm32-eabi/arm-none-eabi/newlib/lib/thumb/v7e-m\libc.a
LOAD C:/NXP/S32DS_ARM_v2.2/S32DS/build_tools/gcc_v6.3/gcc-6.3-arm32-eabi/arm-none-eabi/newlib/lib/thumb/v7e-m\libnosys.a
END GROUP
LOAD c:/nxp/s32ds_arm_v2.2/s32ds/build_tools/gcc_v6.3/gcc-6.3-arm32-eabi/bin/../lib/gcc/arm-none-eabi/6.3.1/thumb/v7e-m/crtend.o
LOAD c:/nxp/s32ds_arm_v2.2/s32ds/build_tools/gcc_v6.3/gcc-6.3-arm32-eabi/bin/../lib/gcc/arm-none-eabi/6.3.1/thumb/v7e-m/crtn.o
                0x00000400                HEAP_SIZE = DEFINED (__heap_size__)?__heap_size__:0x400
                0x00000400                STACK_SIZE = DEFINED (__stack_size__)?__stack_size__:0x400

.interrupts     0x1fff8000      0x400
                0x1fff8000                __VECTOR_TABLE = .
                0x1fff8000                __interrupts_start__ = .
                0x1fff8000                . = ALIGN (0x4)
 *(.isr_vector)
 .isr_vector    0x1fff8000      0x400 ./Project_Settings/Startup_Code/startup_S32K144.o
                0x1fff8000                __isr_vector
                0x1fff8400                __interrupts_end__ = .
                0x1fff8400                . = ALIGN (0x4)
                0x1fff8000                __VECTOR_RAM = __VECTOR_TABLE
                0x00000000                __RAM_VECTOR_TABLE_SIZE = 0x0

.text           0x1fff8400     0x1898
                0x1fff8400                . = ALIGN (0x4)
 *(.text)
 .text          0x1fff8400       0xa4 c:/nxp/s32ds_arm_v2.2/s32ds/build_tools/gcc_v6.3/gcc-6.3-arm32-eabi/bin/../lib/gcc/arm-none-eabi/6.3.1/thumb/v7e-m/crtbegin.o
 .text          0x1fff84a4       0x74 C:/NXP/S32DS_ARM_v2.2/S32DS/build_tools/gcc_v6.3/gcc-6.3-arm32-eabi/arm-none-eabi/newlib/lib/thumb/v7e-m/crt0.o
                0x1fff84a4                _start
                0x1fff84a4                _mainCRTStartup
 .text          0x1fff8518       0x4c ./Project_Settings/Startup_Code/startup_S32K144.o
                0x1fff8518                Reset_Handler
                0x1fff8560                DebugMon_Handler
                0x1fff8560                Reserved88_IRQHandler
                0x1fff8560                CAN0_ORed_IRQHandler
                0x1fff8560                HardFault_Handler
                0x1fff8560                Reserved86_IRQHandler
                0x1fff8560                Reserved103_IRQHandler
                0x1fff8560                SysTick_Handler
                0x1fff8560                FTM2_Ovf_Reload_IRQHandler
                0x1fff8560                Reserved50_IRQHandler
                0x1fff8560                FTFC_Fault_IRQHandler
                0x1fff8560                FTM0_Ch6_Ch7_IRQHandler
                0x1fff8560                Reserved114_IRQHandler
                0x1fff8560                PendSV_Handler
                0x1fff8560                NMI_Handler
                0x1fff8560                Reserved89_IRQHandler
                0x1fff8560                ERM_double_fault_IRQHandler
                0x1fff8560                DMA2_IRQHandler
                0x1fff8560                Reserved59_IRQHandler
                0x1fff8560                LPIT0_Ch0_IRQHandler
                0x1fff8560                Reserved99_IRQHandler
                0x1fff8560                FTM3_Ch6_Ch7_IRQHandler
                0x1fff8560                CAN2_ORed_0_15_MB_IRQHandler
                0x1fff8560                LPIT0_Ch3_IRQHandler
                0x1fff8560                Reserved92_IRQHandler
                0x1fff8560                FTM0_Ch4_Ch5_IRQHandler
                0x1fff8560                CAN1_Error_IRQHandler
                0x1fff8560                FTM3_Ch0_Ch1_IRQHandler
                0x1fff8560                SWI_IRQHandler
                0x1fff8560                ADC0_IRQHandler
                0x1fff8560                FTM2_Ch4_Ch5_IRQHandler
                0x1fff8560                UsageFault_Handler
                0x1fff8560                FTM0_Ovf_Reload_IRQHandler
                0x1fff8560                DefaultISR
                0x1fff8560                DMA9_IRQHandler
                0x1fff8560                Reserved58_IRQHandler
                0x1fff8560                CAN1_ORed_0_15_MB_IRQHandler
                0x1fff8560                FTM1_Ch2_Ch3_IRQHandler
                0x1fff8560                DMA14_IRQHandler
                0x1fff8560                Reserved82_IRQHandler
                0x1fff8560                CAN0_ORed_16_31_MB_IRQHandler
                0x1fff8560                LPI2C0_Slave_IRQHandler
                0x1fff8560                Reserved71_IRQHandler
                0x1fff8560                PORTD_IRQHandler
                0x1fff8560                Reserved69_IRQHandler
                0x1fff8560                PORTB_IRQHandler
                0x1fff8560                Reserved70_IRQHandler
                0x1fff8560                ADC1_IRQHandler
                0x1fff8560                FTM2_Ch2_Ch3_IRQHandler
                0x1fff8560                Reserved53_IRQHandler
                0x1fff8560                DMA5_IRQHandler
                0x1fff8560                RTC_IRQHandler
                0x1fff8560                PDB0_IRQHandler
                0x1fff8560                Reserved54_IRQHandler
                0x1fff8560                FTM2_Ch6_Ch7_IRQHandler
                0x1fff8560                FTM3_Ch2_Ch3_IRQHandler
                0x1fff8560                FTM2_Ch0_Ch1_IRQHandler
                0x1fff8560                LPSPI1_IRQHandler
                0x1fff8560                LPUART1_RxTx_IRQHandler
                0x1fff8560                RTC_Seconds_IRQHandler
                0x1fff8560                CAN2_ORed_IRQHandler
                0x1fff8560                Reserved72_IRQHandler
                0x1fff8560                Reserved110_IRQHandler
                0x1fff8560                DMA11_IRQHandler
                0x1fff8560                Reserved107_IRQHandler
                0x1fff8560                Read_Collision_IRQHandler
                0x1fff8560                CAN2_Error_IRQHandler
                0x1fff8560                FTFC_IRQHandler
                0x1fff8560                DMA7_IRQHandler
                0x1fff8560                FTM1_Ch6_Ch7_IRQHandler
                0x1fff8560                Reserved105_IRQHandler
                0x1fff8560                LPIT0_Ch1_IRQHandler
                0x1fff8560                FTM1_Ch4_Ch5_IRQHandler
                0x1fff8560                FTM3_Ovf_Reload_IRQHandler
                0x1fff8560                LPUART2_RxTx_IRQHandler
                0x1fff8560                LPSPI0_IRQHandler
                0x1fff8560                WDOG_EWM_IRQHandler
                0x1fff8560                MemManage_Handler
                0x1fff8560                Reserved90_IRQHandler
                0x1fff8560                Reserved83_IRQHandler
                0x1fff8560                FTM0_Fault_IRQHandler
                0x1fff8560                Reserved48_IRQHandler
                0x1fff8560                SVC_Handler
                0x1fff8560                ERM_single_fault_IRQHandler
                0x1fff8560                FTM2_Fault_IRQHandler
                0x1fff8560                FTM0_Ch2_Ch3_IRQHandler
                0x1fff8560                DMA13_IRQHandler
                0x1fff8560                FTM0_Ch0_Ch1_IRQHandler
                0x1fff8560                FTM3_Fault_IRQHandler
                0x1fff8560                RCM_IRQHandler
                0x1fff8560                DMA3_IRQHandler
                0x1fff8560                Reserved100_IRQHandler
                0x1fff8560                DMA0_IRQHandler
                0x1fff8560                Reserved91_IRQHandler
                0x1fff8560                CAN1_ORed_IRQHandler
                0x1fff8560                DMA15_IRQHandler
                0x1fff8560                SCG_IRQHandler
                0x1fff8560                PDB1_IRQHandler
                0x1fff8560                Reserved81_IRQHandler
                0x1fff8560                Reserved46_IRQHandler
                0x1fff8560                Reserved45_IRQHandler
                0x1fff8560                CAN0_Error_IRQHandler
                0x1fff8560                Reserved112_IRQHandler
                0x1fff8560                LPI2C0_Master_IRQHandler
                0x1fff8560                DMA4_IRQHandler
                0x1fff8560                FTM1_Fault_IRQHandler
                0x1fff8560                Reserved106_IRQHandler
                0x1fff8560                DMA_Error_IRQHandler
                0x1fff8560                LVD_LVW_IRQHandler
                0x1fff8560                LPIT0_Ch2_IRQHandler
                0x1fff8560                PORTA_IRQHandler
                0x1fff8560                MCM_IRQHandler
                0x1fff8560                LPSPI2_IRQHandler
                0x1fff8560                DMA12_IRQHandler
                0x1fff8560                FTM3_Ch4_Ch5_IRQHandler
                0x1fff8560                CAN0_ORed_0_15_MB_IRQHandler
                0x1fff8560                PORTE_IRQHandler
                0x1fff8560                LPUART0_RxTx_IRQHandler
                0x1fff8560                LPTMR0_IRQHandler
                0x1fff8560                BusFault_Handler
                0x1fff8560                Reserved87_IRQHandler
                0x1fff8560                FTM1_Ovf_Reload_IRQHandler
                0x1fff8560                DMA8_IRQHandler
                0x1fff8560                Reserved93_IRQHandler
                0x1fff8560                DMA10_IRQHandler
                0x1fff8560                CAN0_Wake_Up_IRQHandler
                0x1fff8560                CMP0_IRQHandler
                0x1fff8560                Reserved52_IRQHandler
                0x1fff8560                PORTC_IRQHandler
                0x1fff8560                DMA6_IRQHandler
                0x1fff8560                FTM1_Ch0_Ch1_IRQHandler
                0x1fff8560                FLEXIO_IRQHandler
                0x1fff8560                DMA1_IRQHandler
                0x1fff8560                Reserved113_IRQHandler
 *(.text*)
 .text.Det_ReportError
                0x1fff8564       0xcc ./LR_DET/src/Det.o
                0x1fff8564                Det_ReportError
 .text.Dio_WriteChannel
                0x1fff8630       0x24 ./LR_DIO/src/Dio.o
                0x1fff8630                Dio_WriteChannel
 .text.Dio_Gpio_WriteChannel
                0x1fff8654       0x68 ./LR_DIO/src/Dio_Gpio.o
                0x1fff8654                Dio_Gpio_WriteChannel
 .text.Mcu_CheckInit
                0x1fff86bc       0x2c ./LR_MCU/src/Mcu.o
 .text.Mcu_CheckInitRamSection
                0x1fff86e8       0xb8 ./LR_MCU/src/Mcu.o
 .text.Mcu_CheckInitClock
                0x1fff87a0       0x38 ./LR_MCU/src/Mcu.o
 .text.Mcu_HLDChecksEntry
                0x1fff87d8       0x54 ./LR_MCU/src/Mcu.o
 .text.Mcu_HLDChecksExit
                0x1fff882c       0x40 ./LR_MCU/src/Mcu.o
 .text.Mcu_Init
                0x1fff886c       0xf8 ./LR_MCU/src/Mcu.o
                0x1fff886c                Mcu_Init
 .text.Mcu_InitRamSection
                0x1fff8964      0x114 ./LR_MCU/src/Mcu.o
                0x1fff8964                Mcu_InitRamSection
 .text.Mcu_InitClock
                0x1fff8a78       0x64 ./LR_MCU/src/Mcu.o
                0x1fff8a78                Mcu_InitClock
 .text.Mcu_Ipw_Init
                0x1fff8adc       0x38 ./LR_MCU/src/Mcu_IPW.o
                0x1fff8adc                Mcu_Ipw_Init
 .text.Mcu_Ipw_InitClock
                0x1fff8b14       0x9c ./LR_MCU/src/Mcu_IPW.o
                0x1fff8b14                Mcu_Ipw_InitClock
 .text.Mcu_PCC_PeripheralConfig
                0x1fff8bb0       0xac ./LR_MCU/src/Mcu_PCC.o
                0x1fff8bb0                Mcu_PCC_PeripheralConfig
 .text.Mcu_PMC_PowerInit
                0x1fff8c5c       0x44 ./LR_MCU/src/Mcu_PMC.o
                0x1fff8c5c                Mcu_PMC_PowerInit
 .text.Mcu_RCM_ResetInit
                0x1fff8ca0       0x38 ./LR_MCU/src/Mcu_RCM.o
                0x1fff8ca0                Mcu_RCM_ResetInit
 .text.Mcu_RCM_GetCurrentSystemResetIsrSettings
                0x1fff8cd8       0x28 ./LR_MCU/src/Mcu_RCM.o
                0x1fff8cd8                Mcu_RCM_GetCurrentSystemResetIsrSettings
 .text.Mcu_RCM_SystemResetIsrConfig
                0x1fff8d00       0x18 ./LR_MCU/src/Mcu_RCM.o
                0x1fff8d00                Mcu_RCM_SystemResetIsrConfig
 .text.Mcu_RCM_RestoreSystemResetIsrConfig
                0x1fff8d18       0x24 ./LR_MCU/src/Mcu_RCM.o
                0x1fff8d18                Mcu_RCM_RestoreSystemResetIsrConfig
 .text.Mcu_SCG_SystemClockInit
                0x1fff8d3c       0x68 ./LR_MCU/src/Mcu_SCG.o
                0x1fff8d3c                Mcu_SCG_SystemClockInit
 .text.Mcu_SCG_SoscInit
                0x1fff8da4       0xa8 ./LR_MCU/src/Mcu_SCG.o
                0x1fff8da4                Mcu_SCG_SoscInit
 .text.Mcu_SCG_SircInit
                0x1fff8e4c       0x88 ./LR_MCU/src/Mcu_SCG.o
                0x1fff8e4c                Mcu_SCG_SircInit
 .text.Mcu_SCG_FircInit
                0x1fff8ed4       0x84 ./LR_MCU/src/Mcu_SCG.o
                0x1fff8ed4                Mcu_SCG_FircInit
 .text.Mcu_SCG_SpllInit
                0x1fff8f58       0x70 ./LR_MCU/src/Mcu_SCG.o
                0x1fff8f58                Mcu_SCG_SpllInit
 .text.Mcu_SCG_PrepareSpllBeforeSoscInit
                0x1fff8fc8       0x38 ./LR_MCU/src/Mcu_SCG.o
                0x1fff8fc8                Mcu_SCG_PrepareSpllBeforeSoscInit
 .text.Mcu_SCG_GetCurrentPLLClockMonitorConfig
                0x1fff9000       0x24 ./LR_MCU/src/Mcu_SCG.o
                0x1fff9000                Mcu_SCG_GetCurrentPLLClockMonitorConfig
 .text.Mcu_SCG_RestorePLLClockMonitorConfig
                0x1fff9024       0x28 ./LR_MCU/src/Mcu_SCG.o
                0x1fff9024                Mcu_SCG_RestorePLLClockMonitorConfig
 .text.Mcu_SCG_DisableSpllClock
                0x1fff904c       0x1c ./LR_MCU/src/Mcu_SCG.o
                0x1fff904c                Mcu_SCG_DisableSpllClock
 .text.Mcu_SIM_Init
                0x1fff9068       0x98 ./LR_MCU/src/Mcu_SIM.o
                0x1fff9068                Mcu_SIM_Init
 .text.Mcu_SIM_ClockConfig
                0x1fff9100       0x78 ./LR_MCU/src/Mcu_SIM.o
                0x1fff9100                Mcu_SIM_ClockConfig
 .text.Mcu_SMC_AllowedModesConfig
                0x1fff9178       0x24 ./LR_MCU/src/Mcu_SMC.o
                0x1fff9178                Mcu_SMC_AllowedModesConfig
 .text.Port_Init
                0x1fff919c       0x34 ./LR_PORT/src/Port.o
                0x1fff919c                Port_Init
 .text.Port_Port_Ci_Init
                0x1fff91d0      0x394 ./LR_PORT/src/Port_Port_Ci.o
                0x1fff91d0                Port_Port_Ci_Init
 .text.init_data_bss
                0x1fff9564      0x128 ./Project_Settings/Startup_Code/startup.o
                0x1fff9564                init_data_bss
 .text.SystemInit
                0x1fff968c       0x30 ./Project_Settings/Startup_Code/system_S32K144.o
                0x1fff968c                SystemInit
 .text.main     0x1fff96bc       0x70 ./src/main.o
                0x1fff96bc                main
 .text.exit     0x1fff972c       0x20 C:/NXP/S32DS_ARM_v2.2/S32DS/build_tools/gcc_v6.3/gcc-6.3-arm32-eabi/arm-none-eabi/newlib/lib/thumb/v7e-m\libc.a(lib_a-exit.o)
                0x1fff972c                exit
 .text.__libc_init_array
                0x1fff974c       0x48 C:/NXP/S32DS_ARM_v2.2/S32DS/build_tools/gcc_v6.3/gcc-6.3-arm32-eabi/arm-none-eabi/newlib/lib/thumb/v7e-m\libc.a(lib_a-init.o)
                0x1fff974c                __libc_init_array
 .text.memset   0x1fff9794       0x10 C:/NXP/S32DS_ARM_v2.2/S32DS/build_tools/gcc_v6.3/gcc-6.3-arm32-eabi/arm-none-eabi/newlib/lib/thumb/v7e-m\libc.a(lib_a-memset.o)
                0x1fff9794                memset
 .text.startup.register_fini
                0x1fff97a4       0x14 C:/NXP/S32DS_ARM_v2.2/S32DS/build_tools/gcc_v6.3/gcc-6.3-arm32-eabi/arm-none-eabi/newlib/lib/thumb/v7e-m\libc.a(lib_a-__call_atexit.o)
 .text.__call_exitprocs
                0x1fff97b8       0xc8 C:/NXP/S32DS_ARM_v2.2/S32DS/build_tools/gcc_v6.3/gcc-6.3-arm32-eabi/arm-none-eabi/newlib/lib/thumb/v7e-m\libc.a(lib_a-__call_atexit.o)
                0x1fff97b8                __call_exitprocs
 .text.__libc_fini_array
                0x1fff9880       0x28 C:/NXP/S32DS_ARM_v2.2/S32DS/build_tools/gcc_v6.3/gcc-6.3-arm32-eabi/arm-none-eabi/newlib/lib/thumb/v7e-m\libc.a(lib_a-fini.o)
                0x1fff9880                __libc_fini_array
 .text.atexit   0x1fff98a8        0xc C:/NXP/S32DS_ARM_v2.2/S32DS/build_tools/gcc_v6.3/gcc-6.3-arm32-eabi/arm-none-eabi/newlib/lib/thumb/v7e-m\libc.a(lib_a-atexit.o)
                0x1fff98a8                atexit
 .text.__register_exitproc
                0x1fff98b4       0x98 C:/NXP/S32DS_ARM_v2.2/S32DS/build_tools/gcc_v6.3/gcc-6.3-arm32-eabi/arm-none-eabi/newlib/lib/thumb/v7e-m\libc.a(lib_a-__atexit.o)
                0x1fff98b4                __register_exitproc
 .text._exit    0x1fff994c        0x2 C:/NXP/S32DS_ARM_v2.2/S32DS/build_tools/gcc_v6.3/gcc-6.3-arm32-eabi/arm-none-eabi/newlib/lib/thumb/v7e-m\libnosys.a(_exit.o)
                0x1fff994c                _exit
 *(.rodata)
 *(.rodata*)
 *fill*         0x1fff994e        0x2 
 .rodata.Mcu_Ram_ConfigPB0
                0x1fff9950       0x40 ./EB_gen/src/Mcu_PBcfg.o
 .rodata.Mcu_Mode_ConfigPB0
                0x1fff9990        0x8 ./EB_gen/src/Mcu_PBcfg.o
 .rodata.SIM_ClockConfigPB0_0
                0x1fff9998        0xc ./EB_gen/src/Mcu_PBcfg.o
 .rodata.SOSC_ClockConfigPB0_0
                0x1fff99a4       0x18 ./EB_gen/src/Mcu_PBcfg.o
 .rodata.SIRC_ClockConfigPB0_0
                0x1fff99bc       0x18 ./EB_gen/src/Mcu_PBcfg.o
 .rodata.FIRC_ClockConfigPB0_0
                0x1fff99d4       0x18 ./EB_gen/src/Mcu_PBcfg.o
 .rodata.SPLL_ClockConfigPB0_0
                0x1fff99ec       0x18 ./EB_gen/src/Mcu_PBcfg.o
 .rodata.SCG_ClockConfigPB0_0
                0x1fff9a04       0x20 ./EB_gen/src/Mcu_PBcfg.o
 .rodata.PCC_aRegistersConfigPB0_0
                0x1fff9a24      0x100 ./EB_gen/src/Mcu_PBcfg.o
 .rodata.PCC_ClockConfigPB0_0
                0x1fff9b24        0x8 ./EB_gen/src/Mcu_PBcfg.o
 .rodata.Mcu_ClockConfigPB0
                0x1fff9b2c       0x14 ./EB_gen/src/Mcu_PBcfg.o
 .rodata.RCM_ResetConfigPB0
                0x1fff9b40        0x8 ./EB_gen/src/Mcu_PBcfg.o
 .rodata.SIM_ConfigPB0
                0x1fff9b48       0x1c ./EB_gen/src/Mcu_PBcfg.o
 .rodata.PMC_ConfigPB0
                0x1fff9b64        0x3 ./EB_gen/src/Mcu_PBcfg.o
 *fill*         0x1fff9b67        0x1 
 .rodata.SMC_ConfigPB0
                0x1fff9b68        0x4 ./EB_gen/src/Mcu_PBcfg.o
 .rodata.Mcu_HwIPsConfigPB0
                0x1fff9b6c       0x10 ./EB_gen/src/Mcu_PBcfg.o
 .rodata.Mcu_Config
                0x1fff9b7c       0x1c ./EB_gen/src/Mcu_PBcfg.o
                0x1fff9b7c                Mcu_Config
 .rodata.Port_au16NoUnUsedPadsArrayDefault
                0x1fff9b98       0xa4 ./EB_gen/src/Port_PBcfg.o
 .rodata.Port_UnUsedPin
                0x1fff9c3c        0x8 ./EB_gen/src/Port_PBcfg.o
 .rodata.Port_aPinConfigDefault
                0x1fff9c44       0x20 ./EB_gen/src/Port_PBcfg.o
 .rodata.Port_Config
                0x1fff9c64       0x18 ./EB_gen/src/Port_PBcfg.o
                0x1fff9c64                Port_Config
 .rodata._global_impure_ptr
                0x1fff9c7c        0x4 C:/NXP/S32DS_ARM_v2.2/S32DS/build_tools/gcc_v6.3/gcc-6.3-arm32-eabi/arm-none-eabi/newlib/lib/thumb/v7e-m\libc.a(lib_a-impure.o)
                0x1fff9c7c                _global_impure_ptr
 *(.glue_7)
 .glue_7        0x1fff9c80        0x0 linker stubs
 *(.glue_7t)
 .glue_7t       0x1fff9c80        0x0 linker stubs
 *(.eh_frame)
 .eh_frame      0x1fff9c80        0x0 c:/nxp/s32ds_arm_v2.2/s32ds/build_tools/gcc_v6.3/gcc-6.3-arm32-eabi/bin/../lib/gcc/arm-none-eabi/6.3.1/thumb/v7e-m/crtbegin.o
 *(.init)
 .init          0x1fff9c80        0x4 c:/nxp/s32ds_arm_v2.2/s32ds/build_tools/gcc_v6.3/gcc-6.3-arm32-eabi/bin/../lib/gcc/arm-none-eabi/6.3.1/thumb/v7e-m/crti.o
                0x1fff9c80                _init
 .init          0x1fff9c84        0x8 c:/nxp/s32ds_arm_v2.2/s32ds/build_tools/gcc_v6.3/gcc-6.3-arm32-eabi/bin/../lib/gcc/arm-none-eabi/6.3.1/thumb/v7e-m/crtn.o
 *(.fini)
 .fini          0x1fff9c8c        0x4 c:/nxp/s32ds_arm_v2.2/s32ds/build_tools/gcc_v6.3/gcc-6.3-arm32-eabi/bin/../lib/gcc/arm-none-eabi/6.3.1/thumb/v7e-m/crti.o
                0x1fff9c8c                _fini
 .fini          0x1fff9c90        0x8 c:/nxp/s32ds_arm_v2.2/s32ds/build_tools/gcc_v6.3/gcc-6.3-arm32-eabi/bin/../lib/gcc/arm-none-eabi/6.3.1/thumb/v7e-m/crtn.o
                0x1fff9c98                . = ALIGN (0x4)

.vfp11_veneer   0x1fff9c98        0x0
 .vfp11_veneer  0x1fff9c98        0x0 linker stubs

.v4_bx          0x1fff9c98        0x0
 .v4_bx         0x1fff9c98        0x0 linker stubs

.iplt           0x1fff9c98        0x0
 .iplt          0x1fff9c98        0x0 c:/nxp/s32ds_arm_v2.2/s32ds/build_tools/gcc_v6.3/gcc-6.3-arm32-eabi/bin/../lib/gcc/arm-none-eabi/6.3.1/thumb/v7e-m/crtbegin.o

.code_ram       0x1fff9c98        0x0
                0x1fff9c98                . = ALIGN (0x4)
                0x1fff9c98                __CODE_RAM = .
                0x1fff9c98                __code_ram_start__ = .
 *(.code_ram)
                0x1fff9c98                __CODE_ROM = .
                0x1fff9c98                __CODE_END = .
                0x1fff9c98                __code_ram_end__ = .
                0x1fff9c98                . = ALIGN (0x4)

.ARM.extab
 *(.ARM.extab* .gnu.linkonce.armextab.*)

.ARM            0x1fff9c98        0x8
                0x1fff9c98                __exidx_start = .
 *(.ARM.exidx*)
 .ARM.exidx     0x1fff9c98        0x8 C:/NXP/S32DS_ARM_v2.2/S32DS/build_tools/gcc_v6.3/gcc-6.3-arm32-eabi/arm-none-eabi/newlib/lib/thumb/v7e-m/crt0.o
                0x1fff9ca0                __exidx_end = .

.rel.dyn        0x1fff9ca0        0x0
 .rel.iplt      0x1fff9ca0        0x0 c:/nxp/s32ds_arm_v2.2/s32ds/build_tools/gcc_v6.3/gcc-6.3-arm32-eabi/bin/../lib/gcc/arm-none-eabi/6.3.1/thumb/v7e-m/crtbegin.o

.ctors          0x1fff9ca0        0x0
                0x1fff9ca0                __CTOR_LIST__ = .
 *crtbegin.o(.ctors)
 *crtbegin?.o(.ctors)
 *(EXCLUDE_FILE(*crtend.o *crtend?.o) .ctors)
 *(SORT(.ctors.*))
 *(.ctors)
                0x1fff9ca0                __CTOR_END__ = .

.dtors          0x1fff9ca0        0x0
                0x1fff9ca0                __DTOR_LIST__ = .
 *crtbegin.o(.dtors)
 *crtbegin?.o(.dtors)
 *(EXCLUDE_FILE(*crtend.o *crtend?.o) .dtors)
 *(SORT(.dtors.*))
 *(.dtors)
                0x1fff9ca0                __DTOR_END__ = .

.preinit_array  0x1fff9ca0        0x0
                0x1fff9ca0                PROVIDE (__preinit_array_start, .)
 *(.preinit_array*)
                0x1fff9ca0                PROVIDE (__preinit_array_end, .)

.init_array     0x1fff9ca0        0x8
                0x1fff9ca0                PROVIDE (__init_array_start, .)
 *(SORT(.init_array.*))
 .init_array.00000
                0x1fff9ca0        0x4 C:/NXP/S32DS_ARM_v2.2/S32DS/build_tools/gcc_v6.3/gcc-6.3-arm32-eabi/arm-none-eabi/newlib/lib/thumb/v7e-m\libc.a(lib_a-__call_atexit.o)
 *(.init_array*)
 .init_array    0x1fff9ca4        0x4 c:/nxp/s32ds_arm_v2.2/s32ds/build_tools/gcc_v6.3/gcc-6.3-arm32-eabi/bin/../lib/gcc/arm-none-eabi/6.3.1/thumb/v7e-m/crtbegin.o
                0x1fff9ca8                PROVIDE (__init_array_end, .)

.fini_array     0x1fff9ca8        0x4
                0x1fff9ca8                PROVIDE (__fini_array_start, .)
 *(SORT(.fini_array.*))
 *(.fini_array*)
 .fini_array    0x1fff9ca8        0x4 c:/nxp/s32ds_arm_v2.2/s32ds/build_tools/gcc_v6.3/gcc-6.3-arm32-eabi/bin/../lib/gcc/arm-none-eabi/6.3.1/thumb/v7e-m/crtbegin.o
                0x1fff9cac                PROVIDE (__fini_array_end, .)
                0x1fff9cac                __etext = .
                0x1fff9cac                __DATA_ROM = .
                0x1fff9cac                __DATA_END = __DATA_ROM

.customSectionBlock
                0x20000000        0x0
                0x20000000                __customSection_start__ = .
 *(.customSection)
                0x20000000                __customSection_end__ = .
                0x20000000                __CUSTOM_ROM = .
                0x20000000                __CUSTOM_END = .

.data           0x20000000      0x424
                0x20000000                . = ALIGN (0x4)
                0x20000000                __DATA_RAM = .
                0x20000000                __data_start__ = .
 *(.data)
 *(.data*)
 .data.Mcu_eStatus
                0x20000000        0x1 ./LR_MCU/src/Mcu.o
 *fill*         0x20000001        0x7 
 .data.impure_data
                0x20000008      0x418 C:/NXP/S32DS_ARM_v2.2/S32DS/build_tools/gcc_v6.3/gcc-6.3-arm32-eabi/arm-none-eabi/newlib/lib/thumb/v7e-m\libc.a(lib_a-impure.o)
 *(.jcr*)
 .jcr           0x20000420        0x0 c:/nxp/s32ds_arm_v2.2/s32ds/build_tools/gcc_v6.3/gcc-6.3-arm32-eabi/bin/../lib/gcc/arm-none-eabi/6.3.1/thumb/v7e-m/crtbegin.o
 .jcr           0x20000420        0x4 c:/nxp/s32ds_arm_v2.2/s32ds/build_tools/gcc_v6.3/gcc-6.3-arm32-eabi/bin/../lib/gcc/arm-none-eabi/6.3.1/thumb/v7e-m/crtend.o
                0x20000424                . = ALIGN (0x4)
                0x20000424                __data_end__ = .

.tm_clone_table
                0x20000424        0x0
 .tm_clone_table
                0x20000424        0x0 c:/nxp/s32ds_arm_v2.2/s32ds/build_tools/gcc_v6.3/gcc-6.3-arm32-eabi/bin/../lib/gcc/arm-none-eabi/6.3.1/thumb/v7e-m/crtbegin.o
 .tm_clone_table
                0x20000424        0x0 c:/nxp/s32ds_arm_v2.2/s32ds/build_tools/gcc_v6.3/gcc-6.3-arm32-eabi/bin/../lib/gcc/arm-none-eabi/6.3.1/thumb/v7e-m/crtend.o

.igot.plt       0x20000424        0x0
 .igot.plt      0x20000424        0x0 c:/nxp/s32ds_arm_v2.2/s32ds/build_tools/gcc_v6.3/gcc-6.3-arm32-eabi/bin/../lib/gcc/arm-none-eabi/6.3.1/thumb/v7e-m/crtbegin.o

.bss            0x20000424       0xd8
                0x20000424                . = ALIGN (0x4)
                0x20000424                __BSS_START = .
                0x20000424                __bss_start__ = .
 *(.bss)
 .bss           0x20000424       0x1c c:/nxp/s32ds_arm_v2.2/s32ds/build_tools/gcc_v6.3/gcc-6.3-arm32-eabi/bin/../lib/gcc/arm-none-eabi/6.3.1/thumb/v7e-m/crtbegin.o
 *(.bss*)
 .bss.Mcu_au8ClockConfigIds
                0x20000440        0x1 ./LR_MCU/src/Mcu.o
 *fill*         0x20000441        0x3 
 .bss.Mcu_au8ModeConfigIds
                0x20000444        0x1 ./LR_MCU/src/Mcu.o
 *fill*         0x20000445        0x3 
 .bss.Mcu_au8RamConfigIds
                0x20000448        0x2 ./LR_MCU/src/Mcu.o
 *fill*         0x2000044a        0x2 
 .bss.Mcu_pConfigPtr
                0x2000044c        0x4 ./LR_MCU/src/Mcu.o
                0x2000044c                Mcu_pConfigPtr
 .bss.Mcu_pClockConfig
                0x20000450        0x4 ./LR_MCU/src/Mcu_IPW.o
 .bss.Port_pConfig
                0x20000454        0x4 ./LR_PORT/src/Port.o
                0x20000454                Port_pConfig
 .bss.Port_Port_Ci_au16GpioDirChangeability
                0x20000458       0x14 ./LR_PORT/src/Port_Port_Ci.o
 *(COMMON)
 COMMON         0x2000046c       0x90 ./LR_DET/src/Det.o
                0x2000046c                Det_ErrorId
                0x20000474                Det_RuntimeErrorId
                0x2000047c                Det_RuntimeModuleId
                0x2000048c                Det_TransientFaultId
                0x20000494                Det_InstanceId
                0x2000049c                Det_TransientApiId
                0x200004a4                Det_numEventErrors
                0x200004a8                Det_numRuntimeEventErrors
                0x200004ac                Det_ApiId
                0x200004b4                Det_numTransientEventErrors
                0x200004b8                Det_TransientModuleId
                0x200004c8                Det_OverflowEvent
                0x200004cc                Det_RuntimeApiId
                0x200004d4                Det_TransientOverflowEvent
                0x200004d8                Det_ModuleId
                0x200004e8                Det_RuntimeOverflowEvent
                0x200004ec                Det_TransientInstanceId
                0x200004f4                Det_RuntimeInstanceId
                0x200004fc                . = ALIGN (0x4)
                0x200004fc                __bss_end__ = .
                0x200004fc                __BSS_END = .

.heap           0x200004fc      0x404
                0x20000500                . = ALIGN (0x8)
 *fill*         0x200004fc        0x4 
                0x20000500                __end__ = .
                0x20000500                __heap_start__ = .
                [!provide]                PROVIDE (end, .)
                [!provide]                PROVIDE (_end, .)
                [!provide]                PROVIDE (__end, .)
                0x20000500                __HeapBase = .
                0x20000900                . = (. + HEAP_SIZE)
 *fill*         0x20000500      0x400 
                0x20000900                __HeapLimit = .
                0x20000900                __heap_limit = .
                0x20000900                __heap_end__ = .
                0x20007000                __StackTop = (ORIGIN (m_data) + LENGTH (m_data))
                0x20006c00                __StackLimit = (__StackTop - STACK_SIZE)
                0x20007000                PROVIDE (__stack, __StackTop)

.stack          0x20006c00      0x400
                0x20006c00                . = ALIGN (0x8)
                0x20006c00                __stack_start__ = .
                0x20007000                . = (. + STACK_SIZE)
 *fill*         0x20006c00      0x400 
                0x20007000                __stack_end__ = .
                0x20000424                __START_BSS = __BSS_START
                0x200004fc                __END_BSS = __BSS_END
                0x20007000                __SP_INIT = __StackTop

.ARM.attributes
                0x00000000       0x2a
 *(.ARM.attributes)
 .ARM.attributes
                0x00000000       0x1e c:/nxp/s32ds_arm_v2.2/s32ds/build_tools/gcc_v6.3/gcc-6.3-arm32-eabi/bin/../lib/gcc/arm-none-eabi/6.3.1/thumb/v7e-m/crti.o
 .ARM.attributes
                0x0000001e       0x2e c:/nxp/s32ds_arm_v2.2/s32ds/build_tools/gcc_v6.3/gcc-6.3-arm32-eabi/bin/../lib/gcc/arm-none-eabi/6.3.1/thumb/v7e-m/crtbegin.o
 .ARM.attributes
                0x0000004c       0x1c C:/NXP/S32DS_ARM_v2.2/S32DS/build_tools/gcc_v6.3/gcc-6.3-arm32-eabi/arm-none-eabi/newlib/lib/thumb/v7e-m/crt0.o
 .ARM.attributes
                0x00000068       0x33 ./EB_gen/src/Mcu_PBcfg.o
 .ARM.attributes
                0x0000009b       0x33 ./EB_gen/src/Port_PBcfg.o
 .ARM.attributes
                0x000000ce       0x33 ./LR_DET/src/Det.o
 .ARM.attributes
                0x00000101       0x33 ./LR_DIO/src/Dio.o
 .ARM.attributes
                0x00000134       0x33 ./LR_DIO/src/Dio_Gpio.o
 .ARM.attributes
                0x00000167       0x33 ./LR_MCU/src/Mcu.o
 .ARM.attributes
                0x0000019a       0x33 ./LR_MCU/src/Mcu_IPW.o
 .ARM.attributes
                0x000001cd       0x33 ./LR_MCU/src/Mcu_PCC.o
 .ARM.attributes
                0x00000200       0x33 ./LR_MCU/src/Mcu_PMC.o
 .ARM.attributes
                0x00000233       0x33 ./LR_MCU/src/Mcu_RCM.o
 .ARM.attributes
                0x00000266       0x33 ./LR_MCU/src/Mcu_SCG.o
 .ARM.attributes
                0x00000299       0x33 ./LR_MCU/src/Mcu_SIM.o
 .ARM.attributes
                0x000002cc       0x33 ./LR_MCU/src/Mcu_SMC.o
 .ARM.attributes
                0x000002ff       0x33 ./LR_PORT/src/Port.o
 .ARM.attributes
                0x00000332       0x33 ./LR_PORT/src/Port_Port_Ci.o
 .ARM.attributes
                0x00000365       0x33 ./Project_Settings/Startup_Code/startup.o
 .ARM.attributes
                0x00000398       0x1b ./Project_Settings/Startup_Code/startup_S32K144.o
 .ARM.attributes
                0x000003b3       0x33 ./Project_Settings/Startup_Code/system_S32K144.o
 .ARM.attributes
                0x000003e6       0x33 ./src/main.o
 .ARM.attributes
                0x00000419       0x2e C:/NXP/S32DS_ARM_v2.2/S32DS/build_tools/gcc_v6.3/gcc-6.3-arm32-eabi/arm-none-eabi/newlib/lib/thumb/v7e-m\libc.a(lib_a-exit.o)
 .ARM.attributes
                0x00000447       0x2e C:/NXP/S32DS_ARM_v2.2/S32DS/build_tools/gcc_v6.3/gcc-6.3-arm32-eabi/arm-none-eabi/newlib/lib/thumb/v7e-m\libc.a(lib_a-impure.o)
 .ARM.attributes
                0x00000475       0x2e C:/NXP/S32DS_ARM_v2.2/S32DS/build_tools/gcc_v6.3/gcc-6.3-arm32-eabi/arm-none-eabi/newlib/lib/thumb/v7e-m\libc.a(lib_a-init.o)
 .ARM.attributes
                0x000004a3       0x2e C:/NXP/S32DS_ARM_v2.2/S32DS/build_tools/gcc_v6.3/gcc-6.3-arm32-eabi/arm-none-eabi/newlib/lib/thumb/v7e-m\libc.a(lib_a-memset.o)
 .ARM.attributes
                0x000004d1       0x2e C:/NXP/S32DS_ARM_v2.2/S32DS/build_tools/gcc_v6.3/gcc-6.3-arm32-eabi/arm-none-eabi/newlib/lib/thumb/v7e-m\libc.a(lib_a-__call_atexit.o)
 .ARM.attributes
                0x000004ff       0x2e C:/NXP/S32DS_ARM_v2.2/S32DS/build_tools/gcc_v6.3/gcc-6.3-arm32-eabi/arm-none-eabi/newlib/lib/thumb/v7e-m\libc.a(lib_a-fini.o)
 .ARM.attributes
                0x0000052d       0x2e C:/NXP/S32DS_ARM_v2.2/S32DS/build_tools/gcc_v6.3/gcc-6.3-arm32-eabi/arm-none-eabi/newlib/lib/thumb/v7e-m\libc.a(lib_a-atexit.o)
 .ARM.attributes
                0x0000055b       0x2e C:/NXP/S32DS_ARM_v2.2/S32DS/build_tools/gcc_v6.3/gcc-6.3-arm32-eabi/arm-none-eabi/newlib/lib/thumb/v7e-m\libc.a(lib_a-__atexit.o)
 .ARM.attributes
                0x00000589       0x2e C:/NXP/S32DS_ARM_v2.2/S32DS/build_tools/gcc_v6.3/gcc-6.3-arm32-eabi/arm-none-eabi/newlib/lib/thumb/v7e-m\libnosys.a(_exit.o)
 .ARM.attributes
                0x000005b7       0x2e c:/nxp/s32ds_arm_v2.2/s32ds/build_tools/gcc_v6.3/gcc-6.3-arm32-eabi/bin/../lib/gcc/arm-none-eabi/6.3.1/thumb/v7e-m/crtend.o
 .ARM.attributes
                0x000005e5       0x1e c:/nxp/s32ds_arm_v2.2/s32ds/build_tools/gcc_v6.3/gcc-6.3-arm32-eabi/bin/../lib/gcc/arm-none-eabi/6.3.1/thumb/v7e-m/crtn.o
                0x00000001                ASSERT ((__StackLimit >= __HeapLimit), region m_data overflowed with stack and heap)

/DISCARD/
 *(.FlashConfig)
OUTPUT(Blink_led_spll.elf elf32-littlearm)

.comment        0x00000000       0xa0
 .comment       0x00000000       0xa0 c:/nxp/s32ds_arm_v2.2/s32ds/build_tools/gcc_v6.3/gcc-6.3-arm32-eabi/bin/../lib/gcc/arm-none-eabi/6.3.1/thumb/v7e-m/crtbegin.o
                                 0xa1 (size before relaxing)
 .comment       0x000000a0       0xa1 ./EB_gen/src/Mcu_PBcfg.o
 .comment       0x000000a0       0xa1 ./EB_gen/src/Port_PBcfg.o
 .comment       0x000000a0       0xa1 ./LR_DET/src/Det.o
 .comment       0x000000a0       0xa1 ./LR_DIO/src/Dio.o
 .comment       0x000000a0       0xa1 ./LR_DIO/src/Dio_Gpio.o
 .comment       0x000000a0       0xa1 ./LR_MCU/src/Mcu.o
 .comment       0x000000a0       0xa1 ./LR_MCU/src/Mcu_IPW.o
 .comment       0x000000a0       0xa1 ./LR_MCU/src/Mcu_PCC.o
 .comment       0x000000a0       0xa1 ./LR_MCU/src/Mcu_PMC.o
 .comment       0x000000a0       0xa1 ./LR_MCU/src/Mcu_RCM.o
 .comment       0x000000a0       0xa1 ./LR_MCU/src/Mcu_SCG.o
 .comment       0x000000a0       0xa1 ./LR_MCU/src/Mcu_SIM.o
 .comment       0x000000a0       0xa1 ./LR_MCU/src/Mcu_SMC.o
 .comment       0x000000a0       0xa1 ./LR_PORT/src/Port.o
 .comment       0x000000a0       0xa1 ./LR_PORT/src/Port_Port_Ci.o
 .comment       0x000000a0       0xa1 ./Project_Settings/Startup_Code/startup.o
 .comment       0x000000a0       0xa1 ./Project_Settings/Startup_Code/system_S32K144.o
 .comment       0x000000a0       0xa1 ./src/main.o
 .comment       0x000000a0       0xa1 c:/nxp/s32ds_arm_v2.2/s32ds/build_tools/gcc_v6.3/gcc-6.3-arm32-eabi/bin/../lib/gcc/arm-none-eabi/6.3.1/thumb/v7e-m/crtend.o

.debug_info     0x00000000     0x5f04
 .debug_info    0x00000000      0x796 ./EB_gen/src/Mcu_PBcfg.o
 .debug_info    0x00000796      0x2ff ./EB_gen/src/Port_PBcfg.o
 .debug_info    0x00000a95      0x38f ./LR_DET/src/Det.o
 .debug_info    0x00000e24      0x2da ./LR_DIO/src/Dio.o
 .debug_info    0x000010fe      0x2c7 ./LR_DIO/src/Dio_Gpio.o
 .debug_info    0x000013c5      0xbf4 ./LR_MCU/src/Mcu.o
 .debug_info    0x00001fb9      0x7ba ./LR_MCU/src/Mcu_IPW.o
 .debug_info    0x00002773      0x2a4 ./LR_MCU/src/Mcu_PCC.o
 .debug_info    0x00002a17      0x75a ./LR_MCU/src/Mcu_PMC.o
 .debug_info    0x00003171      0x3f8 ./LR_MCU/src/Mcu_RCM.o
 .debug_info    0x00003569      0x5d3 ./LR_MCU/src/Mcu_SCG.o
 .debug_info    0x00003b3c      0x2eb ./LR_MCU/src/Mcu_SIM.o
 .debug_info    0x00003e27      0x30e ./LR_MCU/src/Mcu_SMC.o
 .debug_info    0x00004135      0x4f1 ./LR_PORT/src/Port.o
 .debug_info    0x00004626      0x662 ./LR_PORT/src/Port_Port_Ci.o
 .debug_info    0x00004c88      0x471 ./Project_Settings/Startup_Code/startup.o
 .debug_info    0x000050f9       0x26 ./Project_Settings/Startup_Code/startup_S32K144.o
 .debug_info    0x0000511f      0x522 ./Project_Settings/Startup_Code/system_S32K144.o
 .debug_info    0x00005641      0x8c3 ./src/main.o

.debug_abbrev   0x00000000     0x1571
 .debug_abbrev  0x00000000       0xfc ./EB_gen/src/Mcu_PBcfg.o
 .debug_abbrev  0x000000fc       0xf5 ./EB_gen/src/Port_PBcfg.o
 .debug_abbrev  0x000001f1       0xc7 ./LR_DET/src/Det.o
 .debug_abbrev  0x000002b8       0xfd ./LR_DIO/src/Dio.o
 .debug_abbrev  0x000003b5       0xec ./LR_DIO/src/Dio_Gpio.o
 .debug_abbrev  0x000004a1      0x1ad ./LR_MCU/src/Mcu.o
 .debug_abbrev  0x0000064e      0x15b ./LR_MCU/src/Mcu_IPW.o
 .debug_abbrev  0x000007a9      0x104 ./LR_MCU/src/Mcu_PCC.o
 .debug_abbrev  0x000008ad      0x11a ./LR_MCU/src/Mcu_PMC.o
 .debug_abbrev  0x000009c7      0x15a ./LR_MCU/src/Mcu_RCM.o
 .debug_abbrev  0x00000b21      0x186 ./LR_MCU/src/Mcu_SCG.o
 .debug_abbrev  0x00000ca7      0x119 ./LR_MCU/src/Mcu_SIM.o
 .debug_abbrev  0x00000dc0      0x117 ./LR_MCU/src/Mcu_SMC.o
 .debug_abbrev  0x00000ed7      0x167 ./LR_PORT/src/Port.o
 .debug_abbrev  0x0000103e      0x1cd ./LR_PORT/src/Port_Port_Ci.o
 .debug_abbrev  0x0000120b      0x108 ./Project_Settings/Startup_Code/startup.o
 .debug_abbrev  0x00001313       0x14 ./Project_Settings/Startup_Code/startup_S32K144.o
 .debug_abbrev  0x00001327      0x125 ./Project_Settings/Startup_Code/system_S32K144.o
 .debug_abbrev  0x0000144c      0x125 ./src/main.o

.debug_aranges  0x00000000      0x488
 .debug_aranges
                0x00000000       0x18 ./EB_gen/src/Mcu_PBcfg.o
 .debug_aranges
                0x00000018       0x18 ./EB_gen/src/Port_PBcfg.o
 .debug_aranges
                0x00000030       0x40 ./LR_DET/src/Det.o
 .debug_aranges
                0x00000070       0x48 ./LR_DIO/src/Dio.o
 .debug_aranges
                0x000000b8       0x48 ./LR_DIO/src/Dio_Gpio.o
 .debug_aranges
                0x00000100       0x98 ./LR_MCU/src/Mcu.o
 .debug_aranges
                0x00000198       0x70 ./LR_MCU/src/Mcu_IPW.o
 .debug_aranges
                0x00000208       0x20 ./LR_MCU/src/Mcu_PCC.o
 .debug_aranges
                0x00000228       0x20 ./LR_MCU/src/Mcu_PMC.o
 .debug_aranges
                0x00000248       0x48 ./LR_MCU/src/Mcu_RCM.o
 .debug_aranges
                0x00000290       0x90 ./LR_MCU/src/Mcu_SCG.o
 .debug_aranges
                0x00000320       0x28 ./LR_MCU/src/Mcu_SIM.o
 .debug_aranges
                0x00000348       0x28 ./LR_MCU/src/Mcu_SMC.o
 .debug_aranges
                0x00000370       0x40 ./LR_PORT/src/Port.o
 .debug_aranges
                0x000003b0       0x48 ./LR_PORT/src/Port_Port_Ci.o
 .debug_aranges
                0x000003f8       0x20 ./Project_Settings/Startup_Code/startup.o
 .debug_aranges
                0x00000418       0x20 ./Project_Settings/Startup_Code/startup_S32K144.o
 .debug_aranges
                0x00000438       0x30 ./Project_Settings/Startup_Code/system_S32K144.o
 .debug_aranges
                0x00000468       0x20 ./src/main.o

.debug_macro    0x00000000    0x245fc
 .debug_macro   0x00000000      0x20a ./EB_gen/src/Mcu_PBcfg.o
 .debug_macro   0x0000020a      0x320 ./EB_gen/src/Mcu_PBcfg.o
 .debug_macro   0x0000052a      0x27b ./EB_gen/src/Mcu_PBcfg.o
 .debug_macro   0x000007a5      0x608 ./EB_gen/src/Mcu_PBcfg.o
 .debug_macro   0x00000dad      0x7d8 ./EB_gen/src/Mcu_PBcfg.o
 .debug_macro   0x00001585      0x10a ./EB_gen/src/Mcu_PBcfg.o
 .debug_macro   0x0000168f      0x191 ./EB_gen/src/Port_PBcfg.o
 .debug_macro   0x00001820       0x50 ./EB_gen/src/Port_PBcfg.o
 .debug_macro   0x00001870       0x50 ./EB_gen/src/Port_PBcfg.o
 .debug_macro   0x000018c0       0x7d ./LR_DET/src/Det.o
 .debug_macro   0x0000193d       0x40 ./LR_DET/src/Det.o
 .debug_macro   0x0000197d      0x185 ./LR_DIO/src/Dio.o
 .debug_macro   0x00001b02       0x4c ./LR_DIO/src/Dio.o
 .debug_macro   0x00001b4e       0xb2 ./LR_DIO/src/Dio.o
 .debug_macro   0x00001c00       0x3a ./LR_DIO/src/Dio.o
 .debug_macro   0x00001c3a       0xab ./LR_DIO/src/Dio.o
 .debug_macro   0x00001ce5       0x5f ./LR_DIO/src/Dio.o
 .debug_macro   0x00001d44      0x1bb ./LR_DIO/src/Dio_Gpio.o
 .debug_macro   0x00001eff      0x1bf ./LR_DIO/src/Dio_Gpio.o
 .debug_macro   0x000020be      0x114 ./LR_DIO/src/Dio_Gpio.o
 .debug_macro   0x000021d2       0x34 ./LR_DIO/src/Dio_Gpio.o
 .debug_macro   0x00002206       0x2e ./LR_DIO/src/Dio_Gpio.o
 .debug_macro   0x00002234      0x284 ./LR_MCU/src/Mcu.o
 .debug_macro   0x000024b8      0x39d ./LR_MCU/src/Mcu.o
 .debug_macro   0x00002855       0x3b ./LR_MCU/src/Mcu.o
 .debug_macro   0x00002890       0x50 ./LR_MCU/src/Mcu.o
 .debug_macro   0x000028e0       0x50 ./LR_MCU/src/Mcu.o
 .debug_macro   0x00002930      0x31a ./LR_MCU/src/Mcu_IPW.o
 .debug_macro   0x00002c4a       0x2e ./LR_MCU/src/Mcu_IPW.o
 .debug_macro   0x00002c78       0x35 ./LR_MCU/src/Mcu_IPW.o
 .debug_macro   0x00002cad       0x52 ./LR_MCU/src/Mcu_IPW.o
 .debug_macro   0x00002cff       0x3b ./LR_MCU/src/Mcu_IPW.o
 .debug_macro   0x00002d3a       0x12 ./LR_MCU/src/Mcu_IPW.o
 .debug_macro   0x00002d4c       0x3b ./LR_MCU/src/Mcu_IPW.o
 .debug_macro   0x00002d87       0x12 ./LR_MCU/src/Mcu_IPW.o
 .debug_macro   0x00002d99       0x3b ./LR_MCU/src/Mcu_IPW.o
 .debug_macro   0x00002dd4       0x2e ./LR_MCU/src/Mcu_IPW.o
 .debug_macro   0x00002e02       0x3b ./LR_MCU/src/Mcu_IPW.o
 .debug_macro   0x00002e3d       0x66 ./LR_MCU/src/Mcu_IPW.o
 .debug_macro   0x00002ea3       0x3b ./LR_MCU/src/Mcu_IPW.o
 .debug_macro   0x00002ede       0x19 ./LR_MCU/src/Mcu_IPW.o
 .debug_macro   0x00002ef7       0x3b ./LR_MCU/src/Mcu_IPW.o
 .debug_macro   0x00002f32       0x19 ./LR_MCU/src/Mcu_IPW.o
 .debug_macro   0x00002f4b       0x3b ./LR_MCU/src/Mcu_IPW.o
 .debug_macro   0x00002f86      0x159 ./LR_MCU/src/Mcu_PCC.o
 .debug_macro   0x000030df       0x35 ./LR_MCU/src/Mcu_PCC.o
 .debug_macro   0x00003114      0x31a ./LR_MCU/src/Mcu_PCC.o
 .debug_macro   0x0000342e      0x237 ./LR_MCU/src/Mcu_PMC.o
 .debug_macro   0x00003665       0x35 ./LR_MCU/src/Mcu_PMC.o
 .debug_macro   0x0000369a      0x17b ./LR_MCU/src/Mcu_RCM.o
 .debug_macro   0x00003815       0x2e ./LR_MCU/src/Mcu_RCM.o
 .debug_macro   0x00003843       0x35 ./LR_MCU/src/Mcu_RCM.o
 .debug_macro   0x00003878      0x275 ./LR_MCU/src/Mcu_RCM.o
 .debug_macro   0x00003aed       0x50 ./LR_MCU/src/Mcu_RCM.o
 .debug_macro   0x00003b3d       0x50 ./LR_MCU/src/Mcu_RCM.o
 .debug_macro   0x00003b8d      0x159 ./LR_MCU/src/Mcu_SCG.o
 .debug_macro   0x00003ce6       0x34 ./LR_MCU/src/Mcu_SCG.o
 .debug_macro   0x00003d1a       0x35 ./LR_MCU/src/Mcu_SCG.o
 .debug_macro   0x00003d4f      0x602 ./LR_MCU/src/Mcu_SCG.o
 .debug_macro   0x00004351      0x159 ./LR_MCU/src/Mcu_SIM.o
 .debug_macro   0x000044aa       0x2e ./LR_MCU/src/Mcu_SIM.o
 .debug_macro   0x000044d8       0x35 ./LR_MCU/src/Mcu_SIM.o
 .debug_macro   0x0000450d      0x7d2 ./LR_MCU/src/Mcu_SIM.o
 .debug_macro   0x00004cdf      0x193 ./LR_MCU/src/Mcu_SMC.o
 .debug_macro   0x00004e72       0x2e ./LR_MCU/src/Mcu_SMC.o
 .debug_macro   0x00004ea0       0x35 ./LR_MCU/src/Mcu_SMC.o
 .debug_macro   0x00004ed5      0x216 ./LR_PORT/src/Port.o
 .debug_macro   0x000050eb       0xd6 ./LR_PORT/src/Port.o
 .debug_macro   0x000051c1       0x35 ./LR_PORT/src/Port.o
 .debug_macro   0x000051f6       0x51 ./LR_PORT/src/Port.o
 .debug_macro   0x00005247       0x50 ./LR_PORT/src/Port.o
 .debug_macro   0x00005297       0x50 ./LR_PORT/src/Port.o
 .debug_macro   0x000052e7      0x214 ./LR_PORT/src/Port_Port_Ci.o
 .debug_macro   0x000054fb       0xb1 ./LR_PORT/src/Port_Port_Ci.o
 .debug_macro   0x000055ac       0x2e ./LR_PORT/src/Port_Port_Ci.o
 .debug_macro   0x000055da       0x50 ./LR_PORT/src/Port_Port_Ci.o
 .debug_macro   0x0000562a       0x50 ./LR_PORT/src/Port_Port_Ci.o
 .debug_macro   0x0000567a       0xb5 ./Project_Settings/Startup_Code/startup.o
 .debug_macro   0x0000572f       0x22 ./Project_Settings/Startup_Code/startup.o
 .debug_macro   0x00005751       0x87 ./Project_Settings/Startup_Code/startup.o
 .debug_macro   0x000057d8       0x51 ./Project_Settings/Startup_Code/startup.o
 .debug_macro   0x00005829       0xef ./Project_Settings/Startup_Code/startup.o
 .debug_macro   0x00005918       0x6a ./Project_Settings/Startup_Code/startup.o
 .debug_macro   0x00005982      0x1df ./Project_Settings/Startup_Code/startup.o
 .debug_macro   0x00005b61       0x10 ./Project_Settings/Startup_Code/startup.o
 .debug_macro   0x00005b71       0x7a ./Project_Settings/Startup_Code/startup.o
 .debug_macro   0x00005beb     0xed32 ./Project_Settings/Startup_Code/startup.o
 .debug_macro   0x0001491d      0xb86 ./Project_Settings/Startup_Code/startup.o
 .debug_macro   0x000154a3       0x22 ./Project_Settings/Startup_Code/startup.o
 .debug_macro   0x000154c5       0x40 ./Project_Settings/Startup_Code/startup.o
 .debug_macro   0x00015505       0xb5 ./Project_Settings/Startup_Code/system_S32K144.o
 .debug_macro   0x000155ba       0x19 ./Project_Settings/Startup_Code/system_S32K144.o
 .debug_macro   0x000155d3     0xed1d ./Project_Settings/Startup_Code/system_S32K144.o
 .debug_macro   0x000242f0       0x28 ./Project_Settings/Startup_Code/system_S32K144.o
 .debug_macro   0x00024318      0x2e4 ./src/main.o

.debug_line     0x00000000     0x3f3a
 .debug_line    0x00000000      0x31f ./EB_gen/src/Mcu_PBcfg.o
 .debug_line    0x0000031f      0x214 ./EB_gen/src/Port_PBcfg.o
 .debug_line    0x00000533      0x1b6 ./LR_DET/src/Det.o
 .debug_line    0x000006e9      0x27b ./LR_DIO/src/Dio.o
 .debug_line    0x00000964      0x319 ./LR_DIO/src/Dio_Gpio.o
 .debug_line    0x00000c7d      0x4f9 ./LR_MCU/src/Mcu.o
 .debug_line    0x00001176      0x4b5 ./LR_MCU/src/Mcu_IPW.o
 .debug_line    0x0000162b      0x2b8 ./LR_MCU/src/Mcu_PCC.o
 .debug_line    0x000018e3      0x376 ./LR_MCU/src/Mcu_PMC.o
 .debug_line    0x00001c59      0x329 ./LR_MCU/src/Mcu_RCM.o
 .debug_line    0x00001f82      0x4eb ./LR_MCU/src/Mcu_SCG.o
 .debug_line    0x0000246d      0x2be ./LR_MCU/src/Mcu_SIM.o
 .debug_line    0x0000272b      0x337 ./LR_MCU/src/Mcu_SMC.o
 .debug_line    0x00002a62      0x32a ./LR_PORT/src/Port.o
 .debug_line    0x00002d8c      0x42a ./LR_PORT/src/Port_Port_Ci.o
 .debug_line    0x000031b6      0x33e ./Project_Settings/Startup_Code/startup.o
 .debug_line    0x000034f4       0x84 ./Project_Settings/Startup_Code/startup_S32K144.o
 .debug_line    0x00003578      0x35b ./Project_Settings/Startup_Code/system_S32K144.o
 .debug_line    0x000038d3      0x667 ./src/main.o

.debug_str      0x00000000    0x85316
 .debug_str     0x00000000    0x122a9 ./EB_gen/src/Mcu_PBcfg.o
                              0x124a2 (size before relaxing)
 .debug_str     0x000122a9     0x5a39 ./EB_gen/src/Port_PBcfg.o
                               0xab97 (size before relaxing)
 .debug_str     0x00017ce2      0x391 ./LR_DET/src/Det.o
                               0x4428 (size before relaxing)
 .debug_str     0x00018073     0x162c ./LR_DIO/src/Dio.o
                               0x6730 (size before relaxing)
 .debug_str     0x0001969f     0x1aac ./LR_DIO/src/Dio_Gpio.o
                               0x7d43 (size before relaxing)
 .debug_str     0x0001b14b      0x6a7 ./LR_MCU/src/Mcu.o
                               0x8f92 (size before relaxing)
 .debug_str     0x0001b7f2     0x1dcd ./LR_MCU/src/Mcu_IPW.o
                               0xe991 (size before relaxing)
 .debug_str     0x0001d5bf      0x170 ./LR_MCU/src/Mcu_PCC.o
                               0x9c78 (size before relaxing)
 .debug_str     0x0001d72f      0x111 ./LR_MCU/src/Mcu_PMC.o
                               0xa144 (size before relaxing)
 .debug_str     0x0001d840      0x2a3 ./LR_MCU/src/Mcu_RCM.o
                               0x9ae9 (size before relaxing)
 .debug_str     0x0001dae3      0x2a0 ./LR_MCU/src/Mcu_SCG.o
                               0xba8b (size before relaxing)
 .debug_str     0x0001dd83      0x119 ./LR_MCU/src/Mcu_SIM.o
                               0xc410 (size before relaxing)
 .debug_str     0x0001de9c      0x143 ./LR_MCU/src/Mcu_SMC.o
                               0x97ee (size before relaxing)
 .debug_str     0x0001dfdf      0x893 ./LR_PORT/src/Port.o
                               0xb4a4 (size before relaxing)
 .debug_str     0x0001e872      0x614 ./LR_PORT/src/Port_Port_Ci.o
                               0xcfab (size before relaxing)
 .debug_str     0x0001ee86    0x6624b ./Project_Settings/Startup_Code/startup.o
                              0x68ae8 (size before relaxing)
 .debug_str     0x000850d1       0x3f ./Project_Settings/Startup_Code/startup_S32K144.o
                                 0x88 (size before relaxing)
 .debug_str     0x00085110      0x1f3 ./Project_Settings/Startup_Code/system_S32K144.o
                              0x688c1 (size before relaxing)
 .debug_str     0x00085303       0x13 ./src/main.o
                              0x6f033 (size before relaxing)

.debug_ranges   0x00000000      0x338
 .debug_ranges  0x00000000       0x30 ./LR_DET/src/Det.o
 .debug_ranges  0x00000030       0x38 ./LR_DIO/src/Dio.o
 .debug_ranges  0x00000068       0x38 ./LR_DIO/src/Dio_Gpio.o
 .debug_ranges  0x000000a0       0x88 ./LR_MCU/src/Mcu.o
 .debug_ranges  0x00000128       0x60 ./LR_MCU/src/Mcu_IPW.o
 .debug_ranges  0x00000188       0x10 ./LR_MCU/src/Mcu_PCC.o
 .debug_ranges  0x00000198       0x10 ./LR_MCU/src/Mcu_PMC.o
 .debug_ranges  0x000001a8       0x38 ./LR_MCU/src/Mcu_RCM.o
 .debug_ranges  0x000001e0       0x80 ./LR_MCU/src/Mcu_SCG.o
 .debug_ranges  0x00000260       0x18 ./LR_MCU/src/Mcu_SIM.o
 .debug_ranges  0x00000278       0x18 ./LR_MCU/src/Mcu_SMC.o
 .debug_ranges  0x00000290       0x30 ./LR_PORT/src/Port.o
 .debug_ranges  0x000002c0       0x38 ./LR_PORT/src/Port_Port_Ci.o
 .debug_ranges  0x000002f8       0x10 ./Project_Settings/Startup_Code/startup.o
 .debug_ranges  0x00000308       0x20 ./Project_Settings/Startup_Code/system_S32K144.o
 .debug_ranges  0x00000328       0x10 ./src/main.o

.debug_frame    0x00000000      0xf24
 .debug_frame   0x00000000       0xd4 ./LR_DET/src/Det.o
 .debug_frame   0x000000d4       0xe8 ./LR_DIO/src/Dio.o
 .debug_frame   0x000001bc      0x100 ./LR_DIO/src/Dio_Gpio.o
 .debug_frame   0x000002bc      0x258 ./LR_MCU/src/Mcu.o
 .debug_frame   0x00000514      0x19c ./LR_MCU/src/Mcu_IPW.o
 .debug_frame   0x000006b0       0x38 ./LR_MCU/src/Mcu_PCC.o
 .debug_frame   0x000006e8       0x38 ./LR_MCU/src/Mcu_PMC.o
 .debug_frame   0x00000720       0xf8 ./LR_MCU/src/Mcu_RCM.o
 .debug_frame   0x00000818      0x250 ./LR_MCU/src/Mcu_SCG.o
 .debug_frame   0x00000a68       0x60 ./LR_MCU/src/Mcu_SIM.o
 .debug_frame   0x00000ac8       0x60 ./LR_MCU/src/Mcu_SMC.o
 .debug_frame   0x00000b28       0xbc ./LR_PORT/src/Port.o
 .debug_frame   0x00000be4       0xf0 ./LR_PORT/src/Port_Port_Ci.o
 .debug_frame   0x00000cd4       0x38 ./Project_Settings/Startup_Code/startup.o
 .debug_frame   0x00000d0c       0x80 ./Project_Settings/Startup_Code/system_S32K144.o
 .debug_frame   0x00000d8c       0x30 ./src/main.o
 .debug_frame   0x00000dbc       0x28 C:/NXP/S32DS_ARM_v2.2/S32DS/build_tools/gcc_v6.3/gcc-6.3-arm32-eabi/arm-none-eabi/newlib/lib/thumb/v7e-m\libc.a(lib_a-exit.o)
 .debug_frame   0x00000de4       0x2c C:/NXP/S32DS_ARM_v2.2/S32DS/build_tools/gcc_v6.3/gcc-6.3-arm32-eabi/arm-none-eabi/newlib/lib/thumb/v7e-m\libc.a(lib_a-init.o)
 .debug_frame   0x00000e10       0x20 C:/NXP/S32DS_ARM_v2.2/S32DS/build_tools/gcc_v6.3/gcc-6.3-arm32-eabi/arm-none-eabi/newlib/lib/thumb/v7e-m\libc.a(lib_a-memset.o)
 .debug_frame   0x00000e30       0x4c C:/NXP/S32DS_ARM_v2.2/S32DS/build_tools/gcc_v6.3/gcc-6.3-arm32-eabi/arm-none-eabi/newlib/lib/thumb/v7e-m\libc.a(lib_a-__call_atexit.o)
 .debug_frame   0x00000e7c       0x38 C:/NXP/S32DS_ARM_v2.2/S32DS/build_tools/gcc_v6.3/gcc-6.3-arm32-eabi/arm-none-eabi/newlib/lib/thumb/v7e-m\libc.a(lib_a-fini.o)
 .debug_frame   0x00000eb4       0x20 C:/NXP/S32DS_ARM_v2.2/S32DS/build_tools/gcc_v6.3/gcc-6.3-arm32-eabi/arm-none-eabi/newlib/lib/thumb/v7e-m\libc.a(lib_a-atexit.o)
 .debug_frame   0x00000ed4       0x30 C:/NXP/S32DS_ARM_v2.2/S32DS/build_tools/gcc_v6.3/gcc-6.3-arm32-eabi/arm-none-eabi/newlib/lib/thumb/v7e-m\libc.a(lib_a-__atexit.o)
 .debug_frame   0x00000f04       0x20 C:/NXP/S32DS_ARM_v2.2/S32DS/build_tools/gcc_v6.3/gcc-6.3-arm32-eabi/arm-none-eabi/newlib/lib/thumb/v7e-m\libnosys.a(_exit.o)
