Archive member included to satisfy reference by file (symbol)

C:/NXP/S32DS_ARM_v2.2/S32DS/build_tools/gcc_v6.3/gcc-6.3-arm32-eabi/arm-none-eabi/newlib/lib/thumb/v7e-m\libc.a(lib_a-exit.o)
                              C:/NXP/S32DS_ARM_v2.2/S32DS/build_tools/gcc_v6.3/gcc-6.3-arm32-eabi/arm-none-eabi/newlib/lib/thumb/v7e-m/crt0.o (exit)
C:/NXP/S32DS_ARM_v2.2/S32DS/build_tools/gcc_v6.3/gcc-6.3-arm32-eabi/arm-none-eabi/newlib/lib/thumb/v7e-m\libc.a(lib_a-impure.o)
                              C:/NXP/S32DS_ARM_v2.2/S32DS/build_tools/gcc_v6.3/gcc-6.3-arm32-eabi/arm-none-eabi/newlib/lib/thumb/v7e-m\libc.a(lib_a-exit.o) (_global_impure_ptr)
C:/NXP/S32DS_ARM_v2.2/S32DS/build_tools/gcc_v6.3/gcc-6.3-arm32-eabi/arm-none-eabi/newlib/lib/thumb/v7e-m\libc.a(lib_a-init.o)
                              C:/NXP/S32DS_ARM_v2.2/S32DS/build_tools/gcc_v6.3/gcc-6.3-arm32-eabi/arm-none-eabi/newlib/lib/thumb/v7e-m/crt0.o (__libc_init_array)
C:/NXP/S32DS_ARM_v2.2/S32DS/build_tools/gcc_v6.3/gcc-6.3-arm32-eabi/arm-none-eabi/newlib/lib/thumb/v7e-m\libc.a(lib_a-memset.o)
                              C:/NXP/S32DS_ARM_v2.2/S32DS/build_tools/gcc_v6.3/gcc-6.3-arm32-eabi/arm-none-eabi/newlib/lib/thumb/v7e-m/crt0.o (memset)
C:/NXP/S32DS_ARM_v2.2/S32DS/build_tools/gcc_v6.3/gcc-6.3-arm32-eabi/arm-none-eabi/newlib/lib/thumb/v7e-m\libc.a(lib_a-__call_atexit.o)
                              C:/NXP/S32DS_ARM_v2.2/S32DS/build_tools/gcc_v6.3/gcc-6.3-arm32-eabi/arm-none-eabi/newlib/lib/thumb/v7e-m\libc.a(lib_a-exit.o) (__call_exitprocs)
C:/NXP/S32DS_ARM_v2.2/S32DS/build_tools/gcc_v6.3/gcc-6.3-arm32-eabi/arm-none-eabi/newlib/lib/thumb/v7e-m\libc.a(lib_a-fini.o)
                              C:/NXP/S32DS_ARM_v2.2/S32DS/build_tools/gcc_v6.3/gcc-6.3-arm32-eabi/arm-none-eabi/newlib/lib/thumb/v7e-m\libc.a(lib_a-__call_atexit.o) (__libc_fini_array)
C:/NXP/S32DS_ARM_v2.2/S32DS/build_tools/gcc_v6.3/gcc-6.3-arm32-eabi/arm-none-eabi/newlib/lib/thumb/v7e-m\libc.a(lib_a-atexit.o)
                              C:/NXP/S32DS_ARM_v2.2/S32DS/build_tools/gcc_v6.3/gcc-6.3-arm32-eabi/arm-none-eabi/newlib/lib/thumb/v7e-m\libc.a(lib_a-__call_atexit.o) (atexit)
C:/NXP/S32DS_ARM_v2.2/S32DS/build_tools/gcc_v6.3/gcc-6.3-arm32-eabi/arm-none-eabi/newlib/lib/thumb/v7e-m\libc.a(lib_a-__atexit.o)
                              C:/NXP/S32DS_ARM_v2.2/S32DS/build_tools/gcc_v6.3/gcc-6.3-arm32-eabi/arm-none-eabi/newlib/lib/thumb/v7e-m\libc.a(lib_a-atexit.o) (__register_exitproc)
C:/NXP/S32DS_ARM_v2.2/S32DS/build_tools/gcc_v6.3/gcc-6.3-arm32-eabi/arm-none-eabi/newlib/lib/thumb/v7e-m\libnosys.a(_exit.o)
                              C:/NXP/S32DS_ARM_v2.2/S32DS/build_tools/gcc_v6.3/gcc-6.3-arm32-eabi/arm-none-eabi/newlib/lib/thumb/v7e-m\libc.a(lib_a-exit.o) (_exit)

Allocating common symbols
Common symbol       size              file

Det_ErrorId         0x8               ./LR_DET/src/Det.o
Det_RuntimeErrorId  0x8               ./LR_DET/src/Det.o
Det_RuntimeModuleId
                    0x10              ./LR_DET/src/Det.o
Dem_OverflowEvent   0x1               ./LR_DEM/src/Dem.o
Dem_au8ExtendedData
                    0x64              ./LR_DEM/src/Dem.o
Det_TransientFaultId
                    0x8               ./LR_DET/src/Det.o
Dem_EventStatus     0x100             ./LR_DEM/src/Dem.o
Det_InstanceId      0x8               ./LR_DET/src/Det.o
Det_TransientApiId  0x8               ./LR_DET/src/Det.o
Det_numEventErrors  0x4               ./LR_DET/src/Det.o
Det_numRuntimeEventErrors
                    0x4               ./LR_DET/src/Det.o
Det_ApiId           0x8               ./LR_DET/src/Det.o
Det_numTransientEventErrors
                    0x4               ./LR_DET/src/Det.o
Det_TransientModuleId
                    0x10              ./LR_DET/src/Det.o
Det_OverflowEvent   0x1               ./LR_DET/src/Det.o
Det_RuntimeApiId    0x8               ./LR_DET/src/Det.o
Det_TransientOverflowEvent
                    0x1               ./LR_DET/src/Det.o
Det_ModuleId        0x10              ./LR_DET/src/Det.o
Det_RuntimeOverflowEvent
                    0x1               ./LR_DET/src/Det.o
Dem_EventId         0x200             ./LR_DEM/src/Dem.o
Det_TransientInstanceId
                    0x8               ./LR_DET/src/Det.o
Det_RuntimeInstanceId
                    0x8               ./LR_DET/src/Det.o

Discarded input sections

 .text          0x00000000        0x0 c:/nxp/s32ds_arm_v2.2/s32ds/build_tools/gcc_v6.3/gcc-6.3-arm32-eabi/bin/../lib/gcc/arm-none-eabi/6.3.1/thumb/v7e-m/crti.o
 .data          0x00000000        0x0 c:/nxp/s32ds_arm_v2.2/s32ds/build_tools/gcc_v6.3/gcc-6.3-arm32-eabi/bin/../lib/gcc/arm-none-eabi/6.3.1/thumb/v7e-m/crti.o
 .bss           0x00000000        0x0 c:/nxp/s32ds_arm_v2.2/s32ds/build_tools/gcc_v6.3/gcc-6.3-arm32-eabi/bin/../lib/gcc/arm-none-eabi/6.3.1/thumb/v7e-m/crti.o
 .data          0x00000000        0x4 c:/nxp/s32ds_arm_v2.2/s32ds/build_tools/gcc_v6.3/gcc-6.3-arm32-eabi/bin/../lib/gcc/arm-none-eabi/6.3.1/thumb/v7e-m/crtbegin.o
[...]
Memory Configuration

Name             Origin             Length             Attributes
m_interrupts     0x1fff8000         0x00000400         xr
m_text           0x1fff8400         0x00007c00         xr
m_data           0x20000000         0x00007000         rw
*default*        0x00000000         0xffffffff

Linker script and memory map

LOAD c:/nxp/s32ds_arm_v2.2/s32ds/build_tools/gcc_v6.3/gcc-6.3-arm32-eabi/bin/../lib/gcc/arm-none-eabi/6.3.1/thumb/v7e-m/crti.o
LOAD c:/nxp/s32ds_arm_v2.2/s32ds/build_tools/gcc_v6.3/gcc-6.3-arm32-eabi/bin/../lib/gcc/arm-none-eabi/6.3.1/thumb/v7e-m/crtbegin.o
LOAD C:/NXP/S32DS_ARM_v2.2/S32DS/build_tools/gcc_v6.3/gcc-6.3-arm32-eabi/arm-none-eabi/newlib/lib/thumb/v7e-m/crt0.o
LOAD ./EB_gen/src/Dio_Cfg.o
LOAD ./EB_gen/src/Mcu_Cfg.o
LOAD ./EB_gen/src/Mcu_PBcfg.o
LOAD ./EB_gen/src/Port_Cfg.o
LOAD ./EB_gen/src/Port_PBcfg.o
LOAD ./LR_DEM/src/Dem.o
LOAD ./LR_DET/src/Det.o
LOAD ./LR_DIO/src/Dio.o
LOAD ./LR_DIO/src/Dio_Gpio.o
LOAD ./LR_MCU/src/Mcu.o
LOAD ./LR_MCU/src/Mcu_CMU.o
LOAD ./LR_MCU/src/Mcu_CMU_Irq.o
LOAD ./LR_MCU/src/Mcu_CortexM4.o
LOAD ./LR_MCU/src/Mcu_IPW.o
LOAD ./LR_MCU/src/Mcu_IPW_Irq.o
LOAD ./LR_MCU/src/Mcu_PCC.o
LOAD ./LR_MCU/src/Mcu_PMC.o
LOAD ./LR_MCU/src/Mcu_PMC_Irq.o
LOAD ./LR_MCU/src/Mcu_RCM.o
LOAD ./LR_MCU/src/Mcu_RCM_Irq.o
LOAD ./LR_MCU/src/Mcu_SCG.o
LOAD ./LR_MCU/src/Mcu_SIM.o
LOAD ./LR_MCU/src/Mcu_SMC.o
LOAD ./LR_PORT/src/Port.o
LOAD ./LR_PORT/src/Port_Ipw.o
LOAD ./LR_PORT/src/Port_Port_Ci.o
LOAD ./LR_RTE/src/SchM_Dio.o
LOAD ./LR_RTE/src/SchM_Port.o
LOAD ./Project_Settings/Startup_Code/startup.o
LOAD ./Project_Settings/Startup_Code/startup_S32K144.o
LOAD ./Project_Settings/Startup_Code/system_S32K144.o
LOAD ./src/main.o
START GROUP
LOAD c:/nxp/s32ds_arm_v2.2/s32ds/build_tools/gcc_v6.3/gcc-6.3-arm32-eabi/bin/../lib/gcc/arm-none-eabi/6.3.1/thumb/v7e-m\libgcc.a
LOAD C:/NXP/S32DS_ARM_v2.2/S32DS/build_tools/gcc_v6.3/gcc-6.3-arm32-eabi/arm-none-eabi/newlib/lib/thumb/v7e-m\libc.a
END GROUP
START GROUP
LOAD c:/nxp/s32ds_arm_v2.2/s32ds/build_tools/gcc_v6.3/gcc-6.3-arm32-eabi/bin/../lib/gcc/arm-none-eabi/6.3.1/thumb/v7e-m\libgcc.a
LOAD C:/NXP/S32DS_ARM_v2.2/S32DS/build_tools/gcc_v6.3/gcc-6.3-arm32-eabi/arm-none-eabi/newlib/lib/thumb/v7e-m\libc.a
LOAD C:/NXP/S32DS_ARM_v2.2/S32DS/build_tools/gcc_v6.3/gcc-6.3-arm32-eabi/arm-none-eabi/newlib/lib/thumb/v7e-m\libnosys.a
END GROUP
LOAD c:/nxp/s32ds_arm_v2.2/s32ds/build_tools/gcc_v6.3/gcc-6.3-arm32-eabi/bin/../lib/gcc/arm-none-eabi/6.3.1/thumb/v7e-m/crtend.o
LOAD c:/nxp/s32ds_arm_v2.2/s32ds/build_tools/gcc_v6.3/gcc-6.3-arm32-eabi/bin/../lib/gcc/arm-none-eabi/6.3.1/thumb/v7e-m/crtn.o
                0x00000400                HEAP_SIZE = DEFINED (__heap_size__)?__heap_size__:0x400
                0x00000400                STACK_SIZE = DEFINED (__stack_size__)?__stack_size__:0x400

.interrupts     0x1fff8000      0x400
                0x1fff8000                __VECTOR_TABLE = .
                0x1fff8000                __interrupts_start__ = .
                0x1fff8000                . = ALIGN (0x4)
 *(.isr_vector)
 .isr_vector    0x1fff8000      0x400 ./Project_Settings/Startup_Code/startup_S32K144.o
                0x1fff8000                __isr_vector
                0x1fff8400                __interrupts_end__ = .
                0x1fff8400                . = ALIGN (0x4)
                0x1fff8000                __VECTOR_RAM = __VECTOR_TABLE
                0x00000000                __RAM_VECTOR_TABLE_SIZE = 0x0

.text           0x1fff8400      0xd34
                0x1fff8400                . = ALIGN (0x4)
 *(.text)
 .text          0x1fff8400       0xa4 c:/nxp/s32ds_arm_v2.2/s32ds/build_tools/gcc_v6.3/gcc-6.3-arm32-eabi/bin/../lib/gcc/arm-none-eabi/6.3.1/thumb/v7e-m/crtbegin.o
 .text          0x1fff84a4       0x74 C:/NXP/S32DS_ARM_v2.2/S32DS/build_tools/gcc_v6.3/gcc-6.3-arm32-eabi/arm-none-eabi/newlib/lib/thumb/v7e-m/crt0.o
                0x1fff84a4                _start
                0x1fff84a4                _mainCRTStartup
 .text          0x1fff8518       0x4c ./Project_Settings/Startup_Code/startup_S32K144.o
                0x1fff8518                Reset_Handler
                0x1fff8560                DebugMon_Handler
                0x1fff8560                Reserved88_IRQHandler
                0x1fff8560                CAN0_ORed_IRQHandler
                0x1fff8560                HardFault_Handler
                0x1fff8560                Reserved86_IRQHandler
                0x1fff8560                Reserved103_IRQHandler
                0x1fff8560                SysTick_Handler
                0x1fff8560                FTM2_Ovf_Reload_IRQHandler
                0x1fff8560                Reserved50_IRQHandler
                0x1fff8560                FTFC_Fault_IRQHandler
                0x1fff8560                FTM0_Ch6_Ch7_IRQHandler
                0x1fff8560                Reserved114_IRQHandler
                0x1fff8560                PendSV_Handler
                0x1fff8560                NMI_Handler
                0x1fff8560                Reserved89_IRQHandler
                0x1fff8560                ERM_double_fault_IRQHandler
                0x1fff8560                DMA2_IRQHandler
                0x1fff8560                Reserved59_IRQHandler
                0x1fff8560                LPIT0_Ch0_IRQHandler
                0x1fff8560                Reserved99_IRQHandler
                0x1fff8560                FTM3_Ch6_Ch7_IRQHandler
                0x1fff8560                CAN2_ORed_0_15_MB_IRQHandler
                0x1fff8560                LPIT0_Ch3_IRQHandler
                0x1fff8560                Reserved92_IRQHandler
                0x1fff8560                FTM0_Ch4_Ch5_IRQHandler
                0x1fff8560                CAN1_Error_IRQHandler
                0x1fff8560                FTM3_Ch0_Ch1_IRQHandler
                0x1fff8560                SWI_IRQHandler
                0x1fff8560                ADC0_IRQHandler
                0x1fff8560                FTM2_Ch4_Ch5_IRQHandler
                0x1fff8560                UsageFault_Handler
                0x1fff8560                FTM0_Ovf_Reload_IRQHandler
                0x1fff8560                DefaultISR
                0x1fff8560                DMA9_IRQHandler
                0x1fff8560                Reserved58_IRQHandler
                0x1fff8560                CAN1_ORed_0_15_MB_IRQHandler
                0x1fff8560                FTM1_Ch2_Ch3_IRQHandler
                0x1fff8560                DMA14_IRQHandler
                0x1fff8560                Reserved82_IRQHandler
                0x1fff8560                CAN0_ORed_16_31_MB_IRQHandler
                0x1fff8560                LPI2C0_Slave_IRQHandler
                0x1fff8560                Reserved71_IRQHandler
                0x1fff8560                PORTD_IRQHandler
                0x1fff8560                Reserved69_IRQHandler
                0x1fff8560                PORTB_IRQHandler
                0x1fff8560                Reserved70_IRQHandler
                0x1fff8560                ADC1_IRQHandler
                0x1fff8560                FTM2_Ch2_Ch3_IRQHandler
                0x1fff8560                Reserved53_IRQHandler
                0x1fff8560                DMA5_IRQHandler
                0x1fff8560                RTC_IRQHandler
                0x1fff8560                PDB0_IRQHandler
                0x1fff8560                Reserved54_IRQHandler
                0x1fff8560                FTM2_Ch6_Ch7_IRQHandler
                0x1fff8560                FTM3_Ch2_Ch3_IRQHandler
                0x1fff8560                FTM2_Ch0_Ch1_IRQHandler
                0x1fff8560                LPSPI1_IRQHandler
                0x1fff8560                LPUART1_RxTx_IRQHandler
                0x1fff8560                RTC_Seconds_IRQHandler
                0x1fff8560                CAN2_ORed_IRQHandler
                0x1fff8560                Reserved72_IRQHandler
                0x1fff8560                Reserved110_IRQHandler
                0x1fff8560                DMA11_IRQHandler
                0x1fff8560                Reserved107_IRQHandler
                0x1fff8560                Read_Collision_IRQHandler
                0x1fff8560                CAN2_Error_IRQHandler
                0x1fff8560                FTFC_IRQHandler
                0x1fff8560                DMA7_IRQHandler
                0x1fff8560                FTM1_Ch6_Ch7_IRQHandler
                0x1fff8560                Reserved105_IRQHandler
                0x1fff8560                LPIT0_Ch1_IRQHandler
                0x1fff8560                FTM1_Ch4_Ch5_IRQHandler
                0x1fff8560                FTM3_Ovf_Reload_IRQHandler
                0x1fff8560                LPUART2_RxTx_IRQHandler
                0x1fff8560                LPSPI0_IRQHandler
                0x1fff8560                WDOG_EWM_IRQHandler
                0x1fff8560                MemManage_Handler
                0x1fff8560                Reserved90_IRQHandler
                0x1fff8560                Reserved83_IRQHandler
                0x1fff8560                FTM0_Fault_IRQHandler
                0x1fff8560                Reserved48_IRQHandler
                0x1fff8560                SVC_Handler
                0x1fff8560                ERM_single_fault_IRQHandler
                0x1fff8560                FTM2_Fault_IRQHandler
                0x1fff8560                FTM0_Ch2_Ch3_IRQHandler
                0x1fff8560                DMA13_IRQHandler
                0x1fff8560                FTM0_Ch0_Ch1_IRQHandler
                0x1fff8560                FTM3_Fault_IRQHandler
                0x1fff8560                RCM_IRQHandler
                0x1fff8560                DMA3_IRQHandler
                0x1fff8560                Reserved100_IRQHandler
                0x1fff8560                DMA0_IRQHandler
                0x1fff8560                Reserved91_IRQHandler
                0x1fff8560                CAN1_ORed_IRQHandler
                0x1fff8560                DMA15_IRQHandler
                0x1fff8560                SCG_IRQHandler
                0x1fff8560                PDB1_IRQHandler
                0x1fff8560                Reserved81_IRQHandler
                0x1fff8560                Reserved46_IRQHandler
                0x1fff8560                Reserved45_IRQHandler
                0x1fff8560                CAN0_Error_IRQHandler
                0x1fff8560                Reserved112_IRQHandler
                0x1fff8560                LPI2C0_Master_IRQHandler
                0x1fff8560                DMA4_IRQHandler
                0x1fff8560                FTM1_Fault_IRQHandler
                0x1fff8560                Reserved106_IRQHandler
                0x1fff8560                DMA_Error_IRQHandler
                0x1fff8560                LVD_LVW_IRQHandler
                0x1fff8560                LPIT0_Ch2_IRQHandler
                0x1fff8560                PORTA_IRQHandler
                0x1fff8560                MCM_IRQHandler
                0x1fff8560                LPSPI2_IRQHandler
                0x1fff8560                DMA12_IRQHandler
                0x1fff8560                FTM3_Ch4_Ch5_IRQHandler
                0x1fff8560                CAN0_ORed_0_15_MB_IRQHandler
                0x1fff8560                PORTE_IRQHandler
                0x1fff8560                LPUART0_RxTx_IRQHandler
                0x1fff8560                LPTMR0_IRQHandler
                0x1fff8560                BusFault_Handler
                0x1fff8560                Reserved87_IRQHandler
                0x1fff8560                FTM1_Ovf_Reload_IRQHandler
                0x1fff8560                DMA8_IRQHandler
                0x1fff8560                Reserved93_IRQHandler
                0x1fff8560                DMA10_IRQHandler
                0x1fff8560                CAN0_Wake_Up_IRQHandler
                0x1fff8560                CMP0_IRQHandler
                0x1fff8560                Reserved52_IRQHandler
                0x1fff8560                PORTC_IRQHandler
                0x1fff8560                DMA6_IRQHandler
                0x1fff8560                FTM1_Ch0_Ch1_IRQHandler
                0x1fff8560                FLEXIO_IRQHandler
                0x1fff8560                DMA1_IRQHandler
                0x1fff8560                Reserved113_IRQHandler
 *(.text*)
 .text.Det_ReportError
                0x1fff8564       0xcc ./LR_DET/src/Det.o
                0x1fff8564                Det_ReportError
 .text.Mcu_CheckInit
                0x1fff8630       0x2c ./LR_MCU/src/Mcu.o
 .text.Mcu_CheckInitRamSection
                0x1fff865c       0xb8 ./LR_MCU/src/Mcu.o
 .text.Mcu_HLDChecksEntry
                0x1fff8714       0x54 ./LR_MCU/src/Mcu.o
 .text.Mcu_HLDChecksExit
                0x1fff8768       0x40 ./LR_MCU/src/Mcu.o
 .text.Mcu_Init
                0x1fff87a8       0xf8 ./LR_MCU/src/Mcu.o
                0x1fff87a8                Mcu_Init
 .text.Mcu_InitRamSection
                0x1fff88a0      0x114 ./LR_MCU/src/Mcu.o
                0x1fff88a0                Mcu_InitRamSection
 .text.Mcu_Ipw_Init
                0x1fff89b4       0x38 ./LR_MCU/src/Mcu_IPW.o
                0x1fff89b4                Mcu_Ipw_Init
 .text.Mcu_PMC_PowerInit
                0x1fff89ec       0x44 ./LR_MCU/src/Mcu_PMC.o
                0x1fff89ec                Mcu_PMC_PowerInit
 .text.Mcu_RCM_ResetInit
                0x1fff8a30       0x38 ./LR_MCU/src/Mcu_RCM.o
                0x1fff8a30                Mcu_RCM_ResetInit
 .text.Mcu_SIM_Init
                0x1fff8a68       0x98 ./LR_MCU/src/Mcu_SIM.o
                0x1fff8a68                Mcu_SIM_Init
 .text.Mcu_SMC_AllowedModesConfig
                0x1fff8b00       0x24 ./LR_MCU/src/Mcu_SMC.o
                0x1fff8b00                Mcu_SMC_AllowedModesConfig
 .text.init_data_bss
                0x1fff8b24      0x128 ./Project_Settings/Startup_Code/startup.o
                0x1fff8b24                init_data_bss
 .text.SystemInit
                0x1fff8c4c       0x30 ./Project_Settings/Startup_Code/system_S32K144.o
                0x1fff8c4c                SystemInit
 .text.main     0x1fff8c7c       0x2c ./src/main.o
                0x1fff8c7c                main
 .text.exit     0x1fff8ca8       0x20 C:/NXP/S32DS_ARM_v2.2/S32DS/build_tools/gcc_v6.3/gcc-6.3-arm32-eabi/arm-none-eabi/newlib/lib/thumb/v7e-m\libc.a(lib_a-exit.o)
                0x1fff8ca8                exit
 .text.__libc_init_array
                0x1fff8cc8       0x48 C:/NXP/S32DS_ARM_v2.2/S32DS/build_tools/gcc_v6.3/gcc-6.3-arm32-eabi/arm-none-eabi/newlib/lib/thumb/v7e-m\libc.a(lib_a-init.o)
                0x1fff8cc8                __libc_init_array
 .text.memset   0x1fff8d10       0x10 C:/NXP/S32DS_ARM_v2.2/S32DS/build_tools/gcc_v6.3/gcc-6.3-arm32-eabi/arm-none-eabi/newlib/lib/thumb/v7e-m\libc.a(lib_a-memset.o)
                0x1fff8d10                memset
 .text.startup.register_fini
                0x1fff8d20       0x14 C:/NXP/S32DS_ARM_v2.2/S32DS/build_tools/gcc_v6.3/gcc-6.3-arm32-eabi/arm-none-eabi/newlib/lib/thumb/v7e-m\libc.a(lib_a-__call_atexit.o)
 .text.__call_exitprocs
                0x1fff8d34       0xc8 C:/NXP/S32DS_ARM_v2.2/S32DS/build_tools/gcc_v6.3/gcc-6.3-arm32-eabi/arm-none-eabi/newlib/lib/thumb/v7e-m\libc.a(lib_a-__call_atexit.o)
                0x1fff8d34                __call_exitprocs
 .text.__libc_fini_array
                0x1fff8dfc       0x28 C:/NXP/S32DS_ARM_v2.2/S32DS/build_tools/gcc_v6.3/gcc-6.3-arm32-eabi/arm-none-eabi/newlib/lib/thumb/v7e-m\libc.a(lib_a-fini.o)
                0x1fff8dfc                __libc_fini_array
 .text.atexit   0x1fff8e24        0xc C:/NXP/S32DS_ARM_v2.2/S32DS/build_tools/gcc_v6.3/gcc-6.3-arm32-eabi/arm-none-eabi/newlib/lib/thumb/v7e-m\libc.a(lib_a-atexit.o)
                0x1fff8e24                atexit
 .text.__register_exitproc
                0x1fff8e30       0x98 C:/NXP/S32DS_ARM_v2.2/S32DS/build_tools/gcc_v6.3/gcc-6.3-arm32-eabi/arm-none-eabi/newlib/lib/thumb/v7e-m\libc.a(lib_a-__atexit.o)
                0x1fff8e30                __register_exitproc
 .text._exit    0x1fff8ec8        0x2 C:/NXP/S32DS_ARM_v2.2/S32DS/build_tools/gcc_v6.3/gcc-6.3-arm32-eabi/arm-none-eabi/newlib/lib/thumb/v7e-m\libnosys.a(_exit.o)
                0x1fff8ec8                _exit
 *(.rodata)
 *(.rodata*)
 *fill*         0x1fff8eca        0x6 
 .rodata.Mcu_Ram_ConfigPB0
                0x1fff8ed0       0x40 ./EB_gen/src/Mcu_PBcfg.o
 .rodata.Mcu_Mode_ConfigPB0
                0x1fff8f10        0x8 ./EB_gen/src/Mcu_PBcfg.o
 .rodata.SIM_ClockConfigPB0_0
                0x1fff8f18        0xc ./EB_gen/src/Mcu_PBcfg.o
 .rodata.SOSC_ClockConfigPB0_0
                0x1fff8f24       0x18 ./EB_gen/src/Mcu_PBcfg.o
 .rodata.SIRC_ClockConfigPB0_0
                0x1fff8f3c       0x18 ./EB_gen/src/Mcu_PBcfg.o
 .rodata.FIRC_ClockConfigPB0_0
                0x1fff8f54       0x18 ./EB_gen/src/Mcu_PBcfg.o
 .rodata.SPLL_ClockConfigPB0_0
                0x1fff8f6c       0x18 ./EB_gen/src/Mcu_PBcfg.o
 .rodata.SCG_ClockConfigPB0_0
                0x1fff8f84       0x20 ./EB_gen/src/Mcu_PBcfg.o
 .rodata.PCC_aRegistersConfigPB0_0
                0x1fff8fa4      0x100 ./EB_gen/src/Mcu_PBcfg.o
 .rodata.PCC_ClockConfigPB0_0
                0x1fff90a4        0x8 ./EB_gen/src/Mcu_PBcfg.o
 .rodata.Mcu_ClockConfigPB0
                0x1fff90ac       0x14 ./EB_gen/src/Mcu_PBcfg.o
 .rodata.RCM_ResetConfigPB0
                0x1fff90c0        0x8 ./EB_gen/src/Mcu_PBcfg.o
 .rodata.SIM_ConfigPB0
                0x1fff90c8       0x1c ./EB_gen/src/Mcu_PBcfg.o
 .rodata.PMC_ConfigPB0
                0x1fff90e4        0x3 ./EB_gen/src/Mcu_PBcfg.o
 *fill*         0x1fff90e7        0x1 
 .rodata.SMC_ConfigPB0
                0x1fff90e8        0x4 ./EB_gen/src/Mcu_PBcfg.o
 .rodata.Mcu_HwIPsConfigPB0
                0x1fff90ec       0x10 ./EB_gen/src/Mcu_PBcfg.o
 .rodata.Mcu_Config
                0x1fff90fc       0x1c ./EB_gen/src/Mcu_PBcfg.o
                0x1fff90fc                Mcu_Config
 .rodata._global_impure_ptr
                0x1fff9118        0x4 C:/NXP/S32DS_ARM_v2.2/S32DS/build_tools/gcc_v6.3/gcc-6.3-arm32-eabi/arm-none-eabi/newlib/lib/thumb/v7e-m\libc.a(lib_a-impure.o)
                0x1fff9118                _global_impure_ptr
 *(.glue_7)
 .glue_7        0x1fff911c        0x0 linker stubs
 *(.glue_7t)
 .glue_7t       0x1fff911c        0x0 linker stubs
 *(.eh_frame)
 .eh_frame      0x1fff911c        0x0 c:/nxp/s32ds_arm_v2.2/s32ds/build_tools/gcc_v6.3/gcc-6.3-arm32-eabi/bin/../lib/gcc/arm-none-eabi/6.3.1/thumb/v7e-m/crtbegin.o
 *(.init)
 .init          0x1fff911c        0x4 c:/nxp/s32ds_arm_v2.2/s32ds/build_tools/gcc_v6.3/gcc-6.3-arm32-eabi/bin/../lib/gcc/arm-none-eabi/6.3.1/thumb/v7e-m/crti.o
                0x1fff911c                _init
 .init          0x1fff9120        0x8 c:/nxp/s32ds_arm_v2.2/s32ds/build_tools/gcc_v6.3/gcc-6.3-arm32-eabi/bin/../lib/gcc/arm-none-eabi/6.3.1/thumb/v7e-m/crtn.o
 *(.fini)
 .fini          0x1fff9128        0x4 c:/nxp/s32ds_arm_v2.2/s32ds/build_tools/gcc_v6.3/gcc-6.3-arm32-eabi/bin/../lib/gcc/arm-none-eabi/6.3.1/thumb/v7e-m/crti.o
                0x1fff9128                _fini
 .fini          0x1fff912c        0x8 c:/nxp/s32ds_arm_v2.2/s32ds/build_tools/gcc_v6.3/gcc-6.3-arm32-eabi/bin/../lib/gcc/arm-none-eabi/6.3.1/thumb/v7e-m/crtn.o
                0x1fff9134                . = ALIGN (0x4)

.vfp11_veneer   0x1fff9134        0x0
 .vfp11_veneer  0x1fff9134        0x0 linker stubs

.v4_bx          0x1fff9134        0x0
 .v4_bx         0x1fff9134        0x0 linker stubs

.iplt           0x1fff9134        0x0
 .iplt          0x1fff9134        0x0 c:/nxp/s32ds_arm_v2.2/s32ds/build_tools/gcc_v6.3/gcc-6.3-arm32-eabi/bin/../lib/gcc/arm-none-eabi/6.3.1/thumb/v7e-m/crtbegin.o

.code_ram       0x1fff9134        0x0
                0x1fff9134                . = ALIGN (0x4)
                0x1fff9134                __CODE_RAM = .
                0x1fff9134                __code_ram_start__ = .
 *(.code_ram)
                0x1fff9134                __CODE_ROM = .
                0x1fff9134                __CODE_END = .
                0x1fff9134                __code_ram_end__ = .
                0x1fff9134                . = ALIGN (0x4)

.ARM.extab
 *(.ARM.extab* .gnu.linkonce.armextab.*)

.ARM            0x1fff9134        0x8
                0x1fff9134                __exidx_start = .
 *(.ARM.exidx*)
 .ARM.exidx     0x1fff9134        0x8 C:/NXP/S32DS_ARM_v2.2/S32DS/build_tools/gcc_v6.3/gcc-6.3-arm32-eabi/arm-none-eabi/newlib/lib/thumb/v7e-m/crt0.o
                0x1fff913c                __exidx_end = .

.rel.dyn        0x1fff913c        0x0
 .rel.iplt      0x1fff913c        0x0 c:/nxp/s32ds_arm_v2.2/s32ds/build_tools/gcc_v6.3/gcc-6.3-arm32-eabi/bin/../lib/gcc/arm-none-eabi/6.3.1/thumb/v7e-m/crtbegin.o

.ctors          0x1fff913c        0x0
                0x1fff913c                __CTOR_LIST__ = .
 *crtbegin.o(.ctors)
 *crtbegin?.o(.ctors)
 *(EXCLUDE_FILE(*crtend.o *crtend?.o) .ctors)
 *(SORT(.ctors.*))
 *(.ctors)
                0x1fff913c                __CTOR_END__ = .

.dtors          0x1fff913c        0x0
                0x1fff913c                __DTOR_LIST__ = .
 *crtbegin.o(.dtors)
 *crtbegin?.o(.dtors)
 *(EXCLUDE_FILE(*crtend.o *crtend?.o) .dtors)
 *(SORT(.dtors.*))
 *(.dtors)
                0x1fff913c                __DTOR_END__ = .

.preinit_array  0x1fff913c        0x0
                0x1fff913c                PROVIDE (__preinit_array_start, .)
 *(.preinit_array*)
                0x1fff913c                PROVIDE (__preinit_array_end, .)

.init_array     0x1fff913c        0x8
                0x1fff913c                PROVIDE (__init_array_start, .)
 *(SORT(.init_array.*))
 .init_array.00000
                0x1fff913c        0x4 C:/NXP/S32DS_ARM_v2.2/S32DS/build_tools/gcc_v6.3/gcc-6.3-arm32-eabi/arm-none-eabi/newlib/lib/thumb/v7e-m\libc.a(lib_a-__call_atexit.o)
 *(.init_array*)
 .init_array    0x1fff9140        0x4 c:/nxp/s32ds_arm_v2.2/s32ds/build_tools/gcc_v6.3/gcc-6.3-arm32-eabi/bin/../lib/gcc/arm-none-eabi/6.3.1/thumb/v7e-m/crtbegin.o
                0x1fff9144                PROVIDE (__init_array_end, .)

.fini_array     0x1fff9144        0x4
                0x1fff9144                PROVIDE (__fini_array_start, .)
 *(SORT(.fini_array.*))
 *(.fini_array*)
 .fini_array    0x1fff9144        0x4 c:/nxp/s32ds_arm_v2.2/s32ds/build_tools/gcc_v6.3/gcc-6.3-arm32-eabi/bin/../lib/gcc/arm-none-eabi/6.3.1/thumb/v7e-m/crtbegin.o
                0x1fff9148                PROVIDE (__fini_array_end, .)
                0x1fff9148                __etext = .
                0x1fff9148                __DATA_ROM = .
                0x1fff9148                __DATA_END = __DATA_ROM

.customSectionBlock
                0x20000000        0x0
                0x20000000                __customSection_start__ = .
 *(.customSection)
                0x20000000                __customSection_end__ = .
                0x20000000                __CUSTOM_ROM = .
                0x20000000                __CUSTOM_END = .

.data           0x20000000      0x424
                0x20000000                . = ALIGN (0x4)
                0x20000000                __DATA_RAM = .
                0x20000000                __data_start__ = .
 *(.data)
 *(.data*)
 .data.Mcu_eStatus
                0x20000000        0x1 ./LR_MCU/src/Mcu.o
 *fill*         0x20000001        0x7 
 .data.impure_data
                0x20000008      0x418 C:/NXP/S32DS_ARM_v2.2/S32DS/build_tools/gcc_v6.3/gcc-6.3-arm32-eabi/arm-none-eabi/newlib/lib/thumb/v7e-m\libc.a(lib_a-impure.o)
 *(.jcr*)
 .jcr           0x20000420        0x0 c:/nxp/s32ds_arm_v2.2/s32ds/build_tools/gcc_v6.3/gcc-6.3-arm32-eabi/bin/../lib/gcc/arm-none-eabi/6.3.1/thumb/v7e-m/crtbegin.o
 .jcr           0x20000420        0x4 c:/nxp/s32ds_arm_v2.2/s32ds/build_tools/gcc_v6.3/gcc-6.3-arm32-eabi/bin/../lib/gcc/arm-none-eabi/6.3.1/thumb/v7e-m/crtend.o
                0x20000424                . = ALIGN (0x4)
                0x20000424                __data_end__ = .

.tm_clone_table
                0x20000424        0x0
 .tm_clone_table
                0x20000424        0x0 c:/nxp/s32ds_arm_v2.2/s32ds/build_tools/gcc_v6.3/gcc-6.3-arm32-eabi/bin/../lib/gcc/arm-none-eabi/6.3.1/thumb/v7e-m/crtbegin.o
 .tm_clone_table
                0x20000424        0x0 c:/nxp/s32ds_arm_v2.2/s32ds/build_tools/gcc_v6.3/gcc-6.3-arm32-eabi/bin/../lib/gcc/arm-none-eabi/6.3.1/thumb/v7e-m/crtend.o

.igot.plt       0x20000424        0x0
 .igot.plt      0x20000424        0x0 c:/nxp/s32ds_arm_v2.2/s32ds/build_tools/gcc_v6.3/gcc-6.3-arm32-eabi/bin/../lib/gcc/arm-none-eabi/6.3.1/thumb/v7e-m/crtbegin.o

.bss            0x20000424       0xbc
                0x20000424                . = ALIGN (0x4)
                0x20000424                __BSS_START = .
                0x20000424                __bss_start__ = .
 *(.bss)
 .bss           0x20000424       0x1c c:/nxp/s32ds_arm_v2.2/s32ds/build_tools/gcc_v6.3/gcc-6.3-arm32-eabi/bin/../lib/gcc/arm-none-eabi/6.3.1/thumb/v7e-m/crtbegin.o
 *(.bss*)
 .bss.Mcu_au8ClockConfigIds
                0x20000440        0x1 ./LR_MCU/src/Mcu.o
 *fill*         0x20000441        0x3 
 .bss.Mcu_au8ModeConfigIds
                0x20000444        0x1 ./LR_MCU/src/Mcu.o
 *fill*         0x20000445        0x3 
 .bss.Mcu_au8RamConfigIds
                0x20000448        0x2 ./LR_MCU/src/Mcu.o
 *fill*         0x2000044a        0x2 
 .bss.Mcu_pConfigPtr
                0x2000044c        0x4 ./LR_MCU/src/Mcu.o
                0x2000044c                Mcu_pConfigPtr
 *(COMMON)
 COMMON         0x20000450       0x90 ./LR_DET/src/Det.o
                0x20000450                Det_ErrorId
                0x20000458                Det_RuntimeErrorId
                0x20000460                Det_RuntimeModuleId
                0x20000470                Det_TransientFaultId
                0x20000478                Det_InstanceId
                0x20000480                Det_TransientApiId
                0x20000488                Det_numEventErrors
                0x2000048c                Det_numRuntimeEventErrors
                0x20000490                Det_ApiId
                0x20000498                Det_numTransientEventErrors
                0x2000049c                Det_TransientModuleId
                0x200004ac                Det_OverflowEvent
                0x200004b0                Det_RuntimeApiId
                0x200004b8                Det_TransientOverflowEvent
                0x200004bc                Det_ModuleId
                0x200004cc                Det_RuntimeOverflowEvent
                0x200004d0                Det_TransientInstanceId
                0x200004d8                Det_RuntimeInstanceId
                0x200004e0                . = ALIGN (0x4)
                0x200004e0                __bss_end__ = .
                0x200004e0                __BSS_END = .

.heap           0x200004e0      0x400
                0x200004e0                . = ALIGN (0x8)
                0x200004e0                __end__ = .
                0x200004e0                __heap_start__ = .
                [!provide]                PROVIDE (end, .)
                [!provide]                PROVIDE (_end, .)
                [!provide]                PROVIDE (__end, .)
                0x200004e0                __HeapBase = .
                0x200008e0                . = (. + HEAP_SIZE)
 *fill*         0x200004e0      0x400 
                0x200008e0                __HeapLimit = .
                0x200008e0                __heap_limit = .
                0x200008e0                __heap_end__ = .
                0x20007000                __StackTop = (ORIGIN (m_data) + LENGTH (m_data))
                0x20006c00                __StackLimit = (__StackTop - STACK_SIZE)
                0x20007000                PROVIDE (__stack, __StackTop)

.stack          0x20006c00      0x400
                0x20006c00                . = ALIGN (0x8)
                0x20006c00                __stack_start__ = .
                0x20007000                . = (. + STACK_SIZE)
 *fill*         0x20006c00      0x400 
                0x20007000                __stack_end__ = .
                0x20000424                __START_BSS = __BSS_START
                0x200004e0                __END_BSS = __BSS_END
                0x20007000                __SP_INIT = __StackTop

.ARM.attributes
                0x00000000       0x2a
 *(.ARM.attributes)
 .ARM.attributes
                0x00000000       0x1e c:/nxp/s32ds_arm_v2.2/s32ds/build_tools/gcc_v6.3/gcc-6.3-arm32-eabi/bin/../lib/gcc/arm-none-eabi/6.3.1/thumb/v7e-m/crti.o
 .ARM.attributes
                0x0000001e       0x2e c:/nxp/s32ds_arm_v2.2/s32ds/build_tools/gcc_v6.3/gcc-6.3-arm32-eabi/bin/../lib/gcc/arm-none-eabi/6.3.1/thumb/v7e-m/crtbegin.o
 .ARM.attributes
                0x0000004c       0x1c C:/NXP/S32DS_ARM_v2.2/S32DS/build_tools/gcc_v6.3/gcc-6.3-arm32-eabi/arm-none-eabi/newlib/lib/thumb/v7e-m/crt0.o
 .ARM.attributes
                0x00000068       0x33 ./EB_gen/src/Mcu_PBcfg.o
 .ARM.attributes
                0x0000009b       0x33 ./LR_DET/src/Det.o
 .ARM.attributes
                0x000000ce       0x33 ./LR_MCU/src/Mcu.o
 .ARM.attributes
                0x00000101       0x33 ./LR_MCU/src/Mcu_IPW.o
 .ARM.attributes
                0x00000134       0x33 ./LR_MCU/src/Mcu_PMC.o
 .ARM.attributes
                0x00000167       0x33 ./LR_MCU/src/Mcu_RCM.o
 .ARM.attributes
                0x0000019a       0x33 ./LR_MCU/src/Mcu_SIM.o
 .ARM.attributes
                0x000001cd       0x33 ./LR_MCU/src/Mcu_SMC.o
 .ARM.attributes
                0x00000200       0x33 ./Project_Settings/Startup_Code/startup.o
 .ARM.attributes
                0x00000233       0x1b ./Project_Settings/Startup_Code/startup_S32K144.o
 .ARM.attributes
                0x0000024e       0x33 ./Project_Settings/Startup_Code/system_S32K144.o
 .ARM.attributes
                0x00000281       0x33 ./src/main.o
 .ARM.attributes
                0x000002b4       0x2e C:/NXP/S32DS_ARM_v2.2/S32DS/build_tools/gcc_v6.3/gcc-6.3-arm32-eabi/arm-none-eabi/newlib/lib/thumb/v7e-m\libc.a(lib_a-exit.o)
 .ARM.attributes
                0x000002e2       0x2e C:/NXP/S32DS_ARM_v2.2/S32DS/build_tools/gcc_v6.3/gcc-6.3-arm32-eabi/arm-none-eabi/newlib/lib/thumb/v7e-m\libc.a(lib_a-impure.o)
 .ARM.attributes
                0x00000310       0x2e C:/NXP/S32DS_ARM_v2.2/S32DS/build_tools/gcc_v6.3/gcc-6.3-arm32-eabi/arm-none-eabi/newlib/lib/thumb/v7e-m\libc.a(lib_a-init.o)
 .ARM.attributes
                0x0000033e       0x2e C:/NXP/S32DS_ARM_v2.2/S32DS/build_tools/gcc_v6.3/gcc-6.3-arm32-eabi/arm-none-eabi/newlib/lib/thumb/v7e-m\libc.a(lib_a-memset.o)
 .ARM.attributes
                0x0000036c       0x2e C:/NXP/S32DS_ARM_v2.2/S32DS/build_tools/gcc_v6.3/gcc-6.3-arm32-eabi/arm-none-eabi/newlib/lib/thumb/v7e-m\libc.a(lib_a-__call_atexit.o)
 .ARM.attributes
                0x0000039a       0x2e C:/NXP/S32DS_ARM_v2.2/S32DS/build_tools/gcc_v6.3/gcc-6.3-arm32-eabi/arm-none-eabi/newlib/lib/thumb/v7e-m\libc.a(lib_a-fini.o)
 .ARM.attributes
                0x000003c8       0x2e C:/NXP/S32DS_ARM_v2.2/S32DS/build_tools/gcc_v6.3/gcc-6.3-arm32-eabi/arm-none-eabi/newlib/lib/thumb/v7e-m\libc.a(lib_a-atexit.o)
 .ARM.attributes
                0x000003f6       0x2e C:/NXP/S32DS_ARM_v2.2/S32DS/build_tools/gcc_v6.3/gcc-6.3-arm32-eabi/arm-none-eabi/newlib/lib/thumb/v7e-m\libc.a(lib_a-__atexit.o)
 .ARM.attributes
                0x00000424       0x2e C:/NXP/S32DS_ARM_v2.2/S32DS/build_tools/gcc_v6.3/gcc-6.3-arm32-eabi/arm-none-eabi/newlib/lib/thumb/v7e-m\libnosys.a(_exit.o)
 .ARM.attributes
                0x00000452       0x2e c:/nxp/s32ds_arm_v2.2/s32ds/build_tools/gcc_v6.3/gcc-6.3-arm32-eabi/bin/../lib/gcc/arm-none-eabi/6.3.1/thumb/v7e-m/crtend.o
 .ARM.attributes
                0x00000480       0x1e c:/nxp/s32ds_arm_v2.2/s32ds/build_tools/gcc_v6.3/gcc-6.3-arm32-eabi/bin/../lib/gcc/arm-none-eabi/6.3.1/thumb/v7e-m/crtn.o
                0x00000001                ASSERT ((__StackLimit >= __HeapLimit), region m_data overflowed with stack and heap)

/DISCARD/
 *(.FlashConfig)
OUTPUT(Blink_led_spll.elf elf32-littlearm)

.comment        0x00000000       0xa0
 .comment       0x00000000       0xa0 c:/nxp/s32ds_arm_v2.2/s32ds/build_tools/gcc_v6.3/gcc-6.3-arm32-eabi/bin/../lib/gcc/arm-none-eabi/6.3.1/thumb/v7e-m/crtbegin.o
                                 0xa1 (size before relaxing)
 .comment       0x000000a0       0xa1 ./EB_gen/src/Mcu_PBcfg.o
 .comment       0x000000a0       0xa1 ./LR_DET/src/Det.o
 .comment       0x000000a0       0xa1 ./LR_MCU/src/Mcu.o
 .comment       0x000000a0       0xa1 ./LR_MCU/src/Mcu_IPW.o
 .comment       0x000000a0       0xa1 ./LR_MCU/src/Mcu_PMC.o
 .comment       0x000000a0       0xa1 ./LR_MCU/src/Mcu_RCM.o
 .comment       0x000000a0       0xa1 ./LR_MCU/src/Mcu_SIM.o
 .comment       0x000000a0       0xa1 ./LR_MCU/src/Mcu_SMC.o
 .comment       0x000000a0       0xa1 ./Project_Settings/Startup_Code/startup.o
 .comment       0x000000a0       0xa1 ./Project_Settings/Startup_Code/system_S32K144.o
 .comment       0x000000a0       0xa1 ./src/main.o
 .comment       0x000000a0       0xa1 c:/nxp/s32ds_arm_v2.2/s32ds/build_tools/gcc_v6.3/gcc-6.3-arm32-eabi/bin/../lib/gcc/arm-none-eabi/6.3.1/thumb/v7e-m/crtend.o

.debug_info     0x00000000     0x428e
 .debug_info    0x00000000      0x796 ./EB_gen/src/Mcu_PBcfg.o
 .debug_info    0x00000796      0x38f ./LR_DET/src/Det.o
 .debug_info    0x00000b25      0xbf4 ./LR_MCU/src/Mcu.o
 .debug_info    0x00001719      0x7ba ./LR_MCU/src/Mcu_IPW.o
 .debug_info    0x00001ed3      0x75a ./LR_MCU/src/Mcu_PMC.o
 .debug_info    0x0000262d      0x3f8 ./LR_MCU/src/Mcu_RCM.o
 .debug_info    0x00002a25      0x2eb ./LR_MCU/src/Mcu_SIM.o
 .debug_info    0x00002d10      0x30e ./LR_MCU/src/Mcu_SMC.o
 .debug_info    0x0000301e      0x471 ./Project_Settings/Startup_Code/startup.o
 .debug_info    0x0000348f       0x26 ./Project_Settings/Startup_Code/startup_S32K144.o
 .debug_info    0x000034b5      0x522 ./Project_Settings/Startup_Code/system_S32K144.o
 .debug_info    0x000039d7      0x8b7 ./src/main.o

.debug_abbrev   0x00000000      0xcd5
 .debug_abbrev  0x00000000       0xfc ./EB_gen/src/Mcu_PBcfg.o
 .debug_abbrev  0x000000fc       0xc7 ./LR_DET/src/Det.o
 .debug_abbrev  0x000001c3      0x1ad ./LR_MCU/src/Mcu.o
 .debug_abbrev  0x00000370      0x15b ./LR_MCU/src/Mcu_IPW.o
 .debug_abbrev  0x000004cb      0x11a ./LR_MCU/src/Mcu_PMC.o
 .debug_abbrev  0x000005e5      0x15a ./LR_MCU/src/Mcu_RCM.o
 .debug_abbrev  0x0000073f      0x119 ./LR_MCU/src/Mcu_SIM.o
 .debug_abbrev  0x00000858      0x117 ./LR_MCU/src/Mcu_SMC.o
 .debug_abbrev  0x0000096f      0x108 ./Project_Settings/Startup_Code/startup.o
 .debug_abbrev  0x00000a77       0x14 ./Project_Settings/Startup_Code/startup_S32K144.o
 .debug_abbrev  0x00000a8b      0x125 ./Project_Settings/Startup_Code/system_S32K144.o
 .debug_abbrev  0x00000bb0      0x125 ./src/main.o

.debug_aranges  0x00000000      0x2a8
 .debug_aranges
                0x00000000       0x18 ./EB_gen/src/Mcu_PBcfg.o
 .debug_aranges
                0x00000018       0x40 ./LR_DET/src/Det.o
 .debug_aranges
                0x00000058       0x98 ./LR_MCU/src/Mcu.o
 .debug_aranges
                0x000000f0       0x70 ./LR_MCU/src/Mcu_IPW.o
 .debug_aranges
                0x00000160       0x20 ./LR_MCU/src/Mcu_PMC.o
 .debug_aranges
                0x00000180       0x48 ./LR_MCU/src/Mcu_RCM.o
 .debug_aranges
                0x000001c8       0x28 ./LR_MCU/src/Mcu_SIM.o
 .debug_aranges
                0x000001f0       0x28 ./LR_MCU/src/Mcu_SMC.o
 .debug_aranges
                0x00000218       0x20 ./Project_Settings/Startup_Code/startup.o
 .debug_aranges
                0x00000238       0x20 ./Project_Settings/Startup_Code/startup_S32K144.o
 .debug_aranges
                0x00000258       0x30 ./Project_Settings/Startup_Code/system_S32K144.o
 .debug_aranges
                0x00000288       0x20 ./src/main.o

.debug_macro    0x00000000    0x22703
 .debug_macro   0x00000000      0x20a ./EB_gen/src/Mcu_PBcfg.o
 .debug_macro   0x0000020a      0x320 ./EB_gen/src/Mcu_PBcfg.o
 .debug_macro   0x0000052a      0x27b ./EB_gen/src/Mcu_PBcfg.o
 .debug_macro   0x000007a5      0x608 ./EB_gen/src/Mcu_PBcfg.o
 .debug_macro   0x00000dad      0x7d8 ./EB_gen/src/Mcu_PBcfg.o
 .debug_macro   0x00001585      0x10a ./EB_gen/src/Mcu_PBcfg.o
 .debug_macro   0x0000168f       0x7d ./LR_DET/src/Det.o
 .debug_macro   0x0000170c       0x40 ./LR_DET/src/Det.o
 .debug_macro   0x0000174c      0x284 ./LR_MCU/src/Mcu.o
 .debug_macro   0x000019d0      0x39d ./LR_MCU/src/Mcu.o
 .debug_macro   0x00001d6d       0x3b ./LR_MCU/src/Mcu.o
 .debug_macro   0x00001da8       0x50 ./LR_MCU/src/Mcu.o
 .debug_macro   0x00001df8       0x50 ./LR_MCU/src/Mcu.o
 .debug_macro   0x00001e48      0x31a ./LR_MCU/src/Mcu_IPW.o
 .debug_macro   0x00002162       0x2e ./LR_MCU/src/Mcu_IPW.o
 .debug_macro   0x00002190       0x35 ./LR_MCU/src/Mcu_IPW.o
 .debug_macro   0x000021c5       0x52 ./LR_MCU/src/Mcu_IPW.o
 .debug_macro   0x00002217       0x3b ./LR_MCU/src/Mcu_IPW.o
 .debug_macro   0x00002252       0x12 ./LR_MCU/src/Mcu_IPW.o
 .debug_macro   0x00002264       0x3b ./LR_MCU/src/Mcu_IPW.o
 .debug_macro   0x0000229f       0x12 ./LR_MCU/src/Mcu_IPW.o
 .debug_macro   0x000022b1       0x3b ./LR_MCU/src/Mcu_IPW.o
 .debug_macro   0x000022ec       0x2e ./LR_MCU/src/Mcu_IPW.o
 .debug_macro   0x0000231a       0x3b ./LR_MCU/src/Mcu_IPW.o
 .debug_macro   0x00002355       0x66 ./LR_MCU/src/Mcu_IPW.o
 .debug_macro   0x000023bb       0x3b ./LR_MCU/src/Mcu_IPW.o
 .debug_macro   0x000023f6       0x19 ./LR_MCU/src/Mcu_IPW.o
 .debug_macro   0x0000240f       0x3b ./LR_MCU/src/Mcu_IPW.o
 .debug_macro   0x0000244a       0x19 ./LR_MCU/src/Mcu_IPW.o
 .debug_macro   0x00002463       0x3b ./LR_MCU/src/Mcu_IPW.o
 .debug_macro   0x0000249e      0x237 ./LR_MCU/src/Mcu_PMC.o
 .debug_macro   0x000026d5       0x35 ./LR_MCU/src/Mcu_PMC.o
 .debug_macro   0x0000270a      0x17b ./LR_MCU/src/Mcu_RCM.o
 .debug_macro   0x00002885       0x2e ./LR_MCU/src/Mcu_RCM.o
 .debug_macro   0x000028b3       0x35 ./LR_MCU/src/Mcu_RCM.o
 .debug_macro   0x000028e8      0x275 ./LR_MCU/src/Mcu_RCM.o
 .debug_macro   0x00002b5d       0x50 ./LR_MCU/src/Mcu_RCM.o
 .debug_macro   0x00002bad       0x50 ./LR_MCU/src/Mcu_RCM.o
 .debug_macro   0x00002bfd      0x159 ./LR_MCU/src/Mcu_SIM.o
 .debug_macro   0x00002d56       0x2e ./LR_MCU/src/Mcu_SIM.o
 .debug_macro   0x00002d84       0x35 ./LR_MCU/src/Mcu_SIM.o
 .debug_macro   0x00002db9      0x7d2 ./LR_MCU/src/Mcu_SIM.o
 .debug_macro   0x0000358b      0x193 ./LR_MCU/src/Mcu_SMC.o
 .debug_macro   0x0000371e       0x2e ./LR_MCU/src/Mcu_SMC.o
 .debug_macro   0x0000374c       0x35 ./LR_MCU/src/Mcu_SMC.o
 .debug_macro   0x00003781       0xb5 ./Project_Settings/Startup_Code/startup.o
 .debug_macro   0x00003836       0x22 ./Project_Settings/Startup_Code/startup.o
 .debug_macro   0x00003858       0x87 ./Project_Settings/Startup_Code/startup.o
 .debug_macro   0x000038df       0x51 ./Project_Settings/Startup_Code/startup.o
 .debug_macro   0x00003930       0xef ./Project_Settings/Startup_Code/startup.o
 .debug_macro   0x00003a1f       0x6a ./Project_Settings/Startup_Code/startup.o
 .debug_macro   0x00003a89      0x1df ./Project_Settings/Startup_Code/startup.o
 .debug_macro   0x00003c68       0x10 ./Project_Settings/Startup_Code/startup.o
 .debug_macro   0x00003c78       0x7a ./Project_Settings/Startup_Code/startup.o
 .debug_macro   0x00003cf2     0xed32 ./Project_Settings/Startup_Code/startup.o
 .debug_macro   0x00012a24      0xb86 ./Project_Settings/Startup_Code/startup.o
 .debug_macro   0x000135aa       0x22 ./Project_Settings/Startup_Code/startup.o
 .debug_macro   0x000135cc       0x40 ./Project_Settings/Startup_Code/startup.o
 .debug_macro   0x0001360c       0xb5 ./Project_Settings/Startup_Code/system_S32K144.o
 .debug_macro   0x000136c1       0x19 ./Project_Settings/Startup_Code/system_S32K144.o
 .debug_macro   0x000136da     0xed1d ./Project_Settings/Startup_Code/system_S32K144.o
 .debug_macro   0x000223f7       0x28 ./Project_Settings/Startup_Code/system_S32K144.o
 .debug_macro   0x0002241f      0x2e4 ./src/main.o

.debug_line     0x00000000     0x2336
 .debug_line    0x00000000      0x2ad ./EB_gen/src/Mcu_PBcfg.o
 .debug_line    0x000002ad      0x16a ./LR_DET/src/Det.o
 .debug_line    0x00000417      0x461 ./LR_MCU/src/Mcu.o
 .debug_line    0x00000878      0x453 ./LR_MCU/src/Mcu_IPW.o
 .debug_line    0x00000ccb      0x2de ./LR_MCU/src/Mcu_PMC.o
 .debug_line    0x00000fa9      0x291 ./LR_MCU/src/Mcu_RCM.o
 .debug_line    0x0000123a      0x226 ./LR_MCU/src/Mcu_SIM.o
 .debug_line    0x00001460      0x29f ./LR_MCU/src/Mcu_SMC.o
 .debug_line    0x000016ff      0x318 ./Project_Settings/Startup_Code/startup.o
 .debug_line    0x00001a17       0x84 ./Project_Settings/Startup_Code/startup_S32K144.o
 .debug_line    0x00001a9b      0x335 ./Project_Settings/Startup_Code/system_S32K144.o
 .debug_line    0x00001dd0      0x566 ./src/main.o

.debug_str      0x00000000    0x82ea3
 .debug_str     0x00000000    0x1227e ./EB_gen/src/Mcu_PBcfg.o
                              0x12477 (size before relaxing)
 .debug_str     0x0001227e      0x398 ./LR_DET/src/Det.o
                               0x4402 (size before relaxing)
 .debug_str     0x00012616      0x6a7 ./LR_MCU/src/Mcu.o
                               0x8f67 (size before relaxing)
 .debug_str     0x00012cbd     0x1dcd ./LR_MCU/src/Mcu_IPW.o
                               0xe966 (size before relaxing)
 .debug_str     0x00014a8a     0x178d ./LR_MCU/src/Mcu_PMC.o
                               0xa119 (size before relaxing)
 .debug_str     0x00016217      0x2a3 ./LR_MCU/src/Mcu_RCM.o
                               0x9abe (size before relaxing)
 .debug_str     0x000164ba      0x119 ./LR_MCU/src/Mcu_SIM.o
                               0xc3e5 (size before relaxing)
 .debug_str     0x000165d3      0x143 ./LR_MCU/src/Mcu_SMC.o
                               0x97c3 (size before relaxing)
 .debug_str     0x00016716    0x6624b ./Project_Settings/Startup_Code/startup.o
                              0x68ac2 (size before relaxing)
 .debug_str     0x0007c961       0x3f ./Project_Settings/Startup_Code/startup_S32K144.o
                                 0x62 (size before relaxing)
 .debug_str     0x0007c9a0      0x1f3 ./Project_Settings/Startup_Code/system_S32K144.o
                              0x6889b (size before relaxing)
 .debug_str     0x0007cb93     0x6310 ./src/main.o
                              0x6f008 (size before relaxing)

.debug_ranges   0x00000000      0x1d0
 .debug_ranges  0x00000000       0x30 ./LR_DET/src/Det.o
 .debug_ranges  0x00000030       0x88 ./LR_MCU/src/Mcu.o
 .debug_ranges  0x000000b8       0x60 ./LR_MCU/src/Mcu_IPW.o
 .debug_ranges  0x00000118       0x10 ./LR_MCU/src/Mcu_PMC.o
 .debug_ranges  0x00000128       0x38 ./LR_MCU/src/Mcu_RCM.o
 .debug_ranges  0x00000160       0x18 ./LR_MCU/src/Mcu_SIM.o
 .debug_ranges  0x00000178       0x18 ./LR_MCU/src/Mcu_SMC.o
 .debug_ranges  0x00000190       0x10 ./Project_Settings/Startup_Code/startup.o
 .debug_ranges  0x000001a0       0x20 ./Project_Settings/Startup_Code/system_S32K144.o
 .debug_ranges  0x000001c0       0x10 ./src/main.o

.debug_frame    0x00000000      0x90c
 .debug_frame   0x00000000       0xd4 ./LR_DET/src/Det.o
 .debug_frame   0x000000d4      0x258 ./LR_MCU/src/Mcu.o
 .debug_frame   0x0000032c      0x19c ./LR_MCU/src/Mcu_IPW.o
 .debug_frame   0x000004c8       0x38 ./LR_MCU/src/Mcu_PMC.o
 .debug_frame   0x00000500       0xf8 ./LR_MCU/src/Mcu_RCM.o
 .debug_frame   0x000005f8       0x60 ./LR_MCU/src/Mcu_SIM.o
 .debug_frame   0x00000658       0x60 ./LR_MCU/src/Mcu_SMC.o
 .debug_frame   0x000006b8       0x38 ./Project_Settings/Startup_Code/startup.o
 .debug_frame   0x000006f0       0x80 ./Project_Settings/Startup_Code/system_S32K144.o
 .debug_frame   0x00000770       0x34 ./src/main.o
 .debug_frame   0x000007a4       0x28 C:/NXP/S32DS_ARM_v2.2/S32DS/build_tools/gcc_v6.3/gcc-6.3-arm32-eabi/arm-none-eabi/newlib/lib/thumb/v7e-m\libc.a(lib_a-exit.o)
 .debug_frame   0x000007cc       0x2c C:/NXP/S32DS_ARM_v2.2/S32DS/build_tools/gcc_v6.3/gcc-6.3-arm32-eabi/arm-none-eabi/newlib/lib/thumb/v7e-m\libc.a(lib_a-init.o)
 .debug_frame   0x000007f8       0x20 C:/NXP/S32DS_ARM_v2.2/S32DS/build_tools/gcc_v6.3/gcc-6.3-arm32-eabi/arm-none-eabi/newlib/lib/thumb/v7e-m\libc.a(lib_a-memset.o)
 .debug_frame   0x00000818       0x4c C:/NXP/S32DS_ARM_v2.2/S32DS/build_tools/gcc_v6.3/gcc-6.3-arm32-eabi/arm-none-eabi/newlib/lib/thumb/v7e-m\libc.a(lib_a-__call_atexit.o)
 .debug_frame   0x00000864       0x38 C:/NXP/S32DS_ARM_v2.2/S32DS/build_tools/gcc_v6.3/gcc-6.3-arm32-eabi/arm-none-eabi/newlib/lib/thumb/v7e-m\libc.a(lib_a-fini.o)
 .debug_frame   0x0000089c       0x20 C:/NXP/S32DS_ARM_v2.2/S32DS/build_tools/gcc_v6.3/gcc-6.3-arm32-eabi/arm-none-eabi/newlib/lib/thumb/v7e-m\libc.a(lib_a-atexit.o)
 .debug_frame   0x000008bc       0x30 C:/NXP/S32DS_ARM_v2.2/S32DS/build_tools/gcc_v6.3/gcc-6.3-arm32-eabi/arm-none-eabi/newlib/lib/thumb/v7e-m\libc.a(lib_a-__atexit.o)
 .debug_frame   0x000008ec       0x20 C:/NXP/S32DS_ARM_v2.2/S32DS/build_tools/gcc_v6.3/gcc-6.3-arm32-eabi/arm-none-eabi/newlib/lib/thumb/v7e-m\libnosys.a(_exit.o)
