Archive member included to satisfy reference by file (symbol)

C:/NXP/S32DS_ARM_v2.2/S32DS/build_tools/gcc_v6.3/gcc-6.3-arm32-eabi/arm-none-eabi/newlib/lib/thumb/v7e-m\libc.a(lib_a-exit.o)
                              C:/NXP/S32DS_ARM_v2.2/S32DS/build_tools/gcc_v6.3/gcc-6.3-arm32-eabi/arm-none-eabi/newlib/lib/thumb/v7e-m/crt0.o (exit)
C:/NXP/S32DS_ARM_v2.2/S32DS/build_tools/gcc_v6.3/gcc-6.3-arm32-eabi/arm-none-eabi/newlib/lib/thumb/v7e-m\libc.a(lib_a-impure.o)
                              C:/NXP/S32DS_ARM_v2.2/S32DS/build_tools/gcc_v6.3/gcc-6.3-arm32-eabi/arm-none-eabi/newlib/lib/thumb/v7e-m\libc.a(lib_a-exit.o) (_global_impure_ptr)
C:/NXP/S32DS_ARM_v2.2/S32DS/build_tools/gcc_v6.3/gcc-6.3-arm32-eabi/arm-none-eabi/newlib/lib/thumb/v7e-m\libc.a(lib_a-init.o)
                              C:/NXP/S32DS_ARM_v2.2/S32DS/build_tools/gcc_v6.3/gcc-6.3-arm32-eabi/arm-none-eabi/newlib/lib/thumb/v7e-m/crt0.o (__libc_init_array)
C:/NXP/S32DS_ARM_v2.2/S32DS/build_tools/gcc_v6.3/gcc-6.3-arm32-eabi/arm-none-eabi/newlib/lib/thumb/v7e-m\libc.a(lib_a-memset.o)
                              C:/NXP/S32DS_ARM_v2.2/S32DS/build_tools/gcc_v6.3/gcc-6.3-arm32-eabi/arm-none-eabi/newlib/lib/thumb/v7e-m/crt0.o (memset)
C:/NXP/S32DS_ARM_v2.2/S32DS/build_tools/gcc_v6.3/gcc-6.3-arm32-eabi/arm-none-eabi/newlib/lib/thumb/v7e-m\libc.a(lib_a-__call_atexit.o)
                              C:/NXP/S32DS_ARM_v2.2/S32DS/build_tools/gcc_v6.3/gcc-6.3-arm32-eabi/arm-none-eabi/newlib/lib/thumb/v7e-m\libc.a(lib_a-exit.o) (__call_exitprocs)
C:/NXP/S32DS_ARM_v2.2/S32DS/build_tools/gcc_v6.3/gcc-6.3-arm32-eabi/arm-none-eabi/newlib/lib/thumb/v7e-m\libc.a(lib_a-fini.o)
                              C:/NXP/S32DS_ARM_v2.2/S32DS/build_tools/gcc_v6.3/gcc-6.3-arm32-eabi/arm-none-eabi/newlib/lib/thumb/v7e-m\libc.a(lib_a-__call_atexit.o) (__libc_fini_array)
C:/NXP/S32DS_ARM_v2.2/S32DS/build_tools/gcc_v6.3/gcc-6.3-arm32-eabi/arm-none-eabi/newlib/lib/thumb/v7e-m\libc.a(lib_a-atexit.o)
                              C:/NXP/S32DS_ARM_v2.2/S32DS/build_tools/gcc_v6.3/gcc-6.3-arm32-eabi/arm-none-eabi/newlib/lib/thumb/v7e-m\libc.a(lib_a-__call_atexit.o) (atexit)
C:/NXP/S32DS_ARM_v2.2/S32DS/build_tools/gcc_v6.3/gcc-6.3-arm32-eabi/arm-none-eabi/newlib/lib/thumb/v7e-m\libc.a(lib_a-__atexit.o)
                              C:/NXP/S32DS_ARM_v2.2/S32DS/build_tools/gcc_v6.3/gcc-6.3-arm32-eabi/arm-none-eabi/newlib/lib/thumb/v7e-m\libc.a(lib_a-atexit.o) (__register_exitproc)
C:/NXP/S32DS_ARM_v2.2/S32DS/build_tools/gcc_v6.3/gcc-6.3-arm32-eabi/arm-none-eabi/newlib/lib/thumb/v7e-m\libnosys.a(_exit.o)
                              C:/NXP/S32DS_ARM_v2.2/S32DS/build_tools/gcc_v6.3/gcc-6.3-arm32-eabi/arm-none-eabi/newlib/lib/thumb/v7e-m\libc.a(lib_a-exit.o) (_exit)

Allocating common symbols
Common symbol       size              file

Det_ErrorId         0x8               ./Autosar/det/src/Det.o
Det_RuntimeErrorId  0x8               ./Autosar/det/src/Det.o
Det_RuntimeModuleId
                    0x10              ./Autosar/det/src/Det.o
Dem_OverflowEvent   0x1               ./Autosar/dem/src/Dem.o
Dem_au8ExtendedData
                    0x64              ./Autosar/dem/src/Dem.o
Det_TransientFaultId
                    0x8               ./Autosar/det/src/Det.o
Dem_EventStatus     0x100             ./Autosar/dem/src/Dem.o
Det_InstanceId      0x8               ./Autosar/det/src/Det.o
Det_TransientApiId  0x8               ./Autosar/det/src/Det.o
Det_numEventErrors  0x4               ./Autosar/det/src/Det.o
Det_numRuntimeEventErrors
                    0x4               ./Autosar/det/src/Det.o
EcuMLastWakeupEvent
                    0x4               ./Autosar/ecum/src/EcuM.o
Det_ApiId           0x8               ./Autosar/det/src/Det.o
Det_numTransientEventErrors
                    0x4               ./Autosar/det/src/Det.o
Det_TransientModuleId
                    0x10              ./Autosar/det/src/Det.o
Det_OverflowEvent   0x1               ./Autosar/det/src/Det.o
Det_RuntimeApiId    0x8               ./Autosar/det/src/Det.o
Det_TransientOverflowEvent
                    0x1               ./Autosar/det/src/Det.o
Det_ModuleId        0x10              ./Autosar/det/src/Det.o
Det_RuntimeOverflowEvent
                    0x1               ./Autosar/det/src/Det.o
Dem_EventId         0x200             ./Autosar/dem/src/Dem.o
Det_TransientInstanceId
                    0x8               ./Autosar/det/src/Det.o
Det_RuntimeInstanceId
                    0x8               ./Autosar/det/src/Det.o

Discarded input sections

 .text          0x00000000        0x0 c:/nxp/s32ds_arm_v2.2/s32ds/build_tools/gcc_v6.3/gcc-6.3-arm32-eabi/bin/../lib/gcc/arm-none-eabi/6.3.1/thumb/v7e-m/crti.o
 .data          0x00000000        0x0 c:/nxp/s32ds_arm_v2.2/s32ds/build_tools/gcc_v6.3/gcc-6.3-arm32-eabi/bin/../lib/gcc/arm-none-eabi/6.3.1/thumb/v7e-m/crti.o
 .bss           0x00000000        0x0 c:/nxp/s32ds_arm_v2.2/s32ds/build_tools/gcc_v6.3/gcc-6.3-arm32-eabi/bin/../lib/gcc/arm-none-eabi/6.3.1/thumb/v7e-m/crti.o
[...]
Memory Configuration

Name             Origin             Length             Attributes
m_interrupts     0x1fff8000         0x00000400         xr
m_text           0x1fff8400         0x00007c00         xr
m_data           0x20000000         0x00007000         rw
*default*        0x00000000         0xffffffff

Linker script and memory map

LOAD c:/nxp/s32ds_arm_v2.2/s32ds/build_tools/gcc_v6.3/gcc-6.3-arm32-eabi/bin/../lib/gcc/arm-none-eabi/6.3.1/thumb/v7e-m/crti.o
LOAD c:/nxp/s32ds_arm_v2.2/s32ds/build_tools/gcc_v6.3/gcc-6.3-arm32-eabi/bin/../lib/gcc/arm-none-eabi/6.3.1/thumb/v7e-m/crtbegin.o
LOAD C:/NXP/S32DS_ARM_v2.2/S32DS/build_tools/gcc_v6.3/gcc-6.3-arm32-eabi/arm-none-eabi/newlib/lib/thumb/v7e-m/crt0.o
LOAD ./Autosar/DIO/src/Dio.o
LOAD ./Autosar/DIO/src/Dio_Gpio.o
LOAD ./Autosar/Port/src/Port.o
LOAD ./Autosar/Port/src/Port_Ipw.o
LOAD ./Autosar/Port/src/Port_Port_Ci.o
LOAD ./Autosar/dem/src/Dem.o
LOAD ./Autosar/det/src/Det.o
LOAD ./Autosar/ecum/src/EcuM.o
LOAD ./Autosar/gpt/src/Gpt.o
LOAD ./Autosar/gpt/src/Gpt_Ftm.o
LOAD ./Autosar/gpt/src/Gpt_Ipw.o
LOAD ./Autosar/gpt/src/Gpt_LPit.o
LOAD ./Autosar/gpt/src/Gpt_Lptmr.o
LOAD ./Autosar/gpt/src/Gpt_SRtc.o
LOAD ./Autosar/mcl/src/CDD_Mcl.o
LOAD ./Autosar/mcl/src/Ftm_Common.o
LOAD ./Autosar/mcl/src/LPit_Common.o
LOAD ./Autosar/mcl/src/Lptmr_Common.o
LOAD ./Autosar/mcl/src/Mcl_Dma.o
LOAD ./Autosar/mcl/src/Mcl_DmaMux.o
LOAD ./Autosar/mcl/src/Mcl_Dma_Irq.o
LOAD ./Autosar/mcl/src/Mcl_FlexIO_Common.o
LOAD ./Autosar/mcl/src/Mcl_FlexIO_Irq.o
LOAD ./Autosar/mcl/src/Mcl_IPW.o
LOAD ./Autosar/mcl/src/Mcl_Lmem.o
LOAD ./Autosar/mcl/src/Mcl_TrgMux.o
LOAD ./Autosar/mcu/src/Mcu.o
LOAD ./Autosar/mcu/src/Mcu_CMU.o
LOAD ./Autosar/mcu/src/Mcu_CMU_Irq.o
LOAD ./Autosar/mcu/src/Mcu_CortexM4.o
LOAD ./Autosar/mcu/src/Mcu_IPW.o
LOAD ./Autosar/mcu/src/Mcu_IPW_Irq.o
LOAD ./Autosar/mcu/src/Mcu_PCC.o
LOAD ./Autosar/mcu/src/Mcu_PMC.o
LOAD ./Autosar/mcu/src/Mcu_PMC_Irq.o
LOAD ./Autosar/mcu/src/Mcu_RCM.o
LOAD ./Autosar/mcu/src/Mcu_RCM_Irq.o
LOAD ./Autosar/mcu/src/Mcu_SCG.o
LOAD ./Autosar/mcu/src/Mcu_SIM.o
LOAD ./Autosar/mcu/src/Mcu_SMC.o
LOAD ./Autosar/output_EB/src/CDD_Mcl_Cfg.o
LOAD ./Autosar/output_EB/src/CDD_Mcl_PBcfg.o
LOAD ./Autosar/output_EB/src/Dio_Cfg.o
LOAD ./Autosar/output_EB/src/Gpt_Cfg.o
LOAD ./Autosar/output_EB/src/Gpt_PBcfg.o
LOAD ./Autosar/output_EB/src/Mcu_Cfg.o
LOAD ./Autosar/output_EB/src/Mcu_PBcfg.o
LOAD ./Autosar/output_EB/src/Port_Cfg.o
LOAD ./Autosar/output_EB/src/Port_PBcfg.o
LOAD ./Autosar/rte/src/SchM_Adc.o
LOAD ./Autosar/rte/src/SchM_Can.o
LOAD ./Autosar/rte/src/SchM_Crcu.o
LOAD ./Autosar/rte/src/SchM_Crypto.o
LOAD ./Autosar/rte/src/SchM_Dio.o
LOAD ./Autosar/rte/src/SchM_Eep.o
LOAD ./Autosar/rte/src/SchM_Eth.o
LOAD ./Autosar/rte/src/SchM_Fee.o
LOAD ./Autosar/rte/src/SchM_Fls.o
LOAD ./Autosar/rte/src/SchM_Fr.o
LOAD ./Autosar/rte/src/SchM_Gpt.o
LOAD ./Autosar/rte/src/SchM_I2c.o
LOAD ./Autosar/rte/src/SchM_Icu.o
LOAD ./Autosar/rte/src/SchM_Iseled.o
LOAD ./Autosar/rte/src/SchM_Lin.o
LOAD ./Autosar/rte/src/SchM_Mcem.o
LOAD ./Autosar/rte/src/SchM_Mcl.o
LOAD ./Autosar/rte/src/SchM_Mcu.o
LOAD ./Autosar/rte/src/SchM_Ocu.o
LOAD ./Autosar/rte/src/SchM_Port.o
LOAD ./Autosar/rte/src/SchM_Pwm.o
LOAD ./Autosar/rte/src/SchM_RamTst.o
LOAD ./Autosar/rte/src/SchM_Spi.o
LOAD ./Autosar/rte/src/SchM_Wdg.o
LOAD ./Project_Settings/Startup_Code/startup.o
LOAD ./Project_Settings/Startup_Code/startup_S32K144.o
LOAD ./Project_Settings/Startup_Code/system_S32K144.o
LOAD ./src/main.o
START GROUP
LOAD c:/nxp/s32ds_arm_v2.2/s32ds/build_tools/gcc_v6.3/gcc-6.3-arm32-eabi/bin/../lib/gcc/arm-none-eabi/6.3.1/thumb/v7e-m\libgcc.a
LOAD C:/NXP/S32DS_ARM_v2.2/S32DS/build_tools/gcc_v6.3/gcc-6.3-arm32-eabi/arm-none-eabi/newlib/lib/thumb/v7e-m\libc.a
END GROUP
START GROUP
LOAD c:/nxp/s32ds_arm_v2.2/s32ds/build_tools/gcc_v6.3/gcc-6.3-arm32-eabi/bin/../lib/gcc/arm-none-eabi/6.3.1/thumb/v7e-m\libgcc.a
LOAD C:/NXP/S32DS_ARM_v2.2/S32DS/build_tools/gcc_v6.3/gcc-6.3-arm32-eabi/arm-none-eabi/newlib/lib/thumb/v7e-m\libc.a
LOAD C:/NXP/S32DS_ARM_v2.2/S32DS/build_tools/gcc_v6.3/gcc-6.3-arm32-eabi/arm-none-eabi/newlib/lib/thumb/v7e-m\libnosys.a
END GROUP
LOAD c:/nxp/s32ds_arm_v2.2/s32ds/build_tools/gcc_v6.3/gcc-6.3-arm32-eabi/bin/../lib/gcc/arm-none-eabi/6.3.1/thumb/v7e-m/crtend.o
LOAD c:/nxp/s32ds_arm_v2.2/s32ds/build_tools/gcc_v6.3/gcc-6.3-arm32-eabi/bin/../lib/gcc/arm-none-eabi/6.3.1/thumb/v7e-m/crtn.o
                0x00000400                HEAP_SIZE = DEFINED (__heap_size__)?__heap_size__:0x400
                0x00000400                STACK_SIZE = DEFINED (__stack_size__)?__stack_size__:0x400

.interrupts     0x1fff8000      0x400
                0x1fff8000                __VECTOR_TABLE = .
                0x1fff8000                __interrupts_start__ = .
                0x1fff8000                . = ALIGN (0x4)
 *(.isr_vector)
 .isr_vector    0x1fff8000      0x400 ./Project_Settings/Startup_Code/startup_S32K144.o
                0x1fff8000                __isr_vector
                0x1fff8400                __interrupts_end__ = .
                0x1fff8400                . = ALIGN (0x4)
                0x1fff8000                __VECTOR_RAM = __VECTOR_TABLE
                0x00000000                __RAM_VECTOR_TABLE_SIZE = 0x0

.text           0x1fff8400     0x21c4
                0x1fff8400                . = ALIGN (0x4)
 *(.text)
 .text          0x1fff8400       0xa4 c:/nxp/s32ds_arm_v2.2/s32ds/build_tools/gcc_v6.3/gcc-6.3-arm32-eabi/bin/../lib/gcc/arm-none-eabi/6.3.1/thumb/v7e-m/crtbegin.o
 .text          0x1fff84a4       0x74 C:/NXP/S32DS_ARM_v2.2/S32DS/build_tools/gcc_v6.3/gcc-6.3-arm32-eabi/arm-none-eabi/newlib/lib/thumb/v7e-m/crt0.o
                0x1fff84a4                _start
                0x1fff84a4                _mainCRTStartup
 .text          0x1fff8518       0x4c ./Project_Settings/Startup_Code/startup_S32K144.o
                0x1fff8518                Reset_Handler
                0x1fff8560                DebugMon_Handler
                0x1fff8560                Reserved88_IRQHandler
                0x1fff8560                CAN0_ORed_IRQHandler
                0x1fff8560                HardFault_Handler
                0x1fff8560                Reserved86_IRQHandler
                0x1fff8560                Reserved103_IRQHandler
                0x1fff8560                SysTick_Handler
                0x1fff8560                FTM2_Ovf_Reload_IRQHandler
                0x1fff8560                Reserved50_IRQHandler
                0x1fff8560                FTFC_Fault_IRQHandler
                0x1fff8560                FTM0_Ch6_Ch7_IRQHandler
                0x1fff8560                Reserved114_IRQHandler
                0x1fff8560                PendSV_Handler
                0x1fff8560                NMI_Handler
                0x1fff8560                Reserved89_IRQHandler
                0x1fff8560                ERM_double_fault_IRQHandler
                0x1fff8560                DMA2_IRQHandler
                0x1fff8560                Reserved59_IRQHandler
                0x1fff8560                Reserved99_IRQHandler
                0x1fff8560                FTM3_Ch6_Ch7_IRQHandler
                0x1fff8560                CAN2_ORed_0_15_MB_IRQHandler
                0x1fff8560                LPIT0_Ch3_IRQHandler
                0x1fff8560                Reserved92_IRQHandler
                0x1fff8560                FTM0_Ch4_Ch5_IRQHandler
                0x1fff8560                CAN1_Error_IRQHandler
                0x1fff8560                FTM3_Ch0_Ch1_IRQHandler
                0x1fff8560                SWI_IRQHandler
                0x1fff8560                ADC0_IRQHandler
                0x1fff8560                FTM2_Ch4_Ch5_IRQHandler
                0x1fff8560                UsageFault_Handler
                0x1fff8560                FTM0_Ovf_Reload_IRQHandler
                0x1fff8560                DefaultISR
                0x1fff8560                DMA9_IRQHandler
                0x1fff8560                Reserved58_IRQHandler
                0x1fff8560                CAN1_ORed_0_15_MB_IRQHandler
                0x1fff8560                FTM1_Ch2_Ch3_IRQHandler
                0x1fff8560                DMA14_IRQHandler
                0x1fff8560                Reserved82_IRQHandler
                0x1fff8560                CAN0_ORed_16_31_MB_IRQHandler
                0x1fff8560                LPI2C0_Slave_IRQHandler
                0x1fff8560                Reserved71_IRQHandler
                0x1fff8560                PORTD_IRQHandler
                0x1fff8560                Reserved69_IRQHandler
                0x1fff8560                PORTB_IRQHandler
                0x1fff8560                Reserved70_IRQHandler
                0x1fff8560                ADC1_IRQHandler
                0x1fff8560                FTM2_Ch2_Ch3_IRQHandler
                0x1fff8560                Reserved53_IRQHandler
                0x1fff8560                DMA5_IRQHandler
                0x1fff8560                RTC_IRQHandler
                0x1fff8560                PDB0_IRQHandler
                0x1fff8560                Reserved54_IRQHandler
                0x1fff8560                FTM2_Ch6_Ch7_IRQHandler
                0x1fff8560                FTM3_Ch2_Ch3_IRQHandler
                0x1fff8560                FTM2_Ch0_Ch1_IRQHandler
                0x1fff8560                LPSPI1_IRQHandler
                0x1fff8560                LPUART1_RxTx_IRQHandler
                0x1fff8560                RTC_Seconds_IRQHandler
                0x1fff8560                CAN2_ORed_IRQHandler
                0x1fff8560                Reserved72_IRQHandler
                0x1fff8560                Reserved110_IRQHandler
                0x1fff8560                DMA11_IRQHandler
                0x1fff8560                Reserved107_IRQHandler
                0x1fff8560                Read_Collision_IRQHandler
                0x1fff8560                CAN2_Error_IRQHandler
                0x1fff8560                FTFC_IRQHandler
                0x1fff8560                DMA7_IRQHandler
                0x1fff8560                FTM1_Ch6_Ch7_IRQHandler
                0x1fff8560                Reserved105_IRQHandler
                0x1fff8560                LPIT0_Ch1_IRQHandler
                0x1fff8560                FTM1_Ch4_Ch5_IRQHandler
                0x1fff8560                FTM3_Ovf_Reload_IRQHandler
                0x1fff8560                LPUART2_RxTx_IRQHandler
                0x1fff8560                LPSPI0_IRQHandler
                0x1fff8560                WDOG_EWM_IRQHandler
                0x1fff8560                MemManage_Handler
                0x1fff8560                Reserved90_IRQHandler
                0x1fff8560                Reserved83_IRQHandler
                0x1fff8560                FTM0_Fault_IRQHandler
                0x1fff8560                Reserved48_IRQHandler
                0x1fff8560                SVC_Handler
                0x1fff8560                ERM_single_fault_IRQHandler
                0x1fff8560                FTM2_Fault_IRQHandler
                0x1fff8560                FTM0_Ch2_Ch3_IRQHandler
                0x1fff8560                DMA13_IRQHandler
                0x1fff8560                FTM0_Ch0_Ch1_IRQHandler
                0x1fff8560                FTM3_Fault_IRQHandler
                0x1fff8560                RCM_IRQHandler
                0x1fff8560                DMA3_IRQHandler
                0x1fff8560                Reserved100_IRQHandler
                0x1fff8560                DMA0_IRQHandler
                0x1fff8560                Reserved91_IRQHandler
                0x1fff8560                CAN1_ORed_IRQHandler
                0x1fff8560                DMA15_IRQHandler
                0x1fff8560                SCG_IRQHandler
                0x1fff8560                PDB1_IRQHandler
                0x1fff8560                Reserved81_IRQHandler
                0x1fff8560                Reserved46_IRQHandler
                0x1fff8560                Reserved45_IRQHandler
                0x1fff8560                CAN0_Error_IRQHandler
                0x1fff8560                Reserved112_IRQHandler
                0x1fff8560                LPI2C0_Master_IRQHandler
                0x1fff8560                DMA4_IRQHandler
                0x1fff8560                FTM1_Fault_IRQHandler
                0x1fff8560                Reserved106_IRQHandler
                0x1fff8560                DMA_Error_IRQHandler
                0x1fff8560                LVD_LVW_IRQHandler
                0x1fff8560                LPIT0_Ch2_IRQHandler
                0x1fff8560                PORTA_IRQHandler
                0x1fff8560                MCM_IRQHandler
                0x1fff8560                LPSPI2_IRQHandler
                0x1fff8560                DMA12_IRQHandler
                0x1fff8560                FTM3_Ch4_Ch5_IRQHandler
                0x1fff8560                CAN0_ORed_0_15_MB_IRQHandler
                0x1fff8560                PORTE_IRQHandler
                0x1fff8560                LPUART0_RxTx_IRQHandler
                0x1fff8560                LPTMR0_IRQHandler
                0x1fff8560                BusFault_Handler
                0x1fff8560                Reserved87_IRQHandler
                0x1fff8560                FTM1_Ovf_Reload_IRQHandler
                0x1fff8560                DMA8_IRQHandler
                0x1fff8560                Reserved93_IRQHandler
                0x1fff8560                DMA10_IRQHandler
                0x1fff8560                CAN0_Wake_Up_IRQHandler
                0x1fff8560                CMP0_IRQHandler
                0x1fff8560                Reserved52_IRQHandler
                0x1fff8560                PORTC_IRQHandler
                0x1fff8560                DMA6_IRQHandler
                0x1fff8560                FTM1_Ch0_Ch1_IRQHandler
                0x1fff8560                FLEXIO_IRQHandler
                0x1fff8560                DMA1_IRQHandler
                0x1fff8560                Reserved113_IRQHandler
 *(.text*)
 .text.Dio_WriteChannel
                0x1fff8564       0x24 ./Autosar/DIO/src/Dio.o
                0x1fff8564                Dio_WriteChannel
 .text.Dio_Gpio_WriteChannel
                0x1fff8588       0x68 ./Autosar/DIO/src/Dio_Gpio.o
                0x1fff8588                Dio_Gpio_WriteChannel
 .text.Port_Init
                0x1fff85f0       0x34 ./Autosar/Port/src/Port.o
                0x1fff85f0                Port_Init
 .text.Port_Port_Ci_Init
                0x1fff8624      0x394 ./Autosar/Port/src/Port_Port_Ci.o
                0x1fff8624                Port_Port_Ci_Init
 .text.Det_ReportError
                0x1fff89b8       0xcc ./Autosar/det/src/Det.o
                0x1fff89b8                Det_ReportError
 .text.Det_ReportRuntimeError
                0x1fff8a84       0xcc ./Autosar/det/src/Det.o
                0x1fff8a84                Det_ReportRuntimeError
 .text.Gpt_Init
                0x1fff8b50      0x108 ./Autosar/gpt/src/Gpt.o
                0x1fff8b50                Gpt_Init
 .text.Gpt_StartTimer
                0x1fff8c58      0x1bc ./Autosar/gpt/src/Gpt.o
                0x1fff8c58                Gpt_StartTimer
 .text.Gpt_Ipw_Init
                0x1fff8e14       0x2c ./Autosar/gpt/src/Gpt_Ipw.o
                0x1fff8e14                Gpt_Ipw_Init
 .text.Gpt_Ipw_StartTimer
                0x1fff8e40       0x2a ./Autosar/gpt/src/Gpt_Ipw.o
                0x1fff8e40                Gpt_Ipw_StartTimer
 .text.Gpt_Ipw_EnableInterrupt
                0x1fff8e6a       0x26 ./Autosar/gpt/src/Gpt_Ipw.o
                0x1fff8e6a                Gpt_Ipw_EnableInterrupt
 .text.Gpt_LPit_Init
                0x1fff8e90      0x154 ./Autosar/gpt/src/Gpt_LPit.o
                0x1fff8e90                Gpt_LPit_Init
 .text.Gpt_LPit_StartTimer
                0x1fff8fe4       0x98 ./Autosar/gpt/src/Gpt_LPit.o
                0x1fff8fe4                Gpt_LPit_StartTimer
 .text.Gpt_LPit_EnableInterrupt
                0x1fff907c       0x68 ./Autosar/gpt/src/Gpt_LPit.o
                0x1fff907c                Gpt_LPit_EnableInterrupt
 .text.Mcu_CheckInit
                0x1fff90e4       0x2c ./Autosar/mcu/src/Mcu.o
 .text.Mcu_CheckInitClock
                0x1fff9110       0x38 ./Autosar/mcu/src/Mcu.o
 .text.Mcu_HLDChecksEntry
                0x1fff9148       0x54 ./Autosar/mcu/src/Mcu.o
 .text.Mcu_HLDChecksExit
                0x1fff919c       0x40 ./Autosar/mcu/src/Mcu.o
 .text.Mcu_Init
                0x1fff91dc       0xc4 ./Autosar/mcu/src/Mcu.o
                0x1fff91dc                Mcu_Init
 .text.Mcu_InitClock
                0x1fff92a0       0x64 ./Autosar/mcu/src/Mcu.o
                0x1fff92a0                Mcu_InitClock
 .text.Mcu_DistributePllClock
                0x1fff9304       0x3c ./Autosar/mcu/src/Mcu.o
                0x1fff9304                Mcu_DistributePllClock
 .text.Mcu_GetPllStatus
                0x1fff9340       0x40 ./Autosar/mcu/src/Mcu.o
                0x1fff9340                Mcu_GetPllStatus
 .text.Mcu_Ipw_Init
                0x1fff9380       0x38 ./Autosar/mcu/src/Mcu_IPW.o
                0x1fff9380                Mcu_Ipw_Init
 .text.Mcu_Ipw_InitClock
                0x1fff93b8      0x110 ./Autosar/mcu/src/Mcu_IPW.o
                0x1fff93b8                Mcu_Ipw_InitClock
 .text.Mcu_Ipw_DistributePllClock
                0x1fff94c8       0x3c ./Autosar/mcu/src/Mcu_IPW.o
                0x1fff94c8                Mcu_Ipw_DistributePllClock
 .text.Mcu_Ipw_GetPllStatus
                0x1fff9504       0x2c ./Autosar/mcu/src/Mcu_IPW.o
                0x1fff9504                Mcu_Ipw_GetPllStatus
 .text.Mcu_PCC_PeripheralConfig
                0x1fff9530       0xac ./Autosar/mcu/src/Mcu_PCC.o
                0x1fff9530                Mcu_PCC_PeripheralConfig
 .text.Mcu_PMC_PowerInit
                0x1fff95dc       0x44 ./Autosar/mcu/src/Mcu_PMC.o
                0x1fff95dc                Mcu_PMC_PowerInit
 .text.Mcu_RCM_ResetInit
                0x1fff9620       0x38 ./Autosar/mcu/src/Mcu_RCM.o
                0x1fff9620                Mcu_RCM_ResetInit
 .text.Mcu_RCM_GetCurrentSystemResetIsrSettings
                0x1fff9658       0x28 ./Autosar/mcu/src/Mcu_RCM.o
                0x1fff9658                Mcu_RCM_GetCurrentSystemResetIsrSettings
 .text.Mcu_RCM_SystemResetIsrConfig
                0x1fff9680       0x18 ./Autosar/mcu/src/Mcu_RCM.o
                0x1fff9680                Mcu_RCM_SystemResetIsrConfig
 .text.Mcu_RCM_RestoreSystemResetIsrConfig
                0x1fff9698       0x24 ./Autosar/mcu/src/Mcu_RCM.o
                0x1fff9698                Mcu_RCM_RestoreSystemResetIsrConfig
 .text.Mcu_SCG_SystemClockInit
                0x1fff96bc       0xdc ./Autosar/mcu/src/Mcu_SCG.o
                0x1fff96bc                Mcu_SCG_SystemClockInit
 .text.Mcu_SCG_ActivePllClock
                0x1fff9798       0x7c ./Autosar/mcu/src/Mcu_SCG.o
                0x1fff9798                Mcu_SCG_ActivePllClock
 .text.Mcu_SCG_DropSystemClockToTrustedClock
                0x1fff9814      0x16c ./Autosar/mcu/src/Mcu_SCG.o
                0x1fff9814                Mcu_SCG_DropSystemClockToTrustedClock
 .text.Mcu_SCG_SoscInit
                0x1fff9980       0xa8 ./Autosar/mcu/src/Mcu_SCG.o
                0x1fff9980                Mcu_SCG_SoscInit
 .text.Mcu_SCG_SircInit
                0x1fff9a28       0x88 ./Autosar/mcu/src/Mcu_SCG.o
                0x1fff9a28                Mcu_SCG_SircInit
 .text.Mcu_SCG_FircInit
                0x1fff9ab0       0x84 ./Autosar/mcu/src/Mcu_SCG.o
                0x1fff9ab0                Mcu_SCG_FircInit
 .text.Mcu_SCG_SpllInit
                0x1fff9b34       0x70 ./Autosar/mcu/src/Mcu_SCG.o
                0x1fff9b34                Mcu_SCG_SpllInit
 .text.Mcu_SCG_PrepareSpllBeforeSoscInit
                0x1fff9ba4       0x38 ./Autosar/mcu/src/Mcu_SCG.o
                0x1fff9ba4                Mcu_SCG_PrepareSpllBeforeSoscInit
 .text.Mcu_SCG_GetCurrentPLLClockMonitorConfig
                0x1fff9bdc       0x24 ./Autosar/mcu/src/Mcu_SCG.o
                0x1fff9bdc                Mcu_SCG_GetCurrentPLLClockMonitorConfig
 .text.Mcu_SCG_RestorePLLClockMonitorConfig
                0x1fff9c00       0x28 ./Autosar/mcu/src/Mcu_SCG.o
                0x1fff9c00                Mcu_SCG_RestorePLLClockMonitorConfig
 .text.Mcu_SCG_GetPLLStatus
                0x1fff9c28       0x38 ./Autosar/mcu/src/Mcu_SCG.o
                0x1fff9c28                Mcu_SCG_GetPLLStatus
 .text.Mcu_SCG_DisableSpllClock
                0x1fff9c60       0x1c ./Autosar/mcu/src/Mcu_SCG.o
                0x1fff9c60                Mcu_SCG_DisableSpllClock
 .text.Mcu_SIM_Init
                0x1fff9c7c       0x98 ./Autosar/mcu/src/Mcu_SIM.o
                0x1fff9c7c                Mcu_SIM_Init
 .text.Mcu_SIM_ClockConfig
                0x1fff9d14       0x78 ./Autosar/mcu/src/Mcu_SIM.o
                0x1fff9d14                Mcu_SIM_ClockConfig
 .text.Mcu_SMC_AllowedModesConfig
                0x1fff9d8c       0x24 ./Autosar/mcu/src/Mcu_SMC.o
                0x1fff9d8c                Mcu_SMC_AllowedModesConfig
 .text.Gpt_schm_read_msr
                0x1fff9db0       0x14 ./Autosar/rte/src/SchM_Gpt.o
                0x1fff9db0                Gpt_schm_read_msr
 .text.SchM_Enter_Gpt_GPT_EXCLUSIVE_AREA_08
                0x1fff9dc4       0x2c ./Autosar/rte/src/SchM_Gpt.o
                0x1fff9dc4                SchM_Enter_Gpt_GPT_EXCLUSIVE_AREA_08
 .text.SchM_Enter_Gpt_GPT_EXCLUSIVE_AREA_15
                0x1fff9df0       0x2c ./Autosar/rte/src/SchM_Gpt.o
                0x1fff9df0                SchM_Enter_Gpt_GPT_EXCLUSIVE_AREA_15
 .text.SchM_Exit_Gpt_GPT_EXCLUSIVE_AREA_08
                0x1fff9e1c       0x30 ./Autosar/rte/src/SchM_Gpt.o
                0x1fff9e1c                SchM_Exit_Gpt_GPT_EXCLUSIVE_AREA_08
 .text.SchM_Exit_Gpt_GPT_EXCLUSIVE_AREA_15
                0x1fff9e4c       0x30 ./Autosar/rte/src/SchM_Gpt.o
                0x1fff9e4c                SchM_Exit_Gpt_GPT_EXCLUSIVE_AREA_15
 .text.init_data_bss
                0x1fff9e7c      0x128 ./Project_Settings/Startup_Code/startup.o
                0x1fff9e7c                init_data_bss
 .text.SystemInit
                0x1fff9fa4       0x30 ./Project_Settings/Startup_Code/system_S32K144.o
                0x1fff9fa4                SystemInit
 .text.main     0x1fff9fd4       0x6c ./src/main.o
                0x1fff9fd4                main
 .text.LPIT0_Ch0_IRQHandler
                0x1fffa040       0x24 ./src/main.o
                0x1fffa040                LPIT0_Ch0_IRQHandler
 .text.exit     0x1fffa064       0x20 C:/NXP/S32DS_ARM_v2.2/S32DS/build_tools/gcc_v6.3/gcc-6.3-arm32-eabi/arm-none-eabi/newlib/lib/thumb/v7e-m\libc.a(lib_a-exit.o)
                0x1fffa064                exit
 .text.__libc_init_array
                0x1fffa084       0x48 C:/NXP/S32DS_ARM_v2.2/S32DS/build_tools/gcc_v6.3/gcc-6.3-arm32-eabi/arm-none-eabi/newlib/lib/thumb/v7e-m\libc.a(lib_a-init.o)
                0x1fffa084                __libc_init_array
 .text.memset   0x1fffa0cc       0x10 C:/NXP/S32DS_ARM_v2.2/S32DS/build_tools/gcc_v6.3/gcc-6.3-arm32-eabi/arm-none-eabi/newlib/lib/thumb/v7e-m\libc.a(lib_a-memset.o)
                0x1fffa0cc                memset
 .text.startup.register_fini
                0x1fffa0dc       0x14 C:/NXP/S32DS_ARM_v2.2/S32DS/build_tools/gcc_v6.3/gcc-6.3-arm32-eabi/arm-none-eabi/newlib/lib/thumb/v7e-m\libc.a(lib_a-__call_atexit.o)
 .text.__call_exitprocs
                0x1fffa0f0       0xc8 C:/NXP/S32DS_ARM_v2.2/S32DS/build_tools/gcc_v6.3/gcc-6.3-arm32-eabi/arm-none-eabi/newlib/lib/thumb/v7e-m\libc.a(lib_a-__call_atexit.o)
                0x1fffa0f0                __call_exitprocs
 .text.__libc_fini_array
                0x1fffa1b8       0x28 C:/NXP/S32DS_ARM_v2.2/S32DS/build_tools/gcc_v6.3/gcc-6.3-arm32-eabi/arm-none-eabi/newlib/lib/thumb/v7e-m\libc.a(lib_a-fini.o)
                0x1fffa1b8                __libc_fini_array
 .text.atexit   0x1fffa1e0        0xc C:/NXP/S32DS_ARM_v2.2/S32DS/build_tools/gcc_v6.3/gcc-6.3-arm32-eabi/arm-none-eabi/newlib/lib/thumb/v7e-m\libc.a(lib_a-atexit.o)
                0x1fffa1e0                atexit
 .text.__register_exitproc
                0x1fffa1ec       0x98 C:/NXP/S32DS_ARM_v2.2/S32DS/build_tools/gcc_v6.3/gcc-6.3-arm32-eabi/arm-none-eabi/newlib/lib/thumb/v7e-m\libc.a(lib_a-__atexit.o)
                0x1fffa1ec                __register_exitproc
 .text._exit    0x1fffa284        0x2 C:/NXP/S32DS_ARM_v2.2/S32DS/build_tools/gcc_v6.3/gcc-6.3-arm32-eabi/arm-none-eabi/newlib/lib/thumb/v7e-m\libnosys.a(_exit.o)
                0x1fffa284                _exit
 *(.rodata)
 *(.rodata*)
 *fill*         0x1fffa286        0x2 
 .rodata.LPIT_BASE_ADDR32
                0x1fffa288        0x4 ./Autosar/mcl/src/LPit_Common.o
                0x1fffa288                LPIT_BASE_ADDR32
 .rodata.Gpt_InitChannelPB
                0x1fffa28c       0x1c ./Autosar/output_EB/src/Gpt_PBcfg.o
 .rodata.Gpt_Config
                0x1fffa2a8       0x30 ./Autosar/output_EB/src/Gpt_PBcfg.o
                0x1fffa2a8                Gpt_Config
 .rodata.Mcu_Mode_ConfigPB0
                0x1fffa2d8       0x10 ./Autosar/output_EB/src/Mcu_PBcfg.o
 .rodata.SIM_ClockConfigPB0_0
                0x1fffa2e8        0xc ./Autosar/output_EB/src/Mcu_PBcfg.o
 .rodata.SOSC_ClockConfigPB0_0
                0x1fffa2f4       0x18 ./Autosar/output_EB/src/Mcu_PBcfg.o
 .rodata.SPLL_ClockConfigPB0_0
                0x1fffa30c       0x18 ./Autosar/output_EB/src/Mcu_PBcfg.o
 .rodata.SCG_ClockConfigPB0_0
                0x1fffa324       0x20 ./Autosar/output_EB/src/Mcu_PBcfg.o
 .rodata.PCC_aRegistersConfigPB0_0
                0x1fffa344      0x100 ./Autosar/output_EB/src/Mcu_PBcfg.o
 .rodata.PCC_ClockConfigPB0_0
                0x1fffa444        0x8 ./Autosar/output_EB/src/Mcu_PBcfg.o
 .rodata.Mcu_ClockConfigPB0
                0x1fffa44c       0x14 ./Autosar/output_EB/src/Mcu_PBcfg.o
 .rodata.RCM_ResetConfigPB0
                0x1fffa460        0x8 ./Autosar/output_EB/src/Mcu_PBcfg.o
 .rodata.SIM_ConfigPB0
                0x1fffa468       0x1c ./Autosar/output_EB/src/Mcu_PBcfg.o
 .rodata.PMC_ConfigPB0
                0x1fffa484        0x3 ./Autosar/output_EB/src/Mcu_PBcfg.o
 *fill*         0x1fffa487        0x1 
 .rodata.SMC_ConfigPB0
                0x1fffa488        0x4 ./Autosar/output_EB/src/Mcu_PBcfg.o
 .rodata.Mcu_HwIPsConfigPB0
                0x1fffa48c       0x10 ./Autosar/output_EB/src/Mcu_PBcfg.o
 .rodata.Mcu_Config
                0x1fffa49c       0x18 ./Autosar/output_EB/src/Mcu_PBcfg.o
                0x1fffa49c                Mcu_Config
 .rodata.Port_au16NoUnUsedPadsArrayDefault
                0x1fffa4b4       0xa2 ./Autosar/output_EB/src/Port_PBcfg.o
 *fill*         0x1fffa556        0x2 
 .rodata.Port_UnUsedPin
                0x1fffa558        0x8 ./Autosar/output_EB/src/Port_PBcfg.o
 .rodata.Port_aPinConfigDefault
                0x1fffa560       0x30 ./Autosar/output_EB/src/Port_PBcfg.o
 .rodata.Port_Config
                0x1fffa590       0x18 ./Autosar/output_EB/src/Port_PBcfg.o
                0x1fffa590                Port_Config
 .rodata._global_impure_ptr
                0x1fffa5a8        0x4 C:/NXP/S32DS_ARM_v2.2/S32DS/build_tools/gcc_v6.3/gcc-6.3-arm32-eabi/arm-none-eabi/newlib/lib/thumb/v7e-m\libc.a(lib_a-impure.o)
                0x1fffa5a8                _global_impure_ptr
 *(.glue_7)
 .glue_7        0x1fffa5ac        0x0 linker stubs
 *(.glue_7t)
 .glue_7t       0x1fffa5ac        0x0 linker stubs
 *(.eh_frame)
 .eh_frame      0x1fffa5ac        0x0 c:/nxp/s32ds_arm_v2.2/s32ds/build_tools/gcc_v6.3/gcc-6.3-arm32-eabi/bin/../lib/gcc/arm-none-eabi/6.3.1/thumb/v7e-m/crtbegin.o
 *(.init)
 .init          0x1fffa5ac        0x4 c:/nxp/s32ds_arm_v2.2/s32ds/build_tools/gcc_v6.3/gcc-6.3-arm32-eabi/bin/../lib/gcc/arm-none-eabi/6.3.1/thumb/v7e-m/crti.o
                0x1fffa5ac                _init
 .init          0x1fffa5b0        0x8 c:/nxp/s32ds_arm_v2.2/s32ds/build_tools/gcc_v6.3/gcc-6.3-arm32-eabi/bin/../lib/gcc/arm-none-eabi/6.3.1/thumb/v7e-m/crtn.o
 *(.fini)
 .fini          0x1fffa5b8        0x4 c:/nxp/s32ds_arm_v2.2/s32ds/build_tools/gcc_v6.3/gcc-6.3-arm32-eabi/bin/../lib/gcc/arm-none-eabi/6.3.1/thumb/v7e-m/crti.o
                0x1fffa5b8                _fini
 .fini          0x1fffa5bc        0x8 c:/nxp/s32ds_arm_v2.2/s32ds/build_tools/gcc_v6.3/gcc-6.3-arm32-eabi/bin/../lib/gcc/arm-none-eabi/6.3.1/thumb/v7e-m/crtn.o
                0x1fffa5c4                . = ALIGN (0x4)

.vfp11_veneer   0x1fffa5c4        0x0
 .vfp11_veneer  0x1fffa5c4        0x0 linker stubs

.v4_bx          0x1fffa5c4        0x0
 .v4_bx         0x1fffa5c4        0x0 linker stubs

.iplt           0x1fffa5c4        0x0
 .iplt          0x1fffa5c4        0x0 c:/nxp/s32ds_arm_v2.2/s32ds/build_tools/gcc_v6.3/gcc-6.3-arm32-eabi/bin/../lib/gcc/arm-none-eabi/6.3.1/thumb/v7e-m/crtbegin.o

.code_ram       0x1fffa5c4        0x0
                0x1fffa5c4                . = ALIGN (0x4)
                0x1fffa5c4                __CODE_RAM = .
                0x1fffa5c4                __code_ram_start__ = .
 *(.code_ram)
                0x1fffa5c4                __CODE_ROM = .
                0x1fffa5c4                __CODE_END = .
                0x1fffa5c4                __code_ram_end__ = .
                0x1fffa5c4                . = ALIGN (0x4)

.ARM.extab
 *(.ARM.extab* .gnu.linkonce.armextab.*)

.ARM            0x1fffa5c4        0x8
                0x1fffa5c4                __exidx_start = .
 *(.ARM.exidx*)
 .ARM.exidx     0x1fffa5c4        0x8 C:/NXP/S32DS_ARM_v2.2/S32DS/build_tools/gcc_v6.3/gcc-6.3-arm32-eabi/arm-none-eabi/newlib/lib/thumb/v7e-m/crt0.o
                0x1fffa5cc                __exidx_end = .

.rel.dyn        0x1fffa5cc        0x0
 .rel.iplt      0x1fffa5cc        0x0 c:/nxp/s32ds_arm_v2.2/s32ds/build_tools/gcc_v6.3/gcc-6.3-arm32-eabi/bin/../lib/gcc/arm-none-eabi/6.3.1/thumb/v7e-m/crtbegin.o

.ctors          0x1fffa5cc        0x0
                0x1fffa5cc                __CTOR_LIST__ = .
 *crtbegin.o(.ctors)
 *crtbegin?.o(.ctors)
 *(EXCLUDE_FILE(*crtend.o *crtend?.o) .ctors)
 *(SORT(.ctors.*))
 *(.ctors)
                0x1fffa5cc                __CTOR_END__ = .

.dtors          0x1fffa5cc        0x0
                0x1fffa5cc                __DTOR_LIST__ = .
 *crtbegin.o(.dtors)
 *crtbegin?.o(.dtors)
 *(EXCLUDE_FILE(*crtend.o *crtend?.o) .dtors)
 *(SORT(.dtors.*))
 *(.dtors)
                0x1fffa5cc                __DTOR_END__ = .

.preinit_array  0x1fffa5cc        0x0
                0x1fffa5cc                PROVIDE (__preinit_array_start, .)
 *(.preinit_array*)
                0x1fffa5cc                PROVIDE (__preinit_array_end, .)

.init_array     0x1fffa5cc        0x8
                0x1fffa5cc                PROVIDE (__init_array_start, .)
 *(SORT(.init_array.*))
 .init_array.00000
                0x1fffa5cc        0x4 C:/NXP/S32DS_ARM_v2.2/S32DS/build_tools/gcc_v6.3/gcc-6.3-arm32-eabi/arm-none-eabi/newlib/lib/thumb/v7e-m\libc.a(lib_a-__call_atexit.o)
 *(.init_array*)
 .init_array    0x1fffa5d0        0x4 c:/nxp/s32ds_arm_v2.2/s32ds/build_tools/gcc_v6.3/gcc-6.3-arm32-eabi/bin/../lib/gcc/arm-none-eabi/6.3.1/thumb/v7e-m/crtbegin.o
                0x1fffa5d4                PROVIDE (__init_array_end, .)

.fini_array     0x1fffa5d4        0x4
                0x1fffa5d4                PROVIDE (__fini_array_start, .)
 *(SORT(.fini_array.*))
 *(.fini_array*)
 .fini_array    0x1fffa5d4        0x4 c:/nxp/s32ds_arm_v2.2/s32ds/build_tools/gcc_v6.3/gcc-6.3-arm32-eabi/bin/../lib/gcc/arm-none-eabi/6.3.1/thumb/v7e-m/crtbegin.o
                0x1fffa5d8                PROVIDE (__fini_array_end, .)
                0x1fffa5d8                __etext = .
                0x1fffa5d8                __DATA_ROM = .
                0x1fffa5d8                __DATA_END = __DATA_ROM

.customSectionBlock
                0x20000000        0x0
                0x20000000                __customSection_start__ = .
 *(.customSection)
                0x20000000                __customSection_end__ = .
                0x20000000                __CUSTOM_ROM = .
                0x20000000                __CUSTOM_END = .

.data           0x20000000      0x424
                0x20000000                . = ALIGN (0x4)
                0x20000000                __DATA_RAM = .
                0x20000000                __data_start__ = .
 *(.data)
 *(.data*)
 .data.Mcu_eStatus
                0x20000000        0x1 ./Autosar/mcu/src/Mcu.o
 *fill*         0x20000001        0x7 
 .data.impure_data
                0x20000008      0x418 C:/NXP/S32DS_ARM_v2.2/S32DS/build_tools/gcc_v6.3/gcc-6.3-arm32-eabi/arm-none-eabi/newlib/lib/thumb/v7e-m\libc.a(lib_a-impure.o)
 *(.jcr*)
 .jcr           0x20000420        0x0 c:/nxp/s32ds_arm_v2.2/s32ds/build_tools/gcc_v6.3/gcc-6.3-arm32-eabi/bin/../lib/gcc/arm-none-eabi/6.3.1/thumb/v7e-m/crtbegin.o
 .jcr           0x20000420        0x4 c:/nxp/s32ds_arm_v2.2/s32ds/build_tools/gcc_v6.3/gcc-6.3-arm32-eabi/bin/../lib/gcc/arm-none-eabi/6.3.1/thumb/v7e-m/crtend.o
                0x20000424                . = ALIGN (0x4)
                0x20000424                __data_end__ = .

.tm_clone_table
                0x20000424        0x0
 .tm_clone_table
                0x20000424        0x0 c:/nxp/s32ds_arm_v2.2/s32ds/build_tools/gcc_v6.3/gcc-6.3-arm32-eabi/bin/../lib/gcc/arm-none-eabi/6.3.1/thumb/v7e-m/crtbegin.o
 .tm_clone_table
                0x20000424        0x0 c:/nxp/s32ds_arm_v2.2/s32ds/build_tools/gcc_v6.3/gcc-6.3-arm32-eabi/bin/../lib/gcc/arm-none-eabi/6.3.1/thumb/v7e-m/crtend.o

.igot.plt       0x20000424        0x0
 .igot.plt      0x20000424        0x0 c:/nxp/s32ds_arm_v2.2/s32ds/build_tools/gcc_v6.3/gcc-6.3-arm32-eabi/bin/../lib/gcc/arm-none-eabi/6.3.1/thumb/v7e-m/crtbegin.o

.bss            0x20000424       0xf8
                0x20000424                . = ALIGN (0x4)
                0x20000424                __BSS_START = .
                0x20000424                __bss_start__ = .
 *(.bss)
 .bss           0x20000424       0x1c c:/nxp/s32ds_arm_v2.2/s32ds/build_tools/gcc_v6.3/gcc-6.3-arm32-eabi/bin/../lib/gcc/arm-none-eabi/6.3.1/thumb/v7e-m/crtbegin.o
 *(.bss*)
 .bss.Port_pConfig
                0x20000440        0x4 ./Autosar/Port/src/Port.o
                0x20000440                Port_pConfig
 .bss.Port_Port_Ci_au16GpioDirChangeability
                0x20000444       0x14 ./Autosar/Port/src/Port_Port_Ci.o
 .bss.Gpt_eMode
                0x20000458        0x1 ./Autosar/gpt/src/Gpt.o
 *fill*         0x20000459        0x3 
 .bss.Gpt_pConfig
                0x2000045c        0x4 ./Autosar/gpt/src/Gpt.o
 .bss.Gpt_aChannelInfo
                0x20000460        0x4 ./Autosar/gpt/src/Gpt.o
 .bss.Gpt_aStopTime
                0x20000464        0x4 ./Autosar/gpt/src/Gpt.o
 .bss.Mcu_au8ClockConfigIds
                0x20000468        0x1 ./Autosar/mcu/src/Mcu.o
 *fill*         0x20000469        0x3 
 .bss.Mcu_au8ModeConfigIds
                0x2000046c        0x2 ./Autosar/mcu/src/Mcu.o
 *fill*         0x2000046e        0x2 
 .bss.Mcu_pConfigPtr
                0x20000470        0x4 ./Autosar/mcu/src/Mcu.o
                0x20000470                Mcu_pConfigPtr
 .bss.Call_PllStatus
                0x20000474        0x1 ./Autosar/mcu/src/Mcu.o
 *fill*         0x20000475        0x3 
 .bss.Mcu_pClockConfig
                0x20000478        0x4 ./Autosar/mcu/src/Mcu_IPW.o
 .bss.msr_08    0x2000047c        0x4 ./Autosar/rte/src/SchM_Gpt.o
 .bss.msr_15    0x20000480        0x4 ./Autosar/rte/src/SchM_Gpt.o
 .bss.reentry_guard_08
                0x20000484        0x4 ./Autosar/rte/src/SchM_Gpt.o
 .bss.reentry_guard_15
                0x20000488        0x4 ./Autosar/rte/src/SchM_Gpt.o
 *(COMMON)
 COMMON         0x2000048c       0x90 ./Autosar/det/src/Det.o
                0x2000048c                Det_ErrorId
                0x20000494                Det_RuntimeErrorId
                0x2000049c                Det_RuntimeModuleId
                0x200004ac                Det_TransientFaultId
                0x200004b4                Det_InstanceId
                0x200004bc                Det_TransientApiId
                0x200004c4                Det_numEventErrors
                0x200004c8                Det_numRuntimeEventErrors
                0x200004cc                Det_ApiId
                0x200004d4                Det_numTransientEventErrors
                0x200004d8                Det_TransientModuleId
                0x200004e8                Det_OverflowEvent
                0x200004ec                Det_RuntimeApiId
                0x200004f4                Det_TransientOverflowEvent
                0x200004f8                Det_ModuleId
                0x20000508                Det_RuntimeOverflowEvent
                0x2000050c                Det_TransientInstanceId
                0x20000514                Det_RuntimeInstanceId
                0x2000051c                . = ALIGN (0x4)
                0x2000051c                __bss_end__ = .
                0x2000051c                __BSS_END = .

.heap           0x2000051c      0x404
                0x20000520                . = ALIGN (0x8)
 *fill*         0x2000051c        0x4 
                0x20000520                __end__ = .
                0x20000520                __heap_start__ = .
                [!provide]                PROVIDE (end, .)
                [!provide]                PROVIDE (_end, .)
                [!provide]                PROVIDE (__end, .)
                0x20000520                __HeapBase = .
                0x20000920                . = (. + HEAP_SIZE)
 *fill*         0x20000520      0x400 
                0x20000920                __HeapLimit = .
                0x20000920                __heap_limit = .
                0x20000920                __heap_end__ = .
                0x20007000                __StackTop = (ORIGIN (m_data) + LENGTH (m_data))
                0x20006c00                __StackLimit = (__StackTop - STACK_SIZE)
                0x20007000                PROVIDE (__stack, __StackTop)

.stack          0x20006c00      0x400
                0x20006c00                . = ALIGN (0x8)
                0x20006c00                __stack_start__ = .
                0x20007000                . = (. + STACK_SIZE)
 *fill*         0x20006c00      0x400 
                0x20007000                __stack_end__ = .
                0x20000424                __START_BSS = __BSS_START
                0x2000051c                __END_BSS = __BSS_END
                0x20007000                __SP_INIT = __StackTop

.ARM.attributes
                0x00000000       0x2a
 *(.ARM.attributes)
 .ARM.attributes
                0x00000000       0x1e c:/nxp/s32ds_arm_v2.2/s32ds/build_tools/gcc_v6.3/gcc-6.3-arm32-eabi/bin/../lib/gcc/arm-none-eabi/6.3.1/thumb/v7e-m/crti.o
 .ARM.attributes
                0x0000001e       0x2e c:/nxp/s32ds_arm_v2.2/s32ds/build_tools/gcc_v6.3/gcc-6.3-arm32-eabi/bin/../lib/gcc/arm-none-eabi/6.3.1/thumb/v7e-m/crtbegin.o
 .ARM.attributes
                0x0000004c       0x1c C:/NXP/S32DS_ARM_v2.2/S32DS/build_tools/gcc_v6.3/gcc-6.3-arm32-eabi/arm-none-eabi/newlib/lib/thumb/v7e-m/crt0.o
 .ARM.attributes
                0x00000068       0x33 ./Autosar/DIO/src/Dio.o
 .ARM.attributes
                0x0000009b       0x33 ./Autosar/DIO/src/Dio_Gpio.o
 .ARM.attributes
                0x000000ce       0x33 ./Autosar/Port/src/Port.o
 .ARM.attributes
                0x00000101       0x33 ./Autosar/Port/src/Port_Port_Ci.o
 .ARM.attributes
                0x00000134       0x33 ./Autosar/det/src/Det.o
 .ARM.attributes
                0x00000167       0x33 ./Autosar/gpt/src/Gpt.o
 .ARM.attributes
                0x0000019a       0x33 ./Autosar/gpt/src/Gpt_Ipw.o
 .ARM.attributes
                0x000001cd       0x33 ./Autosar/gpt/src/Gpt_LPit.o
 .ARM.attributes
                0x00000200       0x33 ./Autosar/mcl/src/LPit_Common.o
 .ARM.attributes
                0x00000233       0x33 ./Autosar/mcu/src/Mcu.o
 .ARM.attributes
                0x00000266       0x33 ./Autosar/mcu/src/Mcu_IPW.o
 .ARM.attributes
                0x00000299       0x33 ./Autosar/mcu/src/Mcu_PCC.o
 .ARM.attributes
                0x000002cc       0x33 ./Autosar/mcu/src/Mcu_PMC.o
 .ARM.attributes
                0x000002ff       0x33 ./Autosar/mcu/src/Mcu_RCM.o
 .ARM.attributes
                0x00000332       0x33 ./Autosar/mcu/src/Mcu_SCG.o
 .ARM.attributes
                0x00000365       0x33 ./Autosar/mcu/src/Mcu_SIM.o
 .ARM.attributes
                0x00000398       0x33 ./Autosar/mcu/src/Mcu_SMC.o
 .ARM.attributes
                0x000003cb       0x33 ./Autosar/output_EB/src/Gpt_PBcfg.o
 .ARM.attributes
                0x000003fe       0x33 ./Autosar/output_EB/src/Mcu_PBcfg.o
 .ARM.attributes
                0x00000431       0x33 ./Autosar/output_EB/src/Port_PBcfg.o
 .ARM.attributes
                0x00000464       0x33 ./Autosar/rte/src/SchM_Gpt.o
 .ARM.attributes
                0x00000497       0x33 ./Project_Settings/Startup_Code/startup.o
 .ARM.attributes
                0x000004ca       0x1b ./Project_Settings/Startup_Code/startup_S32K144.o
 .ARM.attributes
                0x000004e5       0x33 ./Project_Settings/Startup_Code/system_S32K144.o
 .ARM.attributes
                0x00000518       0x33 ./src/main.o
 .ARM.attributes
                0x0000054b       0x2e C:/NXP/S32DS_ARM_v2.2/S32DS/build_tools/gcc_v6.3/gcc-6.3-arm32-eabi/arm-none-eabi/newlib/lib/thumb/v7e-m\libc.a(lib_a-exit.o)
 .ARM.attributes
                0x00000579       0x2e C:/NXP/S32DS_ARM_v2.2/S32DS/build_tools/gcc_v6.3/gcc-6.3-arm32-eabi/arm-none-eabi/newlib/lib/thumb/v7e-m\libc.a(lib_a-impure.o)
 .ARM.attributes
                0x000005a7       0x2e C:/NXP/S32DS_ARM_v2.2/S32DS/build_tools/gcc_v6.3/gcc-6.3-arm32-eabi/arm-none-eabi/newlib/lib/thumb/v7e-m\libc.a(lib_a-init.o)
 .ARM.attributes
                0x000005d5       0x2e C:/NXP/S32DS_ARM_v2.2/S32DS/build_tools/gcc_v6.3/gcc-6.3-arm32-eabi/arm-none-eabi/newlib/lib/thumb/v7e-m\libc.a(lib_a-memset.o)
 .ARM.attributes
                0x00000603       0x2e C:/NXP/S32DS_ARM_v2.2/S32DS/build_tools/gcc_v6.3/gcc-6.3-arm32-eabi/arm-none-eabi/newlib/lib/thumb/v7e-m\libc.a(lib_a-__call_atexit.o)
 .ARM.attributes
                0x00000631       0x2e C:/NXP/S32DS_ARM_v2.2/S32DS/build_tools/gcc_v6.3/gcc-6.3-arm32-eabi/arm-none-eabi/newlib/lib/thumb/v7e-m\libc.a(lib_a-fini.o)
 .ARM.attributes
                0x0000065f       0x2e C:/NXP/S32DS_ARM_v2.2/S32DS/build_tools/gcc_v6.3/gcc-6.3-arm32-eabi/arm-none-eabi/newlib/lib/thumb/v7e-m\libc.a(lib_a-atexit.o)
 .ARM.attributes
                0x0000068d       0x2e C:/NXP/S32DS_ARM_v2.2/S32DS/build_tools/gcc_v6.3/gcc-6.3-arm32-eabi/arm-none-eabi/newlib/lib/thumb/v7e-m\libc.a(lib_a-__atexit.o)
 .ARM.attributes
                0x000006bb       0x2e C:/NXP/S32DS_ARM_v2.2/S32DS/build_tools/gcc_v6.3/gcc-6.3-arm32-eabi/arm-none-eabi/newlib/lib/thumb/v7e-m\libnosys.a(_exit.o)
 .ARM.attributes
                0x000006e9       0x2e c:/nxp/s32ds_arm_v2.2/s32ds/build_tools/gcc_v6.3/gcc-6.3-arm32-eabi/bin/../lib/gcc/arm-none-eabi/6.3.1/thumb/v7e-m/crtend.o
 .ARM.attributes
                0x00000717       0x1e c:/nxp/s32ds_arm_v2.2/s32ds/build_tools/gcc_v6.3/gcc-6.3-arm32-eabi/bin/../lib/gcc/arm-none-eabi/6.3.1/thumb/v7e-m/crtn.o
                0x00000001                ASSERT ((__StackLimit >= __HeapLimit), region m_data overflowed with stack and heap)

/DISCARD/
 *(.FlashConfig)
OUTPUT(Project_AUTOSAR.elf elf32-littlearm)

.comment        0x00000000       0xa0
 .comment       0x00000000       0xa0 c:/nxp/s32ds_arm_v2.2/s32ds/build_tools/gcc_v6.3/gcc-6.3-arm32-eabi/bin/../lib/gcc/arm-none-eabi/6.3.1/thumb/v7e-m/crtbegin.o
                                 0xa1 (size before relaxing)
 .comment       0x000000a0       0xa1 ./Autosar/DIO/src/Dio.o
 .comment       0x000000a0       0xa1 ./Autosar/DIO/src/Dio_Gpio.o
 .comment       0x000000a0       0xa1 ./Autosar/Port/src/Port.o
 .comment       0x000000a0       0xa1 ./Autosar/Port/src/Port_Port_Ci.o
 .comment       0x000000a0       0xa1 ./Autosar/det/src/Det.o
 .comment       0x000000a0       0xa1 ./Autosar/gpt/src/Gpt.o
 .comment       0x000000a0       0xa1 ./Autosar/gpt/src/Gpt_Ipw.o
 .comment       0x000000a0       0xa1 ./Autosar/gpt/src/Gpt_LPit.o
 .comment       0x000000a0       0xa1 ./Autosar/mcl/src/LPit_Common.o
 .comment       0x000000a0       0xa1 ./Autosar/mcu/src/Mcu.o
 .comment       0x000000a0       0xa1 ./Autosar/mcu/src/Mcu_IPW.o
 .comment       0x000000a0       0xa1 ./Autosar/mcu/src/Mcu_PCC.o
 .comment       0x000000a0       0xa1 ./Autosar/mcu/src/Mcu_PMC.o
 .comment       0x000000a0       0xa1 ./Autosar/mcu/src/Mcu_RCM.o
 .comment       0x000000a0       0xa1 ./Autosar/mcu/src/Mcu_SCG.o
 .comment       0x000000a0       0xa1 ./Autosar/mcu/src/Mcu_SIM.o
 .comment       0x000000a0       0xa1 ./Autosar/mcu/src/Mcu_SMC.o
 .comment       0x000000a0       0xa1 ./Autosar/output_EB/src/Gpt_PBcfg.o
 .comment       0x000000a0       0xa1 ./Autosar/output_EB/src/Mcu_PBcfg.o
 .comment       0x000000a0       0xa1 ./Autosar/output_EB/src/Port_PBcfg.o
 .comment       0x000000a0       0xa1 ./Autosar/rte/src/SchM_Gpt.o
 .comment       0x000000a0       0xa1 ./Project_Settings/Startup_Code/startup.o
 .comment       0x000000a0       0xa1 ./Project_Settings/Startup_Code/system_S32K144.o
 .comment       0x000000a0       0xa1 ./src/main.o
 .comment       0x000000a0       0xa1 c:/nxp/s32ds_arm_v2.2/s32ds/build_tools/gcc_v6.3/gcc-6.3-arm32-eabi/bin/../lib/gcc/arm-none-eabi/6.3.1/thumb/v7e-m/crtend.o

.debug_info     0x00000000     0x8b96
 .debug_info    0x00000000      0x313 ./Autosar/DIO/src/Dio.o
 .debug_info    0x00000313      0x300 ./Autosar/DIO/src/Dio_Gpio.o
 .debug_info    0x00000613      0x475 ./Autosar/Port/src/Port.o
 .debug_info    0x00000a88      0x662 ./Autosar/Port/src/Port_Port_Ci.o
 .debug_info    0x000010ea      0x38f ./Autosar/det/src/Det.o
 .debug_info    0x00001479      0xdf1 ./Autosar/gpt/src/Gpt.o
 .debug_info    0x0000226a      0x400 ./Autosar/gpt/src/Gpt_Ipw.o
 .debug_info    0x0000266a      0x343 ./Autosar/gpt/src/Gpt_LPit.o
 .debug_info    0x000029ad      0x11a ./Autosar/mcl/src/LPit_Common.o
 .debug_info    0x00002ac7      0xafb ./Autosar/mcu/src/Mcu.o
 .debug_info    0x000035c2      0x7ba ./Autosar/mcu/src/Mcu_IPW.o
 .debug_info    0x00003d7c      0x2a4 ./Autosar/mcu/src/Mcu_PCC.o
 .debug_info    0x00004020      0x6a2 ./Autosar/mcu/src/Mcu_PMC.o
 .debug_info    0x000046c2      0x3f8 ./Autosar/mcu/src/Mcu_RCM.o
 .debug_info    0x00004aba      0x608 ./Autosar/mcu/src/Mcu_SCG.o
 .debug_info    0x000050c2      0x2eb ./Autosar/mcu/src/Mcu_SIM.o
 .debug_info    0x000053ad      0x30e ./Autosar/mcu/src/Mcu_SMC.o
 .debug_info    0x000056bb      0x2b9 ./Autosar/output_EB/src/Gpt_PBcfg.o
 .debug_info    0x00005974      0x6a3 ./Autosar/output_EB/src/Mcu_PBcfg.o
 .debug_info    0x00006017      0x2ff ./Autosar/output_EB/src/Port_PBcfg.o
 .debug_info    0x00006316     0x126c ./Autosar/rte/src/SchM_Gpt.o
 .debug_info    0x00007582      0x471 ./Project_Settings/Startup_Code/startup.o
 .debug_info    0x000079f3       0x26 ./Project_Settings/Startup_Code/startup_S32K144.o
 .debug_info    0x00007a19      0x522 ./Project_Settings/Startup_Code/system_S32K144.o
 .debug_info    0x00007f3b      0xc5b ./src/main.o

.debug_abbrev   0x00000000     0x1c38
 .debug_abbrev  0x00000000       0xfd ./Autosar/DIO/src/Dio.o
 .debug_abbrev  0x000000fd       0xec ./Autosar/DIO/src/Dio_Gpio.o
 .debug_abbrev  0x000001e9      0x167 ./Autosar/Port/src/Port.o
 .debug_abbrev  0x00000350      0x1cd ./Autosar/Port/src/Port_Port_Ci.o
 .debug_abbrev  0x0000051d       0xc7 ./Autosar/det/src/Det.o
 .debug_abbrev  0x000005e4      0x1ce ./Autosar/gpt/src/Gpt.o
 .debug_abbrev  0x000007b2      0x157 ./Autosar/gpt/src/Gpt_Ipw.o
 .debug_abbrev  0x00000909      0x102 ./Autosar/gpt/src/Gpt_LPit.o
 .debug_abbrev  0x00000a0b       0xa5 ./Autosar/mcl/src/LPit_Common.o
 .debug_abbrev  0x00000ab0      0x1ad ./Autosar/mcu/src/Mcu.o
 .debug_abbrev  0x00000c5d      0x15b ./Autosar/mcu/src/Mcu_IPW.o
 .debug_abbrev  0x00000db8      0x104 ./Autosar/mcu/src/Mcu_PCC.o
 .debug_abbrev  0x00000ebc      0x11a ./Autosar/mcu/src/Mcu_PMC.o
 .debug_abbrev  0x00000fd6      0x15a ./Autosar/mcu/src/Mcu_RCM.o
 .debug_abbrev  0x00001130      0x186 ./Autosar/mcu/src/Mcu_SCG.o
 .debug_abbrev  0x000012b6      0x119 ./Autosar/mcu/src/Mcu_SIM.o
 .debug_abbrev  0x000013cf      0x117 ./Autosar/mcu/src/Mcu_SMC.o
 .debug_abbrev  0x000014e6       0xf4 ./Autosar/output_EB/src/Gpt_PBcfg.o
 .debug_abbrev  0x000015da       0xfc ./Autosar/output_EB/src/Mcu_PBcfg.o
 .debug_abbrev  0x000016d6       0xf5 ./Autosar/output_EB/src/Port_PBcfg.o
 .debug_abbrev  0x000017cb       0x9e ./Autosar/rte/src/SchM_Gpt.o
 .debug_abbrev  0x00001869      0x108 ./Project_Settings/Startup_Code/startup.o
 .debug_abbrev  0x00001971       0x14 ./Project_Settings/Startup_Code/startup_S32K144.o
 .debug_abbrev  0x00001985      0x125 ./Project_Settings/Startup_Code/system_S32K144.o
 .debug_abbrev  0x00001aaa      0x18e ./src/main.o

.debug_aranges  0x00000000      0xa30
 .debug_aranges
                0x00000000       0x50 ./Autosar/DIO/src/Dio.o
 .debug_aranges
                0x00000050       0x50 ./Autosar/DIO/src/Dio_Gpio.o
 .debug_aranges
                0x000000a0       0x38 ./Autosar/Port/src/Port.o
 .debug_aranges
                0x000000d8       0x48 ./Autosar/Port/src/Port_Port_Ci.o
 .debug_aranges
                0x00000120       0x40 ./Autosar/det/src/Det.o
 .debug_aranges
                0x00000160       0x88 ./Autosar/gpt/src/Gpt.o
 .debug_aranges
                0x000001e8       0x50 ./Autosar/gpt/src/Gpt_Ipw.o
 .debug_aranges
                0x00000238       0x58 ./Autosar/gpt/src/Gpt_LPit.o
 .debug_aranges
                0x00000290       0x20 ./Autosar/mcl/src/LPit_Common.o
 .debug_aranges
                0x000002b0       0x90 ./Autosar/mcu/src/Mcu.o
 .debug_aranges
                0x00000340       0x70 ./Autosar/mcu/src/Mcu_IPW.o
 .debug_aranges
                0x000003b0       0x20 ./Autosar/mcu/src/Mcu_PCC.o
 .debug_aranges
                0x000003d0       0x20 ./Autosar/mcu/src/Mcu_PMC.o
 .debug_aranges
                0x000003f0       0x48 ./Autosar/mcu/src/Mcu_RCM.o
 .debug_aranges
                0x00000438       0x98 ./Autosar/mcu/src/Mcu_SCG.o
 .debug_aranges
                0x000004d0       0x28 ./Autosar/mcu/src/Mcu_SIM.o
 .debug_aranges
                0x000004f8       0x28 ./Autosar/mcu/src/Mcu_SMC.o
 .debug_aranges
                0x00000520       0x18 ./Autosar/output_EB/src/Gpt_PBcfg.o
 .debug_aranges
                0x00000538       0x18 ./Autosar/output_EB/src/Mcu_PBcfg.o
 .debug_aranges
                0x00000550       0x18 ./Autosar/output_EB/src/Port_PBcfg.o
 .debug_aranges
                0x00000568      0x430 ./Autosar/rte/src/SchM_Gpt.o
 .debug_aranges
                0x00000998       0x20 ./Project_Settings/Startup_Code/startup.o
 .debug_aranges
                0x000009b8       0x20 ./Project_Settings/Startup_Code/startup_S32K144.o
 .debug_aranges
                0x000009d8       0x30 ./Project_Settings/Startup_Code/system_S32K144.o
 .debug_aranges
                0x00000a08       0x28 ./src/main.o

.debug_ranges   0x00000000      0x878
 .debug_ranges  0x00000000       0x40 ./Autosar/DIO/src/Dio.o
 .debug_ranges  0x00000040       0x40 ./Autosar/DIO/src/Dio_Gpio.o
 .debug_ranges  0x00000080       0x28 ./Autosar/Port/src/Port.o
 .debug_ranges  0x000000a8       0x38 ./Autosar/Port/src/Port_Port_Ci.o
 .debug_ranges  0x000000e0       0x30 ./Autosar/det/src/Det.o
 .debug_ranges  0x00000110       0x78 ./Autosar/gpt/src/Gpt.o
 .debug_ranges  0x00000188       0x40 ./Autosar/gpt/src/Gpt_Ipw.o
 .debug_ranges  0x000001c8       0x48 ./Autosar/gpt/src/Gpt_LPit.o
 .debug_ranges  0x00000210       0x10 ./Autosar/mcl/src/LPit_Common.o
 .debug_ranges  0x00000220       0x80 ./Autosar/mcu/src/Mcu.o
 .debug_ranges  0x000002a0       0x60 ./Autosar/mcu/src/Mcu_IPW.o
 .debug_ranges  0x00000300       0x10 ./Autosar/mcu/src/Mcu_PCC.o
 .debug_ranges  0x00000310       0x10 ./Autosar/mcu/src/Mcu_PMC.o
 .debug_ranges  0x00000320       0x38 ./Autosar/mcu/src/Mcu_RCM.o
 .debug_ranges  0x00000358       0x88 ./Autosar/mcu/src/Mcu_SCG.o
 .debug_ranges  0x000003e0       0x18 ./Autosar/mcu/src/Mcu_SIM.o
 .debug_ranges  0x000003f8       0x18 ./Autosar/mcu/src/Mcu_SMC.o
 .debug_ranges  0x00000410      0x420 ./Autosar/rte/src/SchM_Gpt.o
 .debug_ranges  0x00000830       0x10 ./Project_Settings/Startup_Code/startup.o
 .debug_ranges  0x00000840       0x20 ./Project_Settings/Startup_Code/system_S32K144.o
 .debug_ranges  0x00000860       0x18 ./src/main.o

.debug_macro    0x00000000    0x2a54f
 .debug_macro   0x00000000      0x17b ./Autosar/DIO/src/Dio.o
 .debug_macro   0x0000017b      0x8d4 ./Autosar/DIO/src/Dio.o
 .debug_macro   0x00000a4f       0x89 ./Autosar/DIO/src/Dio.o
 .debug_macro   0x00000ad8      0x7d7 ./Autosar/DIO/src/Dio.o
 .debug_macro   0x000012af       0x3b ./Autosar/DIO/src/Dio.o
 .debug_macro   0x000012ea       0xa4 ./Autosar/DIO/src/Dio.o
 .debug_macro   0x0000138e       0x6b ./Autosar/DIO/src/Dio.o
 .debug_macro   0x000013f9       0x4c ./Autosar/DIO/src/Dio.o
 .debug_macro   0x00001445       0x75 ./Autosar/DIO/src/Dio.o
 .debug_macro   0x000014ba       0xb6 ./Autosar/DIO/src/Dio.o
 .debug_macro   0x00001570       0xc7 ./Autosar/DIO/src/Dio.o
 .debug_macro   0x00001637       0x50 ./Autosar/DIO/src/Dio.o
 .debug_macro   0x00001687       0x50 ./Autosar/DIO/src/Dio.o
 .debug_macro   0x000016d7       0xab ./Autosar/DIO/src/Dio.o
 .debug_macro   0x00001782       0x50 ./Autosar/DIO/src/Dio.o
 .debug_macro   0x000017d2       0x50 ./Autosar/DIO/src/Dio.o
 .debug_macro   0x00001822       0x3a ./Autosar/DIO/src/Dio.o
 .debug_macro   0x0000185c      0x200 ./Autosar/DIO/src/Dio.o
 .debug_macro   0x00001a5c       0xab ./Autosar/DIO/src/Dio.o
 .debug_macro   0x00001b07       0x66 ./Autosar/DIO/src/Dio.o
 .debug_macro   0x00001b6d      0x1b1 ./Autosar/DIO/src/Dio_Gpio.o
 .debug_macro   0x00001d1e       0xc1 ./Autosar/DIO/src/Dio_Gpio.o
 .debug_macro   0x00001ddf      0x1fa ./Autosar/DIO/src/Dio_Gpio.o
 .debug_macro   0x00001fd9      0x1bf ./Autosar/DIO/src/Dio_Gpio.o
 .debug_macro   0x00002198      0x114 ./Autosar/DIO/src/Dio_Gpio.o
 .debug_macro   0x000022ac       0x34 ./Autosar/DIO/src/Dio_Gpio.o
 .debug_macro   0x000022e0       0x2e ./Autosar/DIO/src/Dio_Gpio.o
 .debug_macro   0x0000230e      0x20c ./Autosar/Port/src/Port.o
 .debug_macro   0x0000251a       0x46 ./Autosar/Port/src/Port.o
 .debug_macro   0x00002560       0x93 ./Autosar/Port/src/Port.o
 .debug_macro   0x000025f3       0x40 ./Autosar/Port/src/Port.o
 .debug_macro   0x00002633      0xda9 ./Autosar/Port/src/Port.o
 .debug_macro   0x000033dc       0x50 ./Autosar/Port/src/Port.o
 .debug_macro   0x0000342c       0x50 ./Autosar/Port/src/Port.o
 .debug_macro   0x0000347c       0x50 ./Autosar/Port/src/Port.o
 .debug_macro   0x000034cc       0x50 ./Autosar/Port/src/Port.o
 .debug_macro   0x0000351c       0xab ./Autosar/Port/src/Port.o
 .debug_macro   0x000035c7       0x50 ./Autosar/Port/src/Port.o
 .debug_macro   0x00003617       0x50 ./Autosar/Port/src/Port.o
 .debug_macro   0x00003667       0x40 ./Autosar/Port/src/Port.o
 .debug_macro   0x000036a7       0xd6 ./Autosar/Port/src/Port.o
 .debug_macro   0x0000377d       0x35 ./Autosar/Port/src/Port.o
 .debug_macro   0x000037b2       0x51 ./Autosar/Port/src/Port.o
 .debug_macro   0x00003803       0x50 ./Autosar/Port/src/Port.o
 .debug_macro   0x00003853       0x50 ./Autosar/Port/src/Port.o
 .debug_macro   0x000038a3      0x20a ./Autosar/Port/src/Port_Port_Ci.o
 .debug_macro   0x00003aad       0xb1 ./Autosar/Port/src/Port_Port_Ci.o
 .debug_macro   0x00003b5e       0x2e ./Autosar/Port/src/Port_Port_Ci.o
 .debug_macro   0x00003b8c       0x50 ./Autosar/Port/src/Port_Port_Ci.o
 .debug_macro   0x00003bdc       0x50 ./Autosar/Port/src/Port_Port_Ci.o
 .debug_macro   0x00003c2c       0x7d ./Autosar/det/src/Det.o
 .debug_macro   0x00003ca9      0x259 ./Autosar/gpt/src/Gpt.o
 .debug_macro   0x00003f02      0x1b1 ./Autosar/gpt/src/Gpt.o
 .debug_macro   0x000040b3       0x64 ./Autosar/gpt/src/Gpt.o
 .debug_macro   0x00004117       0x66 ./Autosar/gpt/src/Gpt.o
 .debug_macro   0x0000417d       0x3a ./Autosar/gpt/src/Gpt.o
 .debug_macro   0x000041b7      0x359 ./Autosar/gpt/src/Gpt.o
 .debug_macro   0x00004510       0x3a ./Autosar/gpt/src/Gpt.o
 .debug_macro   0x0000454a       0x50 ./Autosar/gpt/src/Gpt.o
 .debug_macro   0x0000459a       0x50 ./Autosar/gpt/src/Gpt.o
 .debug_macro   0x000045ea     0x1287 ./Autosar/gpt/src/Gpt.o
 .debug_macro   0x00005871       0x34 ./Autosar/gpt/src/Gpt.o
 .debug_macro   0x000058a5       0x3b ./Autosar/gpt/src/Gpt.o
 .debug_macro   0x000058e0       0x2e ./Autosar/gpt/src/Gpt.o
 .debug_macro   0x0000590e      0x10d ./Autosar/gpt/src/Gpt.o
 .debug_macro   0x00005a1b       0x50 ./Autosar/gpt/src/Gpt.o
 .debug_macro   0x00005a6b       0x50 ./Autosar/gpt/src/Gpt.o
 .debug_macro   0x00005abb       0x50 ./Autosar/gpt/src/Gpt.o
 .debug_macro   0x00005b0b       0x50 ./Autosar/gpt/src/Gpt.o
 .debug_macro   0x00005b5b       0x3a ./Autosar/gpt/src/Gpt.o
 .debug_macro   0x00005b95       0x3a ./Autosar/gpt/src/Gpt.o
 .debug_macro   0x00005bcf       0x50 ./Autosar/gpt/src/Gpt.o
 .debug_macro   0x00005c1f       0x50 ./Autosar/gpt/src/Gpt.o
 .debug_macro   0x00005c6f       0x50 ./Autosar/gpt/src/Gpt.o
 .debug_macro   0x00005cbf       0x50 ./Autosar/gpt/src/Gpt.o
 .debug_macro   0x00005d0f      0x229 ./Autosar/gpt/src/Gpt_Ipw.o
 .debug_macro   0x00005f38       0x3b ./Autosar/gpt/src/Gpt_Ipw.o
 .debug_macro   0x00005f73       0x41 ./Autosar/gpt/src/Gpt_Ipw.o
 .debug_macro   0x00005fb4       0x34 ./Autosar/gpt/src/Gpt_Ipw.o
 .debug_macro   0x00005fe8       0x3a ./Autosar/gpt/src/Gpt_Ipw.o
 .debug_macro   0x00006022      0x1a2 ./Autosar/gpt/src/Gpt_LPit.o
 .debug_macro   0x000061c4       0x3b ./Autosar/gpt/src/Gpt_LPit.o
 .debug_macro   0x000061ff       0x34 ./Autosar/gpt/src/Gpt_LPit.o
 .debug_macro   0x00006233      0x10c ./Autosar/gpt/src/Gpt_LPit.o
 .debug_macro   0x0000633f      0x1a2 ./Autosar/mcl/src/LPit_Common.o
 .debug_macro   0x000064e1      0x284 ./Autosar/mcu/src/Mcu.o
 .debug_macro   0x00006765      0x396 ./Autosar/mcu/src/Mcu.o
 .debug_macro   0x00006afb       0x58 ./Autosar/mcu/src/Mcu.o
 .debug_macro   0x00006b53       0x2e ./Autosar/mcu/src/Mcu.o
 .debug_macro   0x00006b81       0x4c ./Autosar/mcu/src/Mcu.o
 .debug_macro   0x00006bcd      0x10e ./Autosar/mcu/src/Mcu.o
 .debug_macro   0x00006cdb       0x2e ./Autosar/mcu/src/Mcu.o
 .debug_macro   0x00006d09       0x34 ./Autosar/mcu/src/Mcu.o
 .debug_macro   0x00006d3d       0x3a ./Autosar/mcu/src/Mcu.o
 .debug_macro   0x00006d77       0x34 ./Autosar/mcu/src/Mcu.o
 .debug_macro   0x00006dab       0x34 ./Autosar/mcu/src/Mcu.o
 .debug_macro   0x00006ddf       0x3a ./Autosar/mcu/src/Mcu.o
 .debug_macro   0x00006e19       0x2e ./Autosar/mcu/src/Mcu.o
 .debug_macro   0x00006e47       0x2e ./Autosar/mcu/src/Mcu.o
 .debug_macro   0x00006e75       0x74 ./Autosar/mcu/src/Mcu.o
 .debug_macro   0x00006ee9       0x35 ./Autosar/mcu/src/Mcu.o
 .debug_macro   0x00006f1e       0x50 ./Autosar/mcu/src/Mcu.o
 .debug_macro   0x00006f6e       0x50 ./Autosar/mcu/src/Mcu.o
 .debug_macro   0x00006fbe       0x50 ./Autosar/mcu/src/Mcu.o
 .debug_macro   0x0000700e       0x50 ./Autosar/mcu/src/Mcu.o
 .debug_macro   0x0000705e       0x50 ./Autosar/mcu/src/Mcu.o
 .debug_macro   0x000070ae       0x50 ./Autosar/mcu/src/Mcu.o
 .debug_macro   0x000070fe       0x3b ./Autosar/mcu/src/Mcu.o
 .debug_macro   0x00007139       0x50 ./Autosar/mcu/src/Mcu.o
 .debug_macro   0x00007189       0x50 ./Autosar/mcu/src/Mcu.o
 .debug_macro   0x000071d9      0x314 ./Autosar/mcu/src/Mcu_IPW.o
 .debug_macro   0x000074ed       0x35 ./Autosar/mcu/src/Mcu_IPW.o
 .debug_macro   0x00007522       0x52 ./Autosar/mcu/src/Mcu_IPW.o
 .debug_macro   0x00007574       0x3b ./Autosar/mcu/src/Mcu_IPW.o
 .debug_macro   0x000075af       0x12 ./Autosar/mcu/src/Mcu_IPW.o
 .debug_macro   0x000075c1       0x3b ./Autosar/mcu/src/Mcu_IPW.o
 .debug_macro   0x000075fc       0x12 ./Autosar/mcu/src/Mcu_IPW.o
 .debug_macro   0x0000760e       0x3b ./Autosar/mcu/src/Mcu_IPW.o
 .debug_macro   0x00007649       0x2e ./Autosar/mcu/src/Mcu_IPW.o
 .debug_macro   0x00007677       0x3b ./Autosar/mcu/src/Mcu_IPW.o
 .debug_macro   0x000076b2       0x6d ./Autosar/mcu/src/Mcu_IPW.o
 .debug_macro   0x0000771f       0x3b ./Autosar/mcu/src/Mcu_IPW.o
 .debug_macro   0x0000775a       0x19 ./Autosar/mcu/src/Mcu_IPW.o
 .debug_macro   0x00007773       0x3b ./Autosar/mcu/src/Mcu_IPW.o
 .debug_macro   0x000077ae       0x19 ./Autosar/mcu/src/Mcu_IPW.o
 .debug_macro   0x000077c7       0x3b ./Autosar/mcu/src/Mcu_IPW.o
 .debug_macro   0x00007802      0x320 ./Autosar/mcu/src/Mcu_IPW.o
 .debug_macro   0x00007b22      0x608 ./Autosar/mcu/src/Mcu_IPW.o
 .debug_macro   0x0000812a      0x153 ./Autosar/mcu/src/Mcu_PCC.o
 .debug_macro   0x0000827d       0x35 ./Autosar/mcu/src/Mcu_PCC.o
 .debug_macro   0x000082b2      0x31a ./Autosar/mcu/src/Mcu_PCC.o
 .debug_macro   0x000085cc      0x231 ./Autosar/mcu/src/Mcu_PMC.o
 .debug_macro   0x000087fd       0x35 ./Autosar/mcu/src/Mcu_PMC.o
 .debug_macro   0x00008832      0x175 ./Autosar/mcu/src/Mcu_RCM.o
 .debug_macro   0x000089a7       0x2e ./Autosar/mcu/src/Mcu_RCM.o
 .debug_macro   0x000089d5       0x35 ./Autosar/mcu/src/Mcu_RCM.o
 .debug_macro   0x00008a0a      0x275 ./Autosar/mcu/src/Mcu_RCM.o
 .debug_macro   0x00008c7f       0x50 ./Autosar/mcu/src/Mcu_RCM.o
 .debug_macro   0x00008ccf       0x50 ./Autosar/mcu/src/Mcu_RCM.o
 .debug_macro   0x00008d1f      0x161 ./Autosar/mcu/src/Mcu_SCG.o
 .debug_macro   0x00008e80       0x34 ./Autosar/mcu/src/Mcu_SCG.o
 .debug_macro   0x00008eb4       0x35 ./Autosar/mcu/src/Mcu_SCG.o
 .debug_macro   0x00008ee9      0x602 ./Autosar/mcu/src/Mcu_SCG.o
 .debug_macro   0x000094eb      0x153 ./Autosar/mcu/src/Mcu_SIM.o
 .debug_macro   0x0000963e       0x2e ./Autosar/mcu/src/Mcu_SIM.o
 .debug_macro   0x0000966c       0x35 ./Autosar/mcu/src/Mcu_SIM.o
 .debug_macro   0x000096a1      0x7d2 ./Autosar/mcu/src/Mcu_SIM.o
 .debug_macro   0x00009e73      0x18d ./Autosar/mcu/src/Mcu_SMC.o
 .debug_macro   0x0000a000       0x2e ./Autosar/mcu/src/Mcu_SMC.o
 .debug_macro   0x0000a02e       0x35 ./Autosar/mcu/src/Mcu_SMC.o
 .debug_macro   0x0000a063      0x1ce ./Autosar/output_EB/src/Gpt_PBcfg.o
 .debug_macro   0x0000a231      0x20a ./Autosar/output_EB/src/Mcu_PBcfg.o
 .debug_macro   0x0000a43b      0x27b ./Autosar/output_EB/src/Mcu_PBcfg.o
 .debug_macro   0x0000a6b6      0x7d8 ./Autosar/output_EB/src/Mcu_PBcfg.o
 .debug_macro   0x0000ae8e      0x10a ./Autosar/output_EB/src/Mcu_PBcfg.o
 .debug_macro   0x0000af98      0x187 ./Autosar/output_EB/src/Port_PBcfg.o
 .debug_macro   0x0000b11f       0x50 ./Autosar/output_EB/src/Port_PBcfg.o
 .debug_macro   0x0000b16f       0x50 ./Autosar/output_EB/src/Port_PBcfg.o
 .debug_macro   0x0000b1bf       0x9f ./Autosar/rte/src/SchM_Gpt.o
 .debug_macro   0x0000b25e       0xb5 ./Project_Settings/Startup_Code/startup.o
 .debug_macro   0x0000b313       0x22 ./Project_Settings/Startup_Code/startup.o
 .debug_macro   0x0000b335       0x87 ./Project_Settings/Startup_Code/startup.o
 .debug_macro   0x0000b3bc       0x51 ./Project_Settings/Startup_Code/startup.o
 .debug_macro   0x0000b40d       0xef ./Project_Settings/Startup_Code/startup.o
 .debug_macro   0x0000b4fc       0x6a ./Project_Settings/Startup_Code/startup.o
 .debug_macro   0x0000b566      0x1df ./Project_Settings/Startup_Code/startup.o
 .debug_macro   0x0000b745       0x10 ./Project_Settings/Startup_Code/startup.o
 .debug_macro   0x0000b755       0x7a ./Project_Settings/Startup_Code/startup.o
 .debug_macro   0x0000b7cf     0xed32 ./Project_Settings/Startup_Code/startup.o
 .debug_macro   0x0001a501      0xb86 ./Project_Settings/Startup_Code/startup.o
 .debug_macro   0x0001b087       0x22 ./Project_Settings/Startup_Code/startup.o
 .debug_macro   0x0001b0a9       0x40 ./Project_Settings/Startup_Code/startup.o
 .debug_macro   0x0001b0e9       0xb5 ./Project_Settings/Startup_Code/system_S32K144.o
 .debug_macro   0x0001b19e       0x19 ./Project_Settings/Startup_Code/system_S32K144.o
 .debug_macro   0x0001b1b7     0xed1d ./Project_Settings/Startup_Code/system_S32K144.o
 .debug_macro   0x00029ed4       0x28 ./Project_Settings/Startup_Code/system_S32K144.o
 .debug_macro   0x00029efc      0x3e0 ./src/main.o
 .debug_macro   0x0002a2dc      0x154 ./src/main.o
 .debug_macro   0x0002a430       0xab ./src/main.o
 .debug_macro   0x0002a4db       0x34 ./src/main.o
 .debug_macro   0x0002a50f       0x40 ./src/main.o

.debug_line     0x00000000     0x6862
 .debug_line    0x00000000      0x2ac ./Autosar/DIO/src/Dio.o
 .debug_line    0x000002ac      0x354 ./Autosar/DIO/src/Dio_Gpio.o
 .debug_line    0x00000600      0x330 ./Autosar/Port/src/Port.o
 .debug_line    0x00000930      0x44d ./Autosar/Port/src/Port_Port_Ci.o
 .debug_line    0x00000d7d      0x1c7 ./Autosar/det/src/Det.o
 .debug_line    0x00000f44      0x7f1 ./Autosar/gpt/src/Gpt.o
 .debug_line    0x00001735      0x490 ./Autosar/gpt/src/Gpt_Ipw.o
 .debug_line    0x00001bc5      0x421 ./Autosar/gpt/src/Gpt_LPit.o
 .debug_line    0x00001fe6      0x2e6 ./Autosar/mcl/src/LPit_Common.o
 .debug_line    0x000022cc      0x4d0 ./Autosar/mcu/src/Mcu.o
 .debug_line    0x0000279c      0x4e2 ./Autosar/mcu/src/Mcu_IPW.o
 .debug_line    0x00002c7e      0x2db ./Autosar/mcu/src/Mcu_PCC.o
 .debug_line    0x00002f59      0x399 ./Autosar/mcu/src/Mcu_PMC.o
 .debug_line    0x000032f2      0x34c ./Autosar/mcu/src/Mcu_RCM.o
 .debug_line    0x0000363e      0x5bb ./Autosar/mcu/src/Mcu_SCG.o
 .debug_line    0x00003bf9      0x2e1 ./Autosar/mcu/src/Mcu_SIM.o
 .debug_line    0x00003eda      0x35a ./Autosar/mcu/src/Mcu_SMC.o
 .debug_line    0x00004234      0x35e ./Autosar/output_EB/src/Gpt_PBcfg.o
 .debug_line    0x00004592      0x342 ./Autosar/output_EB/src/Mcu_PBcfg.o
 .debug_line    0x000048d4      0x237 ./Autosar/output_EB/src/Port_PBcfg.o
 .debug_line    0x00004b0b      0xdac ./Autosar/rte/src/SchM_Gpt.o
 .debug_line    0x000058b7      0x33f ./Project_Settings/Startup_Code/startup.o
 .debug_line    0x00005bf6       0x84 ./Project_Settings/Startup_Code/startup_S32K144.o
 .debug_line    0x00005c7a      0x35c ./Project_Settings/Startup_Code/system_S32K144.o
 .debug_line    0x00005fd6      0x88c ./src/main.o

.debug_str      0x00000000    0x94caa
 .debug_str     0x00000000     0x669c ./Autosar/DIO/src/Dio.o
                               0x684b (size before relaxing)
 .debug_str     0x0000669c     0x1ac6 ./Autosar/DIO/src/Dio_Gpio.o
                               0x7e63 (size before relaxing)
 .debug_str     0x00008162     0x62cb ./Autosar/Port/src/Port.o
                               0xb485 (size before relaxing)
 .debug_str     0x0000e42d      0x619 ./Autosar/Port/src/Port_Port_Ci.o
                               0xd005 (size before relaxing)
 .debug_str     0x0000ea46      0x130 ./Autosar/det/src/Det.o
                               0x442e (size before relaxing)
 .debug_str     0x0000eb76     0xc123 ./Autosar/gpt/src/Gpt.o
                              0x1163e (size before relaxing)
 .debug_str     0x0001ac99      0x575 ./Autosar/gpt/src/Gpt_Ipw.o
                              0x111d6 (size before relaxing)
 .debug_str     0x0001b20e      0xe09 ./Autosar/gpt/src/Gpt_LPit.o
                               0x8552 (size before relaxing)
 .debug_str     0x0001c017      0x1ba ./Autosar/mcl/src/LPit_Common.o
                               0x8517 (size before relaxing)
 .debug_str     0x0001c1d1     0x3a7d ./Autosar/mcu/src/Mcu.o
                               0x8e88 (size before relaxing)
 .debug_str     0x0001fc4e     0x63a4 ./Autosar/mcu/src/Mcu_IPW.o
                               0xe97c (size before relaxing)
 .debug_str     0x00025ff2      0x175 ./Autosar/mcu/src/Mcu_PCC.o
                               0x9c1d (size before relaxing)
 .debug_str     0x00026167      0x116 ./Autosar/mcu/src/Mcu_PMC.o
                               0xa044 (size before relaxing)
 .debug_str     0x0002627d     0x140e ./Autosar/mcu/src/Mcu_RCM.o
                               0x9a8e (size before relaxing)
 .debug_str     0x0002768b      0x3bc ./Autosar/mcu/src/Mcu_SCG.o
                               0xbb8d (size before relaxing)
 .debug_str     0x00027a47     0x3f01 ./Autosar/mcu/src/Mcu_SIM.o
                               0xc3b5 (size before relaxing)
 .debug_str     0x0002b948      0x8bb ./Autosar/mcu/src/Mcu_SMC.o
                               0x9793 (size before relaxing)
 .debug_str     0x0002c203      0x12d ./Autosar/output_EB/src/Gpt_PBcfg.o
                              0x10c72 (size before relaxing)
 .debug_str     0x0002c330      0x20e ./Autosar/output_EB/src/Mcu_PBcfg.o
                              0x1236a (size before relaxing)
 .debug_str     0x0002c53e      0x21c ./Autosar/output_EB/src/Port_PBcfg.o
                               0xabf9 (size before relaxing)
 .debug_str     0x0002c75a     0x1a1c ./Autosar/rte/src/SchM_Gpt.o
                               0x6044 (size before relaxing)
 .debug_str     0x0002e176    0x6624b ./Project_Settings/Startup_Code/startup.o
                              0x68ae9 (size before relaxing)
 .debug_str     0x000943c1       0x3f ./Project_Settings/Startup_Code/startup_S32K144.o
                                 0x89 (size before relaxing)
 .debug_str     0x00094400      0x1e7 ./Project_Settings/Startup_Code/system_S32K144.o
                              0x688c2 (size before relaxing)
 .debug_str     0x000945e7      0x6c3 ./src/main.o
                              0x1bb81 (size before relaxing)

.debug_frame    0x00000000     0x235c
 .debug_frame   0x00000000      0x10c ./Autosar/DIO/src/Dio.o
 .debug_frame   0x0000010c      0x128 ./Autosar/DIO/src/Dio_Gpio.o
 .debug_frame   0x00000234       0x98 ./Autosar/Port/src/Port.o
 .debug_frame   0x000002cc       0xf0 ./Autosar/Port/src/Port_Port_Ci.o
 .debug_frame   0x000003bc       0xd4 ./Autosar/det/src/Det.o
 .debug_frame   0x00000490      0x20c ./Autosar/gpt/src/Gpt.o
 .debug_frame   0x0000069c      0x10c ./Autosar/gpt/src/Gpt_Ipw.o
 .debug_frame   0x000007a8      0x13c ./Autosar/gpt/src/Gpt_LPit.o
 .debug_frame   0x000008e4       0x34 ./Autosar/mcl/src/LPit_Common.o
 .debug_frame   0x00000918      0x230 ./Autosar/mcu/src/Mcu.o
 .debug_frame   0x00000b48      0x19c ./Autosar/mcu/src/Mcu_IPW.o
 .debug_frame   0x00000ce4       0x38 ./Autosar/mcu/src/Mcu_PCC.o
 .debug_frame   0x00000d1c       0x38 ./Autosar/mcu/src/Mcu_PMC.o
 .debug_frame   0x00000d54       0xf8 ./Autosar/mcu/src/Mcu_RCM.o
 .debug_frame   0x00000e4c      0x278 ./Autosar/mcu/src/Mcu_SCG.o
 .debug_frame   0x000010c4       0x60 ./Autosar/mcu/src/Mcu_SIM.o
 .debug_frame   0x00001124       0x60 ./Autosar/mcu/src/Mcu_SMC.o
 .debug_frame   0x00001184      0xf70 ./Autosar/rte/src/SchM_Gpt.o
 .debug_frame   0x000020f4       0x38 ./Project_Settings/Startup_Code/startup.o
 .debug_frame   0x0000212c       0x80 ./Project_Settings/Startup_Code/system_S32K144.o
 .debug_frame   0x000021ac       0x48 ./src/main.o
 .debug_frame   0x000021f4       0x28 C:/NXP/S32DS_ARM_v2.2/S32DS/build_tools/gcc_v6.3/gcc-6.3-arm32-eabi/arm-none-eabi/newlib/lib/thumb/v7e-m\libc.a(lib_a-exit.o)
 .debug_frame   0x0000221c       0x2c C:/NXP/S32DS_ARM_v2.2/S32DS/build_tools/gcc_v6.3/gcc-6.3-arm32-eabi/arm-none-eabi/newlib/lib/thumb/v7e-m\libc.a(lib_a-init.o)
 .debug_frame   0x00002248       0x20 C:/NXP/S32DS_ARM_v2.2/S32DS/build_tools/gcc_v6.3/gcc-6.3-arm32-eabi/arm-none-eabi/newlib/lib/thumb/v7e-m\libc.a(lib_a-memset.o)
 .debug_frame   0x00002268       0x4c C:/NXP/S32DS_ARM_v2.2/S32DS/build_tools/gcc_v6.3/gcc-6.3-arm32-eabi/arm-none-eabi/newlib/lib/thumb/v7e-m\libc.a(lib_a-__call_atexit.o)
 .debug_frame   0x000022b4       0x38 C:/NXP/S32DS_ARM_v2.2/S32DS/build_tools/gcc_v6.3/gcc-6.3-arm32-eabi/arm-none-eabi/newlib/lib/thumb/v7e-m\libc.a(lib_a-fini.o)
 .debug_frame   0x000022ec       0x20 C:/NXP/S32DS_ARM_v2.2/S32DS/build_tools/gcc_v6.3/gcc-6.3-arm32-eabi/arm-none-eabi/newlib/lib/thumb/v7e-m\libc.a(lib_a-atexit.o)
 .debug_frame   0x0000230c       0x30 C:/NXP/S32DS_ARM_v2.2/S32DS/build_tools/gcc_v6.3/gcc-6.3-arm32-eabi/arm-none-eabi/newlib/lib/thumb/v7e-m\libc.a(lib_a-__atexit.o)
 .debug_frame   0x0000233c       0x20 C:/NXP/S32DS_ARM_v2.2/S32DS/build_tools/gcc_v6.3/gcc-6.3-arm32-eabi/arm-none-eabi/newlib/lib/thumb/v7e-m\libnosys.a(_exit.o)
